Archive member included to satisfy reference by file (symbol)

../../libtock-c/libtock/build/cortex-m0/libtock.a(crt0.o)
                              (_start)
../../libtock-c/libtock/build/cortex-m0/libtock.a(tock.o)
                              ../../libtock-c/libtock/build/cortex-m0/libtock.a(crt0.o) (yield)
../drivers/build/cortex-m0/drivers.a(example_driver.o)
                              build/cortex-m0/main.o (example_driver_action)
../../libtock-c/libc++/cortex-m/libgcc.a(_thumb1_case_uqi.o)
                              ../../libtock-c/libtock/build/cortex-m0/libtock.a(tock.o) (__gnu_thumb1_case_uqi)
../../libtock-c/newlib/cortex-m/v6-m/libc.a(lib_a-exit.o)
                              ../../libtock-c/libtock/build/cortex-m0/libtock.a(tock.o) (exit)
../../libtock-c/newlib/cortex-m/v6-m/libc.a(lib_a-impure.o)
                              ../../libtock-c/newlib/cortex-m/v6-m/libc.a(lib_a-exit.o) (_global_impure_ptr)
../../libtock-c/newlib/cortex-m/v6-m/libc.a(lib_a-memcpy-stub.o)
                              ../../libtock-c/libtock/build/cortex-m0/libtock.a(crt0.o) (memcpy)
../../libtock-c/newlib/cortex-m/v6-m/libc.a(lib_a-memset.o)
                              ../../libtock-c/libtock/build/cortex-m0/libtock.a(crt0.o) (memset)
../../libtock-c/newlib/cortex-m/v6-m/libc.a(lib_a-printf.o)
                              ../../libtock-c/libtock/build/cortex-m0/libtock.a(tock.o) (printf)
../../libtock-c/newlib/cortex-m/v6-m/libc.a(lib_a-puts.o)
                              build/cortex-m0/main.o (puts)
../../libtock-c/newlib/cortex-m/v6-m/libc.a(lib_a-wbuf.o)
                              ../../libtock-c/newlib/cortex-m/v6-m/libc.a(lib_a-puts.o) (__swbuf_r)
../../libtock-c/newlib/cortex-m/v6-m/libc.a(lib_a-wsetup.o)
                              ../../libtock-c/newlib/cortex-m/v6-m/libc.a(lib_a-puts.o) (__swsetup_r)
../../libtock-c/newlib/cortex-m/v6-m/libc.a(lib_a-fflush.o)
                              ../../libtock-c/newlib/cortex-m/v6-m/libc.a(lib_a-wbuf.o) (_fflush_r)
../../libtock-c/newlib/cortex-m/v6-m/libc.a(lib_a-findfp.o)
                              ../../libtock-c/newlib/cortex-m/v6-m/libc.a(lib_a-printf.o) (__sinit)
../../libtock-c/newlib/cortex-m/v6-m/libc.a(lib_a-fwalk.o)
                              ../../libtock-c/newlib/cortex-m/v6-m/libc.a(lib_a-findfp.o) (_fwalk)
../../libtock-c/newlib/cortex-m/v6-m/libc.a(lib_a-makebuf.o)
                              ../../libtock-c/newlib/cortex-m/v6-m/libc.a(lib_a-wsetup.o) (__smakebuf_r)
../../libtock-c/newlib/cortex-m/v6-m/libc.a(lib_a-nano-freer.o)
                              ../../libtock-c/newlib/cortex-m/v6-m/libc.a(lib_a-wsetup.o) (_free_r)
../../libtock-c/newlib/cortex-m/v6-m/libc.a(lib_a-nano-mallocr.o)
                              ../../libtock-c/newlib/cortex-m/v6-m/libc.a(lib_a-findfp.o) (_malloc_r)
../../libtock-c/newlib/cortex-m/v6-m/libc.a(lib_a-nano-vfprintf.o)
                              ../../libtock-c/newlib/cortex-m/v6-m/libc.a(lib_a-printf.o) (_vfprintf_r)
../../libtock-c/newlib/cortex-m/v6-m/libc.a(lib_a-nano-vfprintf_i.o)
                              ../../libtock-c/newlib/cortex-m/v6-m/libc.a(lib_a-nano-vfprintf.o) (_printf_i)
../../libtock-c/newlib/cortex-m/v6-m/libc.a(lib_a-sbrkr.o)
                              ../../libtock-c/newlib/cortex-m/v6-m/libc.a(lib_a-nano-mallocr.o) (_sbrk_r)
../../libtock-c/newlib/cortex-m/v6-m/libc.a(lib_a-stdio.o)
                              ../../libtock-c/newlib/cortex-m/v6-m/libc.a(lib_a-findfp.o) (__sread)
../../libtock-c/newlib/cortex-m/v6-m/libc.a(lib_a-writer.o)
                              ../../libtock-c/newlib/cortex-m/v6-m/libc.a(lib_a-stdio.o) (_write_r)
../../libtock-c/newlib/cortex-m/v6-m/libc.a(lib_a-closer.o)
                              ../../libtock-c/newlib/cortex-m/v6-m/libc.a(lib_a-stdio.o) (_close_r)
../../libtock-c/newlib/cortex-m/v6-m/libc.a(lib_a-fstatr.o)
                              ../../libtock-c/newlib/cortex-m/v6-m/libc.a(lib_a-makebuf.o) (_fstat_r)
../../libtock-c/newlib/cortex-m/v6-m/libc.a(lib_a-fvwrite.o)
                              ../../libtock-c/newlib/cortex-m/v6-m/libc.a(lib_a-nano-vfprintf.o) (__sfvwrite_r)
../../libtock-c/newlib/cortex-m/v6-m/libc.a(lib_a-isattyr.o)
                              ../../libtock-c/newlib/cortex-m/v6-m/libc.a(lib_a-makebuf.o) (_isatty_r)
../../libtock-c/newlib/cortex-m/v6-m/libc.a(lib_a-lseekr.o)
                              ../../libtock-c/newlib/cortex-m/v6-m/libc.a(lib_a-stdio.o) (_lseek_r)
../../libtock-c/newlib/cortex-m/v6-m/libc.a(lib_a-memchr-stub.o)
                              ../../libtock-c/newlib/cortex-m/v6-m/libc.a(lib_a-nano-vfprintf.o) (memchr)
../../libtock-c/newlib/cortex-m/v6-m/libc.a(lib_a-memmove.o)
                              ../../libtock-c/newlib/cortex-m/v6-m/libc.a(lib_a-fvwrite.o) (memmove)
../../libtock-c/newlib/cortex-m/v6-m/libc.a(lib_a-mlock.o)
                              ../../libtock-c/newlib/cortex-m/v6-m/libc.a(lib_a-nano-freer.o) (__malloc_lock)
../../libtock-c/newlib/cortex-m/v6-m/libc.a(lib_a-nano-reallocr.o)
                              ../../libtock-c/newlib/cortex-m/v6-m/libc.a(lib_a-fvwrite.o) (_realloc_r)
../../libtock-c/newlib/cortex-m/v6-m/libc.a(lib_a-readr.o)
                              ../../libtock-c/newlib/cortex-m/v6-m/libc.a(lib_a-stdio.o) (_read_r)
../../libtock-c/newlib/cortex-m/v6-m/libc.a(lib_a-reent.o)
                              ../../libtock-c/newlib/cortex-m/v6-m/libc.a(lib_a-sbrkr.o) (errno)
../../libtock-c/newlib/cortex-m/v6-m/libc.a(lib_a-nano-msizer.o)
                              ../../libtock-c/newlib/cortex-m/v6-m/libc.a(lib_a-nano-reallocr.o) (_malloc_usable_size_r)
../../libtock-c/libtock/build/cortex-m0/libtock.a(sys.o)
                              ../../libtock-c/newlib/cortex-m/v6-m/libc.a(lib_a-isattyr.o) (_isatty)
../../libtock-c/libtock/build/cortex-m0/libtock.a(console.o)
                              ../../libtock-c/libtock/build/cortex-m0/libtock.a(sys.o) (putnstr)
../../libtock-c/libc++/cortex-m/libgcc.a(_thumb1_case_shi.o)
                              ../../libtock-c/newlib/cortex-m/v6-m/libc.a(lib_a-nano-vfprintf_i.o) (__gnu_thumb1_case_shi)
../../libtock-c/libc++/cortex-m/libgcc.a(_udivsi3.o)
                              ../../libtock-c/newlib/cortex-m/v6-m/libc.a(lib_a-nano-vfprintf_i.o) (__aeabi_uidivmod)
../../libtock-c/libc++/cortex-m/libgcc.a(_divsi3.o)
                              ../../libtock-c/newlib/cortex-m/v6-m/libc.a(lib_a-fvwrite.o) (__aeabi_idiv)
../../libtock-c/libc++/cortex-m/libgcc.a(_dvmd_tls.o)
                              ../../libtock-c/libc++/cortex-m/libgcc.a(_udivsi3.o) (__aeabi_idiv0)
../../libtock-c/newlib/cortex-m/v6-m/libc.a(lib_a-errno.o)
                              ../../libtock-c/libtock/build/cortex-m0/libtock.a(sys.o) (__errno)
../../libtock-c/newlib/cortex-m/v6-m/libc.a(lib_a-malloc.o)
                              ../../libtock-c/libtock/build/cortex-m0/libtock.a(console.o) (malloc)
../../libtock-c/newlib/cortex-m/v6-m/libc.a(lib_a-strncpy.o)
                              ../../libtock-c/libtock/build/cortex-m0/libtock.a(console.o) (strncpy)

Allocating common symbols
Common symbol       size              file

errno               0x4               ../../libtock-c/newlib/cortex-m/v6-m/libc.a(lib_a-reent.o)

Discarded input sections

 .text          0x0000000000000000        0x0 build/cortex-m0/main.o
 .text          0x0000000000000000        0x0 ../../libtock-c/libtock/build/cortex-m0/libtock.a(crt0.o)
 .text._c_start_nopic
                0x0000000000000000       0x38 ../../libtock-c/libtock/build/cortex-m0/libtock.a(crt0.o)
 .text          0x0000000000000000        0x0 ../../libtock-c/libtock/build/cortex-m0/libtock.a(tock.o)
 .text.tock_enqueue
                0x0000000000000000       0x6c ../../libtock-c/libtock/build/cortex-m0/libtock.a(tock.o)
 .text.tock_command_return_u32_to_returncode
                0x0000000000000000       0x28 ../../libtock-c/libtock/build/cortex-m0/libtock.a(tock.o)
 .text.tock_subscribe_return_to_returncode
                0x0000000000000000       0x1a ../../libtock-c/libtock/build/cortex-m0/libtock.a(tock.o)
 .text.tock_allow_rw_return_to_returncode
                0x0000000000000000       0x1a ../../libtock-c/libtock/build/cortex-m0/libtock.a(tock.o)
 .text.tock_allow_ro_return_to_returncode
                0x0000000000000000       0x1a ../../libtock-c/libtock/build/cortex-m0/libtock.a(tock.o)
 .text.yield_no_wait
                0x0000000000000000       0x1c ../../libtock-c/libtock/build/cortex-m0/libtock.a(tock.o)
 .text.tock_exit
                0x0000000000000000        0x6 ../../libtock-c/libtock/build/cortex-m0/libtock.a(tock.o)
 .text.tock_restart
                0x0000000000000000        0x6 ../../libtock-c/libtock/build/cortex-m0/libtock.a(tock.o)
 .text.allow_readwrite
                0x0000000000000000       0x38 ../../libtock-c/libtock/build/cortex-m0/libtock.a(tock.o)
 .text.tock_app_memory_begins_at
                0x0000000000000000       0x1c ../../libtock-c/libtock/build/cortex-m0/libtock.a(tock.o)
 .text.tock_app_memory_ends_at
                0x0000000000000000       0x1c ../../libtock-c/libtock/build/cortex-m0/libtock.a(tock.o)
 .text.tock_app_flash_begins_at
                0x0000000000000000       0x1c ../../libtock-c/libtock/build/cortex-m0/libtock.a(tock.o)
 .text.tock_app_flash_ends_at
                0x0000000000000000       0x1c ../../libtock-c/libtock/build/cortex-m0/libtock.a(tock.o)
 .text.tock_app_grant_begins_at
                0x0000000000000000       0x1c ../../libtock-c/libtock/build/cortex-m0/libtock.a(tock.o)
 .text.tock_app_number_writeable_flash_regions
                0x0000000000000000       0x1c ../../libtock-c/libtock/build/cortex-m0/libtock.a(tock.o)
 .text.tock_app_writeable_flash_region_begins_at
                0x0000000000000000       0x1c ../../libtock-c/libtock/build/cortex-m0/libtock.a(tock.o)
 .text.tock_app_writeable_flash_region_ends_at
                0x0000000000000000       0x1c ../../libtock-c/libtock/build/cortex-m0/libtock.a(tock.o)
 .text.driver_exists
                0x0000000000000000       0x1c ../../libtock-c/libtock/build/cortex-m0/libtock.a(tock.o)
 .rodata.tock_strrcode.str1.1
                0x0000000000000000      0x1c8 ../../libtock-c/libtock/build/cortex-m0/libtock.a(tock.o)
 .text.tock_strrcode
                0x0000000000000000       0xb4 ../../libtock-c/libtock/build/cortex-m0/libtock.a(tock.o)
 .text.tock_strerr
                0x0000000000000000        0xe ../../libtock-c/libtock/build/cortex-m0/libtock.a(tock.o)
 .rodata.tock_expect.str1.1
                0x0000000000000000       0x65 ../../libtock-c/libtock/build/cortex-m0/libtock.a(tock.o)
 .text.tock_expect
                0x0000000000000000       0x54 ../../libtock-c/libtock/build/cortex-m0/libtock.a(tock.o)
 .text          0x0000000000000000        0x0 ../drivers/build/cortex-m0/drivers.a(example_driver.o)
 .text          0x0000000000000000       0x14 ../../libtock-c/libc++/cortex-m/libgcc.a(_thumb1_case_uqi.o)
 .text          0x0000000000000000        0x0 ../../libtock-c/newlib/cortex-m/v6-m/libc.a(lib_a-exit.o)
 .text          0x0000000000000000        0x0 ../../libtock-c/newlib/cortex-m/v6-m/libc.a(lib_a-impure.o)
 .text          0x0000000000000000        0x0 ../../libtock-c/newlib/cortex-m/v6-m/libc.a(lib_a-memcpy-stub.o)
 .text          0x0000000000000000        0x0 ../../libtock-c/newlib/cortex-m/v6-m/libc.a(lib_a-memset.o)
 .text          0x0000000000000000        0x0 ../../libtock-c/newlib/cortex-m/v6-m/libc.a(lib_a-printf.o)
 .text._printf_r
                0x0000000000000000       0x2c ../../libtock-c/newlib/cortex-m/v6-m/libc.a(lib_a-printf.o)
 .text.printf   0x0000000000000000       0x44 ../../libtock-c/newlib/cortex-m/v6-m/libc.a(lib_a-printf.o)
 .text          0x0000000000000000        0x0 ../../libtock-c/newlib/cortex-m/v6-m/libc.a(lib_a-puts.o)
 .text          0x0000000000000000        0x0 ../../libtock-c/newlib/cortex-m/v6-m/libc.a(lib_a-wbuf.o)
 .text.__swbuf  0x0000000000000000       0x20 ../../libtock-c/newlib/cortex-m/v6-m/libc.a(lib_a-wbuf.o)
 .text          0x0000000000000000        0x0 ../../libtock-c/newlib/cortex-m/v6-m/libc.a(lib_a-wsetup.o)
 .text          0x0000000000000000        0x0 ../../libtock-c/newlib/cortex-m/v6-m/libc.a(lib_a-fflush.o)
 .text.fflush   0x0000000000000000       0x38 ../../libtock-c/newlib/cortex-m/v6-m/libc.a(lib_a-fflush.o)
 .text          0x0000000000000000        0x0 ../../libtock-c/newlib/cortex-m/v6-m/libc.a(lib_a-findfp.o)
 .text.__fp_lock
                0x0000000000000000        0x4 ../../libtock-c/newlib/cortex-m/v6-m/libc.a(lib_a-findfp.o)
 .text.__fp_unlock
                0x0000000000000000        0x4 ../../libtock-c/newlib/cortex-m/v6-m/libc.a(lib_a-findfp.o)
 .text._cleanup
                0x0000000000000000       0x18 ../../libtock-c/newlib/cortex-m/v6-m/libc.a(lib_a-findfp.o)
 .text.__fp_lock_all
                0x0000000000000000       0x28 ../../libtock-c/newlib/cortex-m/v6-m/libc.a(lib_a-findfp.o)
 .text.__fp_unlock_all
                0x0000000000000000       0x24 ../../libtock-c/newlib/cortex-m/v6-m/libc.a(lib_a-findfp.o)
 .text          0x0000000000000000        0x0 ../../libtock-c/newlib/cortex-m/v6-m/libc.a(lib_a-fwalk.o)
 .text._fwalk   0x0000000000000000       0x38 ../../libtock-c/newlib/cortex-m/v6-m/libc.a(lib_a-fwalk.o)
 .text          0x0000000000000000        0x0 ../../libtock-c/newlib/cortex-m/v6-m/libc.a(lib_a-makebuf.o)
 .text          0x0000000000000000        0x0 ../../libtock-c/newlib/cortex-m/v6-m/libc.a(lib_a-nano-freer.o)
 .text          0x0000000000000000        0x0 ../../libtock-c/newlib/cortex-m/v6-m/libc.a(lib_a-nano-mallocr.o)
 .text          0x0000000000000000        0x0 ../../libtock-c/newlib/cortex-m/v6-m/libc.a(lib_a-nano-vfprintf.o)
 .text.__sfputc_r
                0x0000000000000000       0x2a ../../libtock-c/newlib/cortex-m/v6-m/libc.a(lib_a-nano-vfprintf.o)
 .text.__sfputs_r
                0x0000000000000000       0x24 ../../libtock-c/newlib/cortex-m/v6-m/libc.a(lib_a-nano-vfprintf.o)
 .text.__sprint_r
                0x0000000000000000       0x1c ../../libtock-c/newlib/cortex-m/v6-m/libc.a(lib_a-nano-vfprintf.o)
 .rodata._vfprintf_r.str1.1
                0x0000000000000000       0x11 ../../libtock-c/newlib/cortex-m/v6-m/libc.a(lib_a-nano-vfprintf.o)
 .text._vfprintf_r
                0x0000000000000000      0x27c ../../libtock-c/newlib/cortex-m/v6-m/libc.a(lib_a-nano-vfprintf.o)
 .text.vfprintf
                0x0000000000000000       0x24 ../../libtock-c/newlib/cortex-m/v6-m/libc.a(lib_a-nano-vfprintf.o)
 .text          0x0000000000000000        0x0 ../../libtock-c/newlib/cortex-m/v6-m/libc.a(lib_a-nano-vfprintf_i.o)
 .text._printf_common
                0x0000000000000000       0xe0 ../../libtock-c/newlib/cortex-m/v6-m/libc.a(lib_a-nano-vfprintf_i.o)
 .rodata._printf_i.str1.1
                0x0000000000000000       0x22 ../../libtock-c/newlib/cortex-m/v6-m/libc.a(lib_a-nano-vfprintf_i.o)
 .text._printf_i
                0x0000000000000000      0x234 ../../libtock-c/newlib/cortex-m/v6-m/libc.a(lib_a-nano-vfprintf_i.o)
 .text          0x0000000000000000        0x0 ../../libtock-c/newlib/cortex-m/v6-m/libc.a(lib_a-sbrkr.o)
 .text          0x0000000000000000        0x0 ../../libtock-c/newlib/cortex-m/v6-m/libc.a(lib_a-stdio.o)
 .text.__seofread
                0x0000000000000000        0x4 ../../libtock-c/newlib/cortex-m/v6-m/libc.a(lib_a-stdio.o)
 .text          0x0000000000000000        0x0 ../../libtock-c/newlib/cortex-m/v6-m/libc.a(lib_a-writer.o)
 .text          0x0000000000000000        0x0 ../../libtock-c/newlib/cortex-m/v6-m/libc.a(lib_a-closer.o)
 .text          0x0000000000000000        0x0 ../../libtock-c/newlib/cortex-m/v6-m/libc.a(lib_a-fstatr.o)
 .text          0x0000000000000000        0x0 ../../libtock-c/newlib/cortex-m/v6-m/libc.a(lib_a-fvwrite.o)
 .text.__sfvwrite_r
                0x0000000000000000      0x2cc ../../libtock-c/newlib/cortex-m/v6-m/libc.a(lib_a-fvwrite.o)
 .text          0x0000000000000000        0x0 ../../libtock-c/newlib/cortex-m/v6-m/libc.a(lib_a-isattyr.o)
 .text          0x0000000000000000        0x0 ../../libtock-c/newlib/cortex-m/v6-m/libc.a(lib_a-lseekr.o)
 .text          0x0000000000000000        0x0 ../../libtock-c/newlib/cortex-m/v6-m/libc.a(lib_a-memchr-stub.o)
 .text.memchr   0x0000000000000000       0x16 ../../libtock-c/newlib/cortex-m/v6-m/libc.a(lib_a-memchr-stub.o)
 .text          0x0000000000000000        0x0 ../../libtock-c/newlib/cortex-m/v6-m/libc.a(lib_a-memmove.o)
 .text.memmove  0x0000000000000000       0x26 ../../libtock-c/newlib/cortex-m/v6-m/libc.a(lib_a-memmove.o)
 .text          0x0000000000000000        0x0 ../../libtock-c/newlib/cortex-m/v6-m/libc.a(lib_a-mlock.o)
 .text          0x0000000000000000        0x0 ../../libtock-c/newlib/cortex-m/v6-m/libc.a(lib_a-nano-reallocr.o)
 .text._realloc_r
                0x0000000000000000       0x60 ../../libtock-c/newlib/cortex-m/v6-m/libc.a(lib_a-nano-reallocr.o)
 .text          0x0000000000000000        0x0 ../../libtock-c/newlib/cortex-m/v6-m/libc.a(lib_a-readr.o)
 .text          0x0000000000000000        0x0 ../../libtock-c/newlib/cortex-m/v6-m/libc.a(lib_a-reent.o)
 .text.cleanup_glue
                0x0000000000000000       0x1a ../../libtock-c/newlib/cortex-m/v6-m/libc.a(lib_a-reent.o)
 .text._reclaim_reent
                0x0000000000000000       0xd8 ../../libtock-c/newlib/cortex-m/v6-m/libc.a(lib_a-reent.o)
 .text          0x0000000000000000        0x0 ../../libtock-c/newlib/cortex-m/v6-m/libc.a(lib_a-nano-msizer.o)
 .text._malloc_usable_size_r
                0x0000000000000000       0x10 ../../libtock-c/newlib/cortex-m/v6-m/libc.a(lib_a-nano-msizer.o)
 .text          0x0000000000000000        0x0 ../../libtock-c/libtock/build/cortex-m0/libtock.a(sys.o)
 .text._unlink  0x0000000000000000        0x6 ../../libtock-c/libtock/build/cortex-m0/libtock.a(sys.o)
 .text._open    0x0000000000000000        0xa ../../libtock-c/libtock/build/cortex-m0/libtock.a(sys.o)
 .text._getpid  0x0000000000000000        0x4 ../../libtock-c/libtock/build/cortex-m0/libtock.a(sys.o)
 .text._kill    0x0000000000000000        0x6 ../../libtock-c/libtock/build/cortex-m0/libtock.a(sys.o)
 .text          0x0000000000000000        0x0 ../../libtock-c/libtock/build/cortex-m0/libtock.a(console.o)
 .text.getnstr_upcall
                0x0000000000000000       0x1c ../../libtock-c/libtock/build/cortex-m0/libtock.a(console.o)
 .text.getnstr_async
                0x0000000000000000       0x60 ../../libtock-c/libtock/build/cortex-m0/libtock.a(console.o)
 .text.getnstr  0x0000000000000000       0x40 ../../libtock-c/libtock/build/cortex-m0/libtock.a(console.o)
 .text.getch    0x0000000000000000       0x1c ../../libtock-c/libtock/build/cortex-m0/libtock.a(console.o)
 .text.getnstr_abort
                0x0000000000000000       0x24 ../../libtock-c/libtock/build/cortex-m0/libtock.a(console.o)
 .text          0x0000000000000000       0x14 ../../libtock-c/libc++/cortex-m/libgcc.a(_thumb1_case_shi.o)
 .text          0x0000000000000000       0x8c ../../libtock-c/libc++/cortex-m/libgcc.a(_udivsi3.o)
 .text          0x0000000000000000       0xa8 ../../libtock-c/libc++/cortex-m/libgcc.a(_divsi3.o)
 .text          0x0000000000000000        0x4 ../../libtock-c/libc++/cortex-m/libgcc.a(_dvmd_tls.o)
 .text          0x0000000000000000        0x0 ../../libtock-c/newlib/cortex-m/v6-m/libc.a(lib_a-errno.o)
 .text          0x0000000000000000        0x0 ../../libtock-c/newlib/cortex-m/v6-m/libc.a(lib_a-malloc.o)
 .text          0x0000000000000000        0x0 ../../libtock-c/newlib/cortex-m/v6-m/libc.a(lib_a-strncpy.o)

Memory Configuration

Name             Origin             Length             Attributes
FLASH            0x0000000080000000 0x0000000000070000 xr
SRAM             0x0000000000000000 0x0000000000010000 xrw
*default*        0x0000000000000000 0xffffffffffffffff

Linker script and memory map

                0x0000000000000800                STACK_SIZE = 0x800
                0x0000000000000400                APP_HEAP_SIZE = 0x400
                0x0000000000000400                KERNEL_HEAP_SIZE = 0x400
START GROUP
LOAD build/cortex-m0/main.o
LOAD ../../libtock-c/libtock/build/cortex-m0/libtock.a
LOAD ../drivers/build/cortex-m0/drivers.a
LOAD ../../libtock-c/libc++/cortex-m/libstdc++.a
LOAD ../../libtock-c/libc++/cortex-m/libsupc++.a
LOAD ../../libtock-c/libc++/cortex-m/libgcc.a
LOAD ../../libtock-c/newlib/cortex-m/v6-m/libc.a
LOAD ../../libtock-c/newlib/cortex-m/v6-m/libm.a
END GROUP
                0x0000000000070000                PROG_LENGTH = 0x70000
                0x0000000000010000                RAM_LENGTH = 0x10000

.crt0_header    0x0000000080000000       0x28
                0x0000000080000000        0x4 LONG 0xfd4 (LOADADDR (.got) - ORIGIN (FLASH))
                0x0000000080000004        0x4 LONG 0x800 (_got - ORIGIN (SRAM))
                0x0000000080000008        0x4 LONG 0x64 SIZEOF (.got)
                0x000000008000000c        0x4 LONG 0x1038 (LOADADDR (.data) - ORIGIN (FLASH))
                0x0000000080000010        0x4 LONG 0x864 (_data - ORIGIN (SRAM))
                0x0000000080000014        0x4 LONG 0x70 SIZEOF (.data)
                0x0000000080000018        0x4 LONG 0x8d4 (_bss - ORIGIN (SRAM))
                0x000000008000001c        0x4 LONG 0x160 SIZEOF (.bss)
                0x0000000080000020        0x4 LONG 0x10a8 (LOADADDR (.endflash) - ORIGIN (FLASH))
                0x0000000080000024        0x4 LONG 0x800 STACK_SIZE

.wfr.app_state  0x0000000080000028        0x0
 *(.app_state)
                0x0000000080000028                . = ALIGN (0x4)

.text           0x0000000080000028      0xfac
                0x0000000080000028                . = ALIGN (0x4)
                0x0000000080000028                _text = .
 *(.start)
 .start         0x0000000080000028       0x40 ../../libtock-c/libtock/build/cortex-m0/libtock.a(crt0.o)
                0x0000000080000028                _start
 *(.text*)
 .text.startup.main
                0x0000000080000068       0x20 build/cortex-m0/main.o
                0x0000000080000068                main
 .text._c_start_pic
                0x0000000080000088       0x86 ../../libtock-c/libtock/build/cortex-m0/libtock.a(crt0.o)
                0x0000000080000088                _c_start_pic
 *fill*         0x000000008000010e        0x2 ff
 .text.__yield_check_tasks
                0x0000000080000110       0x5c ../../libtock-c/libtock/build/cortex-m0/libtock.a(tock.o)
 .text.tock_status_to_returncode
                0x000000008000016c        0x4 ../../libtock-c/libtock/build/cortex-m0/libtock.a(tock.o)
                0x000000008000016c                tock_status_to_returncode
 .text.tock_command_return_novalue_to_returncode
                0x0000000080000170       0x28 ../../libtock-c/libtock/build/cortex-m0/libtock.a(tock.o)
                0x0000000080000170                tock_command_return_novalue_to_returncode
 .text.yield    0x0000000080000198       0x10 ../../libtock-c/libtock/build/cortex-m0/libtock.a(tock.o)
                0x0000000080000198                yield
 .text.yield_for
                0x00000000800001a8       0x12 ../../libtock-c/libtock/build/cortex-m0/libtock.a(tock.o)
                0x00000000800001a8                yield_for
 .text.subscribe
                0x00000000800001ba       0x3a ../../libtock-c/libtock/build/cortex-m0/libtock.a(tock.o)
                0x00000000800001ba                subscribe
 .text.command  0x00000000800001f4       0x1a ../../libtock-c/libtock/build/cortex-m0/libtock.a(tock.o)
                0x00000000800001f4                command
 .text.allow_readonly
                0x000000008000020e       0x3a ../../libtock-c/libtock/build/cortex-m0/libtock.a(tock.o)
                0x000000008000020e                allow_readonly
 .text.memop    0x0000000080000248       0x34 ../../libtock-c/libtock/build/cortex-m0/libtock.a(tock.o)
                0x0000000080000248                memop
 .text.example_driver_action
                0x000000008000027c        0x2 ../drivers/build/cortex-m0/drivers.a(example_driver.o)
                0x000000008000027c                example_driver_action
 *fill*         0x000000008000027e        0x2 ff
 .text.exit     0x0000000080000280       0x34 ../../libtock-c/newlib/cortex-m/v6-m/libc.a(lib_a-exit.o)
                0x0000000080000280                exit
 .text.memcpy   0x00000000800002b4       0x12 ../../libtock-c/newlib/cortex-m/v6-m/libc.a(lib_a-memcpy-stub.o)
                0x00000000800002b4                memcpy
 .text.memset   0x00000000800002c6       0x10 ../../libtock-c/newlib/cortex-m/v6-m/libc.a(lib_a-memset.o)
                0x00000000800002c6                memset
 *fill*         0x00000000800002d6        0x2 ff
 .text._puts_r  0x00000000800002d8       0xd0 ../../libtock-c/newlib/cortex-m/v6-m/libc.a(lib_a-puts.o)
                0x00000000800002d8                _puts_r
 .text.puts     0x00000000800003a8       0x1c ../../libtock-c/newlib/cortex-m/v6-m/libc.a(lib_a-puts.o)
                0x00000000800003a8                puts
 .text.__swbuf_r
                0x00000000800003c4       0xbc ../../libtock-c/newlib/cortex-m/v6-m/libc.a(lib_a-wbuf.o)
                0x00000000800003c4                __swbuf_r
 .text.__swsetup_r
                0x0000000080000480      0x104 ../../libtock-c/newlib/cortex-m/v6-m/libc.a(lib_a-wsetup.o)
                0x0000000080000480                __swsetup_r
 .text.__sflush_r
                0x0000000080000584      0x120 ../../libtock-c/newlib/cortex-m/v6-m/libc.a(lib_a-fflush.o)
                0x0000000080000584                __sflush_r
 .text._fflush_r
                0x00000000800006a4       0x68 ../../libtock-c/newlib/cortex-m/v6-m/libc.a(lib_a-fflush.o)
                0x00000000800006a4                _fflush_r
 .text.std      0x000000008000070c       0x58 ../../libtock-c/newlib/cortex-m/v6-m/libc.a(lib_a-findfp.o)
 .text._cleanup_r
                0x0000000080000764       0x18 ../../libtock-c/newlib/cortex-m/v6-m/libc.a(lib_a-findfp.o)
                0x0000000080000764                _cleanup_r
 .text.__sfmoreglue
                0x000000008000077c       0x2c ../../libtock-c/newlib/cortex-m/v6-m/libc.a(lib_a-findfp.o)
                0x000000008000077c                __sfmoreglue
 .text.__sfp_lock_acquire
                0x00000000800007a8        0x2 ../../libtock-c/newlib/cortex-m/v6-m/libc.a(lib_a-findfp.o)
                0x00000000800007a8                __sfp_lock_acquire
 .text.__sfp_lock_release
                0x00000000800007aa        0x2 ../../libtock-c/newlib/cortex-m/v6-m/libc.a(lib_a-findfp.o)
                0x00000000800007aa                __sfp_lock_release
 .text.__sinit_lock_acquire
                0x00000000800007ac        0x2 ../../libtock-c/newlib/cortex-m/v6-m/libc.a(lib_a-findfp.o)
                0x00000000800007ac                __sinit_lock_acquire
 .text.__sinit_lock_release
                0x00000000800007ae        0x2 ../../libtock-c/newlib/cortex-m/v6-m/libc.a(lib_a-findfp.o)
                0x00000000800007ae                __sinit_lock_release
 .text.__sinit  0x00000000800007b0       0x7c ../../libtock-c/newlib/cortex-m/v6-m/libc.a(lib_a-findfp.o)
                0x00000000800007b0                __sinit
 .text.__sfp    0x000000008000082c       0x94 ../../libtock-c/newlib/cortex-m/v6-m/libc.a(lib_a-findfp.o)
                0x000000008000082c                __sfp
 .text._fwalk_reent
                0x00000000800008c0       0x42 ../../libtock-c/newlib/cortex-m/v6-m/libc.a(lib_a-fwalk.o)
                0x00000000800008c0                _fwalk_reent
 *fill*         0x0000000080000902        0x2 ff
 .text.__swhatbuf_r
                0x0000000080000904       0x50 ../../libtock-c/newlib/cortex-m/v6-m/libc.a(lib_a-makebuf.o)
                0x0000000080000904                __swhatbuf_r
 .text.__smakebuf_r
                0x0000000080000954       0x98 ../../libtock-c/newlib/cortex-m/v6-m/libc.a(lib_a-makebuf.o)
                0x0000000080000954                __smakebuf_r
 .text._free_r  0x00000000800009ec       0xa0 ../../libtock-c/newlib/cortex-m/v6-m/libc.a(lib_a-nano-freer.o)
                0x00000000800009ec                _free_r
 .text._malloc_r
                0x0000000080000a8c       0xcc ../../libtock-c/newlib/cortex-m/v6-m/libc.a(lib_a-nano-mallocr.o)
                0x0000000080000a8c                _malloc_r
 .text._sbrk_r  0x0000000080000b58       0x30 ../../libtock-c/newlib/cortex-m/v6-m/libc.a(lib_a-sbrkr.o)
                0x0000000080000b58                _sbrk_r
 .text.__sread  0x0000000080000b88       0x28 ../../libtock-c/newlib/cortex-m/v6-m/libc.a(lib_a-stdio.o)
                0x0000000080000b88                __sread
 .text.__swrite
                0x0000000080000bb0       0x38 ../../libtock-c/newlib/cortex-m/v6-m/libc.a(lib_a-stdio.o)
                0x0000000080000bb0                __swrite
 .text.__sseek  0x0000000080000be8       0x2c ../../libtock-c/newlib/cortex-m/v6-m/libc.a(lib_a-stdio.o)
                0x0000000080000be8                __sseek
 .text.__sclose
                0x0000000080000c14        0xc ../../libtock-c/newlib/cortex-m/v6-m/libc.a(lib_a-stdio.o)
                0x0000000080000c14                __sclose
 .text._write_r
                0x0000000080000c20       0x34 ../../libtock-c/newlib/cortex-m/v6-m/libc.a(lib_a-writer.o)
                0x0000000080000c20                _write_r
 .text._close_r
                0x0000000080000c54       0x30 ../../libtock-c/newlib/cortex-m/v6-m/libc.a(lib_a-closer.o)
                0x0000000080000c54                _close_r
 .text._fstat_r
                0x0000000080000c84       0x30 ../../libtock-c/newlib/cortex-m/v6-m/libc.a(lib_a-fstatr.o)
                0x0000000080000c84                _fstat_r
 .text._isatty_r
                0x0000000080000cb4       0x30 ../../libtock-c/newlib/cortex-m/v6-m/libc.a(lib_a-isattyr.o)
                0x0000000080000cb4                _isatty_r
 .text._lseek_r
                0x0000000080000ce4       0x34 ../../libtock-c/newlib/cortex-m/v6-m/libc.a(lib_a-lseekr.o)
                0x0000000080000ce4                _lseek_r
 .text.__malloc_lock
                0x0000000080000d18        0x2 ../../libtock-c/newlib/cortex-m/v6-m/libc.a(lib_a-mlock.o)
                0x0000000080000d18                __malloc_lock
 .text.__malloc_unlock
                0x0000000080000d1a        0x2 ../../libtock-c/newlib/cortex-m/v6-m/libc.a(lib_a-mlock.o)
                0x0000000080000d1a                __malloc_unlock
 .text._read_r  0x0000000080000d1c       0x34 ../../libtock-c/newlib/cortex-m/v6-m/libc.a(lib_a-readr.o)
                0x0000000080000d1c                _read_r
 .text._isatty  0x0000000080000d50        0x6 ../../libtock-c/libtock/build/cortex-m0/libtock.a(sys.o)
                0x0000000080000d50                _isatty
 .text._write   0x0000000080000d56       0x10 ../../libtock-c/libtock/build/cortex-m0/libtock.a(sys.o)
                0x0000000080000d56                _write
 .text._close   0x0000000080000d66        0x6 ../../libtock-c/libtock/build/cortex-m0/libtock.a(sys.o)
                0x0000000080000d66                _close
 .text._fstat   0x0000000080000d6c        0xa ../../libtock-c/libtock/build/cortex-m0/libtock.a(sys.o)
                0x0000000080000d6c                _fstat
 .text._lseek   0x0000000080000d76        0x4 ../../libtock-c/libtock/build/cortex-m0/libtock.a(sys.o)
                0x0000000080000d76                _lseek
 .text._read    0x0000000080000d7a        0x4 ../../libtock-c/libtock/build/cortex-m0/libtock.a(sys.o)
                0x0000000080000d7a                _read
 .text._exit    0x0000000080000d7e        0x2 ../../libtock-c/libtock/build/cortex-m0/libtock.a(sys.o)
                0x0000000080000d7e                _exit
 .text._sbrk    0x0000000080000d80       0x28 ../../libtock-c/libtock/build/cortex-m0/libtock.a(sys.o)
                0x0000000080000d80                _sbrk
 .text.putnstr_async
                0x0000000080000da8       0x60 ../../libtock-c/libtock/build/cortex-m0/libtock.a(console.o)
                0x0000000080000da8                putnstr_async
 .text.putnstr  0x0000000080000e08       0xa0 ../../libtock-c/libtock/build/cortex-m0/libtock.a(console.o)
                0x0000000080000e08                putnstr
 .text.putstr_upcall
                0x0000000080000ea8       0x44 ../../libtock-c/libtock/build/cortex-m0/libtock.a(console.o)
 .text.__errno  0x0000000080000eec       0x18 ../../libtock-c/newlib/cortex-m/v6-m/libc.a(lib_a-errno.o)
                0x0000000080000eec                __errno
 .text.malloc   0x0000000080000f04       0x1c ../../libtock-c/newlib/cortex-m/v6-m/libc.a(lib_a-malloc.o)
                0x0000000080000f04                malloc
 .text.free     0x0000000080000f20       0x1c ../../libtock-c/newlib/cortex-m/v6-m/libc.a(lib_a-malloc.o)
                0x0000000080000f20                free
 .text.strncpy  0x0000000080000f3c       0x28 ../../libtock-c/newlib/cortex-m/v6-m/libc.a(lib_a-strncpy.o)
                0x0000000080000f3c                strncpy
 *(.rodata*)
 .rodata.main.str1.1
                0x0000000080000f64        0xe build/cortex-m0/main.o
 *fill*         0x0000000080000f72        0x2 ff
 .rodata.__sf_fake_stderr
                0x0000000080000f74       0x20 ../../libtock-c/newlib/cortex-m/v6-m/libc.a(lib_a-findfp.o)
                0x0000000080000f74                __sf_fake_stderr
 .rodata.__sf_fake_stdin
                0x0000000080000f94       0x20 ../../libtock-c/newlib/cortex-m/v6-m/libc.a(lib_a-findfp.o)
                0x0000000080000f94                __sf_fake_stdin
 .rodata.__sf_fake_stdout
                0x0000000080000fb4       0x20 ../../libtock-c/newlib/cortex-m/v6-m/libc.a(lib_a-findfp.o)
                0x0000000080000fb4                __sf_fake_stdout
 *(.srodata*)
 *(.syscalls)
                0x0000000080000fd4                _etext = .
 *(.ARM.extab*)
                0x0000000080000fd4                . = ALIGN (0x4)

.glue_7         0x0000000080000fd4        0x0
 .glue_7        0x0000000080000fd4        0x0 linker stubs

.glue_7t        0x0000000080000fd4        0x0
 .glue_7t       0x0000000080000fd4        0x0 linker stubs

.vfp11_veneer   0x0000000080000fd4        0x0
 .vfp11_veneer  0x0000000080000fd4        0x0 linker stubs

.v4_bx          0x0000000080000fd4        0x0
 .v4_bx         0x0000000080000fd4        0x0 linker stubs

.iplt           0x0000000080000fd4        0x0
 .iplt          0x0000000080000fd4        0x0 build/cortex-m0/main.o

.rel.dyn        0x0000000080000fd4        0x0
 .rel.iplt      0x0000000080000fd4        0x0 build/cortex-m0/main.o
 .rel.got       0x0000000080000fd4        0x0 build/cortex-m0/main.o

.stack          0x0000000000000000      0x800
                0x0000000000000000                _sram_origin = .
                0x0000000000000000                . = ALIGN (0x10)
                0x0000000000000000                _stack = .
                0x0000000000000800                . = (_stack + STACK_SIZE)
 *fill*         0x0000000000000000      0x800 
                0x0000000000000800                . = ALIGN (0x10)

.got            0x0000000000000800       0x64 load address 0x0000000080000fd4
                0x0000000000000800                . = ALIGN (0x4)
                0x0000000000000800                _got = .
 *(.got*)
 .got           0x0000000000000800       0x58 build/cortex-m0/main.o
 .got.plt       0x0000000000000858        0xc build/cortex-m0/main.o
                0x0000000000000858                _GLOBAL_OFFSET_TABLE_
 *(.got.plt*)
                0x0000000000000864                . = ALIGN (0x4)

.data           0x0000000000000864       0x70 load address 0x0000000080001038
                0x0000000000000864                . = ALIGN (0x4)
                0x0000000000000864                _data = .
 *(.data*)
 .data          0x0000000000000864        0x0 build/cortex-m0/main.o
 .data          0x0000000000000864        0x0 ../../libtock-c/libtock/build/cortex-m0/libtock.a(crt0.o)
 .data          0x0000000000000864        0x0 ../../libtock-c/libtock/build/cortex-m0/libtock.a(tock.o)
 .data          0x0000000000000864        0x0 ../drivers/build/cortex-m0/drivers.a(example_driver.o)
 .data          0x0000000000000864        0x0 ../../libtock-c/libc++/cortex-m/libgcc.a(_thumb1_case_uqi.o)
 .data          0x0000000000000864        0x0 ../../libtock-c/newlib/cortex-m/v6-m/libc.a(lib_a-exit.o)
 .data          0x0000000000000864        0x0 ../../libtock-c/newlib/cortex-m/v6-m/libc.a(lib_a-impure.o)
 .data.rel.impure_data
                0x0000000000000864       0x60 ../../libtock-c/newlib/cortex-m/v6-m/libc.a(lib_a-impure.o)
 .data.rel.local._impure_ptr
                0x00000000000008c4        0x4 ../../libtock-c/newlib/cortex-m/v6-m/libc.a(lib_a-impure.o)
                0x00000000000008c4                _impure_ptr
 .data.rel.ro.local._global_impure_ptr
                0x00000000000008c8        0x4 ../../libtock-c/newlib/cortex-m/v6-m/libc.a(lib_a-impure.o)
                0x00000000000008c8                _global_impure_ptr
 .data          0x00000000000008cc        0x0 ../../libtock-c/newlib/cortex-m/v6-m/libc.a(lib_a-memcpy-stub.o)
 .data          0x00000000000008cc        0x0 ../../libtock-c/newlib/cortex-m/v6-m/libc.a(lib_a-memset.o)
 .data          0x00000000000008cc        0x0 ../../libtock-c/newlib/cortex-m/v6-m/libc.a(lib_a-printf.o)
 .data          0x00000000000008cc        0x0 ../../libtock-c/newlib/cortex-m/v6-m/libc.a(lib_a-puts.o)
 .data          0x00000000000008cc        0x0 ../../libtock-c/newlib/cortex-m/v6-m/libc.a(lib_a-wbuf.o)
 .data          0x00000000000008cc        0x0 ../../libtock-c/newlib/cortex-m/v6-m/libc.a(lib_a-wsetup.o)
 .data          0x00000000000008cc        0x0 ../../libtock-c/newlib/cortex-m/v6-m/libc.a(lib_a-fflush.o)
 .data          0x00000000000008cc        0x0 ../../libtock-c/newlib/cortex-m/v6-m/libc.a(lib_a-findfp.o)
 .data          0x00000000000008cc        0x0 ../../libtock-c/newlib/cortex-m/v6-m/libc.a(lib_a-fwalk.o)
 .data          0x00000000000008cc        0x0 ../../libtock-c/newlib/cortex-m/v6-m/libc.a(lib_a-makebuf.o)
 .data          0x00000000000008cc        0x0 ../../libtock-c/newlib/cortex-m/v6-m/libc.a(lib_a-nano-freer.o)
 .data          0x00000000000008cc        0x0 ../../libtock-c/newlib/cortex-m/v6-m/libc.a(lib_a-nano-mallocr.o)
 .data          0x00000000000008cc        0x0 ../../libtock-c/newlib/cortex-m/v6-m/libc.a(lib_a-nano-vfprintf.o)
 .data          0x00000000000008cc        0x0 ../../libtock-c/newlib/cortex-m/v6-m/libc.a(lib_a-nano-vfprintf_i.o)
 .data          0x00000000000008cc        0x0 ../../libtock-c/newlib/cortex-m/v6-m/libc.a(lib_a-sbrkr.o)
 .data          0x00000000000008cc        0x0 ../../libtock-c/newlib/cortex-m/v6-m/libc.a(lib_a-stdio.o)
 .data          0x00000000000008cc        0x0 ../../libtock-c/newlib/cortex-m/v6-m/libc.a(lib_a-writer.o)
 .data          0x00000000000008cc        0x0 ../../libtock-c/newlib/cortex-m/v6-m/libc.a(lib_a-closer.o)
 .data          0x00000000000008cc        0x0 ../../libtock-c/newlib/cortex-m/v6-m/libc.a(lib_a-fstatr.o)
 .data          0x00000000000008cc        0x0 ../../libtock-c/newlib/cortex-m/v6-m/libc.a(lib_a-fvwrite.o)
 .data          0x00000000000008cc        0x0 ../../libtock-c/newlib/cortex-m/v6-m/libc.a(lib_a-isattyr.o)
 .data          0x00000000000008cc        0x0 ../../libtock-c/newlib/cortex-m/v6-m/libc.a(lib_a-lseekr.o)
 .data          0x00000000000008cc        0x0 ../../libtock-c/newlib/cortex-m/v6-m/libc.a(lib_a-memchr-stub.o)
 .data          0x00000000000008cc        0x0 ../../libtock-c/newlib/cortex-m/v6-m/libc.a(lib_a-memmove.o)
 .data          0x00000000000008cc        0x0 ../../libtock-c/newlib/cortex-m/v6-m/libc.a(lib_a-mlock.o)
 .data          0x00000000000008cc        0x0 ../../libtock-c/newlib/cortex-m/v6-m/libc.a(lib_a-nano-reallocr.o)
 .data          0x00000000000008cc        0x0 ../../libtock-c/newlib/cortex-m/v6-m/libc.a(lib_a-readr.o)
 .data          0x00000000000008cc        0x0 ../../libtock-c/newlib/cortex-m/v6-m/libc.a(lib_a-reent.o)
 .data          0x00000000000008cc        0x0 ../../libtock-c/newlib/cortex-m/v6-m/libc.a(lib_a-nano-msizer.o)
 .data          0x00000000000008cc        0x0 ../../libtock-c/libtock/build/cortex-m0/libtock.a(sys.o)
 .data          0x00000000000008cc        0x0 ../../libtock-c/libtock/build/cortex-m0/libtock.a(console.o)
 .data.getnstr_data
                0x00000000000008cc        0x8 ../../libtock-c/libtock/build/cortex-m0/libtock.a(console.o)
 .data          0x00000000000008d4        0x0 ../../libtock-c/libc++/cortex-m/libgcc.a(_thumb1_case_shi.o)
 .data          0x00000000000008d4        0x0 ../../libtock-c/libc++/cortex-m/libgcc.a(_udivsi3.o)
 .data          0x00000000000008d4        0x0 ../../libtock-c/libc++/cortex-m/libgcc.a(_divsi3.o)
 .data          0x00000000000008d4        0x0 ../../libtock-c/libc++/cortex-m/libgcc.a(_dvmd_tls.o)
 .data          0x00000000000008d4        0x0 ../../libtock-c/newlib/cortex-m/v6-m/libc.a(lib_a-errno.o)
 .data          0x00000000000008d4        0x0 ../../libtock-c/newlib/cortex-m/v6-m/libc.a(lib_a-malloc.o)
 .data          0x00000000000008d4        0x0 ../../libtock-c/newlib/cortex-m/v6-m/libc.a(lib_a-strncpy.o)
 *(.sdata*)
                0x00000000000008d4                . = ALIGN (0x4)

.igot.plt       0x00000000000008d4        0x0 load address 0x00000000800010a8
 .igot.plt      0x00000000000008d4        0x0 build/cortex-m0/main.o

.bss            0x00000000000008d4      0x160 load address 0x00000000800010a8
                0x00000000000008d4                . = ALIGN (0x4)
                0x00000000000008d4                _bss = .
 *(.bss*)
 .bss           0x00000000000008d4        0x0 build/cortex-m0/main.o
 .bss           0x00000000000008d4        0x0 ../../libtock-c/libtock/build/cortex-m0/libtock.a(crt0.o)
 .bss           0x00000000000008d4        0x0 ../../libtock-c/libtock/build/cortex-m0/libtock.a(tock.o)
 .bss.task_cur  0x00000000000008d4        0x4 ../../libtock-c/libtock/build/cortex-m0/libtock.a(tock.o)
 .bss.task_last
                0x00000000000008d8        0x4 ../../libtock-c/libtock/build/cortex-m0/libtock.a(tock.o)
 .bss.task_queue
                0x00000000000008dc      0x140 ../../libtock-c/libtock/build/cortex-m0/libtock.a(tock.o)
 .bss           0x0000000000000a1c        0x0 ../drivers/build/cortex-m0/drivers.a(example_driver.o)
 .bss           0x0000000000000a1c        0x0 ../../libtock-c/libc++/cortex-m/libgcc.a(_thumb1_case_uqi.o)
 .bss           0x0000000000000a1c        0x0 ../../libtock-c/newlib/cortex-m/v6-m/libc.a(lib_a-exit.o)
 .bss           0x0000000000000a1c        0x0 ../../libtock-c/newlib/cortex-m/v6-m/libc.a(lib_a-impure.o)
 .bss           0x0000000000000a1c        0x0 ../../libtock-c/newlib/cortex-m/v6-m/libc.a(lib_a-memcpy-stub.o)
 .bss           0x0000000000000a1c        0x0 ../../libtock-c/newlib/cortex-m/v6-m/libc.a(lib_a-memset.o)
 .bss           0x0000000000000a1c        0x0 ../../libtock-c/newlib/cortex-m/v6-m/libc.a(lib_a-printf.o)
 .bss           0x0000000000000a1c        0x0 ../../libtock-c/newlib/cortex-m/v6-m/libc.a(lib_a-puts.o)
 .bss           0x0000000000000a1c        0x0 ../../libtock-c/newlib/cortex-m/v6-m/libc.a(lib_a-wbuf.o)
 .bss           0x0000000000000a1c        0x0 ../../libtock-c/newlib/cortex-m/v6-m/libc.a(lib_a-wsetup.o)
 .bss           0x0000000000000a1c        0x0 ../../libtock-c/newlib/cortex-m/v6-m/libc.a(lib_a-fflush.o)
 .bss           0x0000000000000a1c        0x0 ../../libtock-c/newlib/cortex-m/v6-m/libc.a(lib_a-findfp.o)
 .bss           0x0000000000000a1c        0x0 ../../libtock-c/newlib/cortex-m/v6-m/libc.a(lib_a-fwalk.o)
 .bss           0x0000000000000a1c        0x0 ../../libtock-c/newlib/cortex-m/v6-m/libc.a(lib_a-makebuf.o)
 .bss           0x0000000000000a1c        0x0 ../../libtock-c/newlib/cortex-m/v6-m/libc.a(lib_a-nano-freer.o)
 .bss           0x0000000000000a1c        0x0 ../../libtock-c/newlib/cortex-m/v6-m/libc.a(lib_a-nano-mallocr.o)
 .bss.__malloc_free_list
                0x0000000000000a1c        0x4 ../../libtock-c/newlib/cortex-m/v6-m/libc.a(lib_a-nano-mallocr.o)
                0x0000000000000a1c                __malloc_free_list
 .bss.__malloc_sbrk_start
                0x0000000000000a20        0x4 ../../libtock-c/newlib/cortex-m/v6-m/libc.a(lib_a-nano-mallocr.o)
                0x0000000000000a20                __malloc_sbrk_start
 .bss           0x0000000000000a24        0x0 ../../libtock-c/newlib/cortex-m/v6-m/libc.a(lib_a-nano-vfprintf.o)
 .bss           0x0000000000000a24        0x0 ../../libtock-c/newlib/cortex-m/v6-m/libc.a(lib_a-nano-vfprintf_i.o)
 .bss           0x0000000000000a24        0x0 ../../libtock-c/newlib/cortex-m/v6-m/libc.a(lib_a-sbrkr.o)
 .bss           0x0000000000000a24        0x0 ../../libtock-c/newlib/cortex-m/v6-m/libc.a(lib_a-stdio.o)
 .bss           0x0000000000000a24        0x0 ../../libtock-c/newlib/cortex-m/v6-m/libc.a(lib_a-writer.o)
 .bss           0x0000000000000a24        0x0 ../../libtock-c/newlib/cortex-m/v6-m/libc.a(lib_a-closer.o)
 .bss           0x0000000000000a24        0x0 ../../libtock-c/newlib/cortex-m/v6-m/libc.a(lib_a-fstatr.o)
 .bss           0x0000000000000a24        0x0 ../../libtock-c/newlib/cortex-m/v6-m/libc.a(lib_a-fvwrite.o)
 .bss           0x0000000000000a24        0x0 ../../libtock-c/newlib/cortex-m/v6-m/libc.a(lib_a-isattyr.o)
 .bss           0x0000000000000a24        0x0 ../../libtock-c/newlib/cortex-m/v6-m/libc.a(lib_a-lseekr.o)
 .bss           0x0000000000000a24        0x0 ../../libtock-c/newlib/cortex-m/v6-m/libc.a(lib_a-memchr-stub.o)
 .bss           0x0000000000000a24        0x0 ../../libtock-c/newlib/cortex-m/v6-m/libc.a(lib_a-memmove.o)
 .bss           0x0000000000000a24        0x0 ../../libtock-c/newlib/cortex-m/v6-m/libc.a(lib_a-mlock.o)
 .bss           0x0000000000000a24        0x0 ../../libtock-c/newlib/cortex-m/v6-m/libc.a(lib_a-nano-reallocr.o)
 .bss           0x0000000000000a24        0x0 ../../libtock-c/newlib/cortex-m/v6-m/libc.a(lib_a-readr.o)
 .bss           0x0000000000000a24        0x0 ../../libtock-c/newlib/cortex-m/v6-m/libc.a(lib_a-reent.o)
 .bss           0x0000000000000a24        0x0 ../../libtock-c/newlib/cortex-m/v6-m/libc.a(lib_a-nano-msizer.o)
 .bss           0x0000000000000a24        0x0 ../../libtock-c/libtock/build/cortex-m0/libtock.a(sys.o)
 .bss.__dso_handle
                0x0000000000000a24        0x4 ../../libtock-c/libtock/build/cortex-m0/libtock.a(sys.o)
                0x0000000000000a24                __dso_handle
 .bss           0x0000000000000a28        0x0 ../../libtock-c/libtock/build/cortex-m0/libtock.a(console.o)
 .bss.putstr_head
                0x0000000000000a28        0x4 ../../libtock-c/libtock/build/cortex-m0/libtock.a(console.o)
 .bss.putstr_tail
                0x0000000000000a2c        0x4 ../../libtock-c/libtock/build/cortex-m0/libtock.a(console.o)
 .bss           0x0000000000000a30        0x0 ../../libtock-c/libc++/cortex-m/libgcc.a(_thumb1_case_shi.o)
 .bss           0x0000000000000a30        0x0 ../../libtock-c/libc++/cortex-m/libgcc.a(_udivsi3.o)
 .bss           0x0000000000000a30        0x0 ../../libtock-c/libc++/cortex-m/libgcc.a(_divsi3.o)
 .bss           0x0000000000000a30        0x0 ../../libtock-c/libc++/cortex-m/libgcc.a(_dvmd_tls.o)
 .bss           0x0000000000000a30        0x0 ../../libtock-c/newlib/cortex-m/v6-m/libc.a(lib_a-errno.o)
 .bss           0x0000000000000a30        0x0 ../../libtock-c/newlib/cortex-m/v6-m/libc.a(lib_a-malloc.o)
 .bss           0x0000000000000a30        0x0 ../../libtock-c/newlib/cortex-m/v6-m/libc.a(lib_a-strncpy.o)
 *(.sbss*)
 *(COMMON)
 COMMON         0x0000000000000a30        0x4 ../../libtock-c/newlib/cortex-m/v6-m/libc.a(lib_a-reent.o)
                0x0000000000000a30                errno
                0x0000000000000a34                . = ALIGN (0x4)

.endflash       0x00000000800010a8        0x0
                [!provide]                        PROVIDE (__exidx_start = .)

.ARM.exidx
 *(.ARM.exidx* .gnu.linkonce.armexidx.*)
                [!provide]                        PROVIDE (__exidx_end = .)
                0x0000000000000001                ASSERT ((_got <= _bss), 
The GOT section must be before the BSS section for crt0 setup to be correct.)
                0x0000000000000001                ASSERT ((_data <= _bss), 
The data section must be before the BSS section for crt0 setup to be correct.)
OUTPUT(build/cortex-m0/cortex-m0.elf elf32-littlearm)
LOAD linker stubs

.GCC.command.line
                0x0000000000000000      0x705
 .GCC.command.line
                0x0000000000000000      0x44a build/cortex-m0/main.o
 .GCC.command.line
                0x000000000000044a       0x5d ../../libtock-c/libtock/build/cortex-m0/libtock.a(crt0.o)
                                        0x47a (size before relaxing)
 .GCC.command.line
                0x00000000000004a7       0x5d ../../libtock-c/libtock/build/cortex-m0/libtock.a(tock.o)
                                        0x47a (size before relaxing)
 .GCC.command.line
                0x0000000000000504      0x143 ../drivers/build/cortex-m0/drivers.a(example_driver.o)
                                        0x469 (size before relaxing)
 .GCC.command.line
                0x0000000000000647       0x5b ../../libtock-c/libtock/build/cortex-m0/libtock.a(sys.o)
                                        0x478 (size before relaxing)
 .GCC.command.line
                0x00000000000006a2       0x63 ../../libtock-c/libtock/build/cortex-m0/libtock.a(console.o)
                                        0x480 (size before relaxing)

.comment        0x0000000000000000       0xac
 .comment       0x0000000000000000       0x33 build/cortex-m0/main.o
                                         0x34 (size before relaxing)
 .comment       0x0000000000000033       0x34 ../../libtock-c/libtock/build/cortex-m0/libtock.a(crt0.o)
 .comment       0x0000000000000033       0x34 ../../libtock-c/libtock/build/cortex-m0/libtock.a(tock.o)
 .comment       0x0000000000000033       0x34 ../drivers/build/cortex-m0/drivers.a(example_driver.o)
 .comment       0x0000000000000033       0x79 ../../libtock-c/newlib/cortex-m/v6-m/libc.a(lib_a-exit.o)
                                         0x7a (size before relaxing)
 .comment       0x00000000000000ac       0x7a ../../libtock-c/newlib/cortex-m/v6-m/libc.a(lib_a-impure.o)
 .comment       0x00000000000000ac       0x7a ../../libtock-c/newlib/cortex-m/v6-m/libc.a(lib_a-memcpy-stub.o)
 .comment       0x00000000000000ac       0x7a ../../libtock-c/newlib/cortex-m/v6-m/libc.a(lib_a-memset.o)
 .comment       0x00000000000000ac       0x7a ../../libtock-c/newlib/cortex-m/v6-m/libc.a(lib_a-printf.o)
 .comment       0x00000000000000ac       0x7a ../../libtock-c/newlib/cortex-m/v6-m/libc.a(lib_a-puts.o)
 .comment       0x00000000000000ac       0x7a ../../libtock-c/newlib/cortex-m/v6-m/libc.a(lib_a-wbuf.o)
 .comment       0x00000000000000ac       0x7a ../../libtock-c/newlib/cortex-m/v6-m/libc.a(lib_a-wsetup.o)
 .comment       0x00000000000000ac       0x7a ../../libtock-c/newlib/cortex-m/v6-m/libc.a(lib_a-fflush.o)
 .comment       0x00000000000000ac       0x7a ../../libtock-c/newlib/cortex-m/v6-m/libc.a(lib_a-findfp.o)
 .comment       0x00000000000000ac       0x7a ../../libtock-c/newlib/cortex-m/v6-m/libc.a(lib_a-fwalk.o)
 .comment       0x00000000000000ac       0x7a ../../libtock-c/newlib/cortex-m/v6-m/libc.a(lib_a-makebuf.o)
 .comment       0x00000000000000ac       0x7a ../../libtock-c/newlib/cortex-m/v6-m/libc.a(lib_a-nano-freer.o)
 .comment       0x00000000000000ac       0x7a ../../libtock-c/newlib/cortex-m/v6-m/libc.a(lib_a-nano-mallocr.o)
 .comment       0x00000000000000ac       0x7a ../../libtock-c/newlib/cortex-m/v6-m/libc.a(lib_a-nano-vfprintf.o)
 .comment       0x00000000000000ac       0x7a ../../libtock-c/newlib/cortex-m/v6-m/libc.a(lib_a-nano-vfprintf_i.o)
 .comment       0x00000000000000ac       0x7a ../../libtock-c/newlib/cortex-m/v6-m/libc.a(lib_a-sbrkr.o)
 .comment       0x00000000000000ac       0x7a ../../libtock-c/newlib/cortex-m/v6-m/libc.a(lib_a-stdio.o)
 .comment       0x00000000000000ac       0x7a ../../libtock-c/newlib/cortex-m/v6-m/libc.a(lib_a-writer.o)
 .comment       0x00000000000000ac       0x7a ../../libtock-c/newlib/cortex-m/v6-m/libc.a(lib_a-closer.o)
 .comment       0x00000000000000ac       0x7a ../../libtock-c/newlib/cortex-m/v6-m/libc.a(lib_a-fstatr.o)
 .comment       0x00000000000000ac       0x7a ../../libtock-c/newlib/cortex-m/v6-m/libc.a(lib_a-fvwrite.o)
 .comment       0x00000000000000ac       0x7a ../../libtock-c/newlib/cortex-m/v6-m/libc.a(lib_a-isattyr.o)
 .comment       0x00000000000000ac       0x7a ../../libtock-c/newlib/cortex-m/v6-m/libc.a(lib_a-lseekr.o)
 .comment       0x00000000000000ac       0x7a ../../libtock-c/newlib/cortex-m/v6-m/libc.a(lib_a-memchr-stub.o)
 .comment       0x00000000000000ac       0x7a ../../libtock-c/newlib/cortex-m/v6-m/libc.a(lib_a-memmove.o)
 .comment       0x00000000000000ac       0x7a ../../libtock-c/newlib/cortex-m/v6-m/libc.a(lib_a-mlock.o)
 .comment       0x00000000000000ac       0x7a ../../libtock-c/newlib/cortex-m/v6-m/libc.a(lib_a-nano-reallocr.o)
 .comment       0x00000000000000ac       0x7a ../../libtock-c/newlib/cortex-m/v6-m/libc.a(lib_a-readr.o)
 .comment       0x00000000000000ac       0x7a ../../libtock-c/newlib/cortex-m/v6-m/libc.a(lib_a-reent.o)
 .comment       0x00000000000000ac       0x7a ../../libtock-c/newlib/cortex-m/v6-m/libc.a(lib_a-nano-msizer.o)
 .comment       0x00000000000000ac       0x34 ../../libtock-c/libtock/build/cortex-m0/libtock.a(sys.o)
 .comment       0x00000000000000ac       0x34 ../../libtock-c/libtock/build/cortex-m0/libtock.a(console.o)
 .comment       0x00000000000000ac       0x7a ../../libtock-c/newlib/cortex-m/v6-m/libc.a(lib_a-errno.o)
 .comment       0x00000000000000ac       0x7a ../../libtock-c/newlib/cortex-m/v6-m/libc.a(lib_a-malloc.o)
 .comment       0x00000000000000ac       0x7a ../../libtock-c/newlib/cortex-m/v6-m/libc.a(lib_a-strncpy.o)

.ARM.attributes
                0x0000000000000000       0x2c
 .ARM.attributes
                0x0000000000000000       0x2c build/cortex-m0/main.o
 .ARM.attributes
                0x000000000000002c       0x2c ../../libtock-c/libtock/build/cortex-m0/libtock.a(crt0.o)
 .ARM.attributes
                0x0000000000000058       0x2c ../../libtock-c/libtock/build/cortex-m0/libtock.a(tock.o)
 .ARM.attributes
                0x0000000000000084       0x2c ../drivers/build/cortex-m0/drivers.a(example_driver.o)
 .ARM.attributes
                0x00000000000000b0       0x1e ../../libtock-c/libc++/cortex-m/libgcc.a(_thumb1_case_uqi.o)
 .ARM.attributes
                0x00000000000000ce       0x2c ../../libtock-c/newlib/cortex-m/v6-m/libc.a(lib_a-exit.o)
 .ARM.attributes
                0x00000000000000fa       0x2c ../../libtock-c/newlib/cortex-m/v6-m/libc.a(lib_a-impure.o)
 .ARM.attributes
                0x0000000000000126       0x2c ../../libtock-c/newlib/cortex-m/v6-m/libc.a(lib_a-memcpy-stub.o)
 .ARM.attributes
                0x0000000000000152       0x2c ../../libtock-c/newlib/cortex-m/v6-m/libc.a(lib_a-memset.o)
 .ARM.attributes
                0x000000000000017e       0x2c ../../libtock-c/newlib/cortex-m/v6-m/libc.a(lib_a-printf.o)
 .ARM.attributes
                0x00000000000001aa       0x2c ../../libtock-c/newlib/cortex-m/v6-m/libc.a(lib_a-puts.o)
 .ARM.attributes
                0x00000000000001d6       0x2c ../../libtock-c/newlib/cortex-m/v6-m/libc.a(lib_a-wbuf.o)
 .ARM.attributes
                0x0000000000000202       0x2c ../../libtock-c/newlib/cortex-m/v6-m/libc.a(lib_a-wsetup.o)
 .ARM.attributes
                0x000000000000022e       0x2c ../../libtock-c/newlib/cortex-m/v6-m/libc.a(lib_a-fflush.o)
 .ARM.attributes
                0x000000000000025a       0x2c ../../libtock-c/newlib/cortex-m/v6-m/libc.a(lib_a-findfp.o)
 .ARM.attributes
                0x0000000000000286       0x2c ../../libtock-c/newlib/cortex-m/v6-m/libc.a(lib_a-fwalk.o)
 .ARM.attributes
                0x00000000000002b2       0x2c ../../libtock-c/newlib/cortex-m/v6-m/libc.a(lib_a-makebuf.o)
 .ARM.attributes
                0x00000000000002de       0x2c ../../libtock-c/newlib/cortex-m/v6-m/libc.a(lib_a-nano-freer.o)
 .ARM.attributes
                0x000000000000030a       0x2c ../../libtock-c/newlib/cortex-m/v6-m/libc.a(lib_a-nano-mallocr.o)
 .ARM.attributes
                0x0000000000000336       0x2c ../../libtock-c/newlib/cortex-m/v6-m/libc.a(lib_a-nano-vfprintf.o)
 .ARM.attributes
                0x0000000000000362       0x2c ../../libtock-c/newlib/cortex-m/v6-m/libc.a(lib_a-nano-vfprintf_i.o)
 .ARM.attributes
                0x000000000000038e       0x2c ../../libtock-c/newlib/cortex-m/v6-m/libc.a(lib_a-sbrkr.o)
 .ARM.attributes
                0x00000000000003ba       0x2c ../../libtock-c/newlib/cortex-m/v6-m/libc.a(lib_a-stdio.o)
 .ARM.attributes
                0x00000000000003e6       0x2c ../../libtock-c/newlib/cortex-m/v6-m/libc.a(lib_a-writer.o)
 .ARM.attributes
                0x0000000000000412       0x2c ../../libtock-c/newlib/cortex-m/v6-m/libc.a(lib_a-closer.o)
 .ARM.attributes
                0x000000000000043e       0x2c ../../libtock-c/newlib/cortex-m/v6-m/libc.a(lib_a-fstatr.o)
 .ARM.attributes
                0x000000000000046a       0x2c ../../libtock-c/newlib/cortex-m/v6-m/libc.a(lib_a-fvwrite.o)
 .ARM.attributes
                0x0000000000000496       0x2c ../../libtock-c/newlib/cortex-m/v6-m/libc.a(lib_a-isattyr.o)
 .ARM.attributes
                0x00000000000004c2       0x2c ../../libtock-c/newlib/cortex-m/v6-m/libc.a(lib_a-lseekr.o)
 .ARM.attributes
                0x00000000000004ee       0x2c ../../libtock-c/newlib/cortex-m/v6-m/libc.a(lib_a-memchr-stub.o)
 .ARM.attributes
                0x000000000000051a       0x2c ../../libtock-c/newlib/cortex-m/v6-m/libc.a(lib_a-memmove.o)
 .ARM.attributes
                0x0000000000000546       0x2c ../../libtock-c/newlib/cortex-m/v6-m/libc.a(lib_a-mlock.o)
 .ARM.attributes
                0x0000000000000572       0x2c ../../libtock-c/newlib/cortex-m/v6-m/libc.a(lib_a-nano-reallocr.o)
 .ARM.attributes
                0x000000000000059e       0x2c ../../libtock-c/newlib/cortex-m/v6-m/libc.a(lib_a-readr.o)
 .ARM.attributes
                0x00000000000005ca       0x2c ../../libtock-c/newlib/cortex-m/v6-m/libc.a(lib_a-reent.o)
 .ARM.attributes
                0x00000000000005f6       0x2c ../../libtock-c/newlib/cortex-m/v6-m/libc.a(lib_a-nano-msizer.o)
 .ARM.attributes
                0x0000000000000622       0x2c ../../libtock-c/libtock/build/cortex-m0/libtock.a(sys.o)
 .ARM.attributes
                0x000000000000064e       0x2c ../../libtock-c/libtock/build/cortex-m0/libtock.a(console.o)
 .ARM.attributes
                0x000000000000067a       0x1e ../../libtock-c/libc++/cortex-m/libgcc.a(_thumb1_case_shi.o)
 .ARM.attributes
                0x0000000000000698       0x1e ../../libtock-c/libc++/cortex-m/libgcc.a(_udivsi3.o)
 .ARM.attributes
                0x00000000000006b6       0x1e ../../libtock-c/libc++/cortex-m/libgcc.a(_divsi3.o)
 .ARM.attributes
                0x00000000000006d4       0x1e ../../libtock-c/libc++/cortex-m/libgcc.a(_dvmd_tls.o)
 .ARM.attributes
                0x00000000000006f2       0x2c ../../libtock-c/newlib/cortex-m/v6-m/libc.a(lib_a-errno.o)
 .ARM.attributes
                0x000000000000071e       0x2c ../../libtock-c/newlib/cortex-m/v6-m/libc.a(lib_a-malloc.o)
 .ARM.attributes
                0x000000000000074a       0x2c ../../libtock-c/newlib/cortex-m/v6-m/libc.a(lib_a-strncpy.o)

.debug_info     0x0000000000000000    0x1d28f
 .debug_info    0x0000000000000000       0xcb build/cortex-m0/main.o
 .debug_info    0x00000000000000cb      0x47a ../../libtock-c/libtock/build/cortex-m0/libtock.a(crt0.o)
 .debug_info    0x0000000000000545     0x1226 ../../libtock-c/libtock/build/cortex-m0/libtock.a(tock.o)
 .debug_info    0x000000000000176b       0x9b ../drivers/build/cortex-m0/drivers.a(example_driver.o)
 .debug_info    0x0000000000001806       0x26 ../../libtock-c/libc++/cortex-m/libgcc.a(_thumb1_case_uqi.o)
 .debug_info    0x000000000000182c      0x9e7 ../../libtock-c/newlib/cortex-m/v6-m/libc.a(lib_a-exit.o)
 .debug_info    0x0000000000002213      0x92a ../../libtock-c/newlib/cortex-m/v6-m/libc.a(lib_a-impure.o)
 .debug_info    0x0000000000002b3d      0xf06 ../../libtock-c/newlib/cortex-m/v6-m/libc.a(lib_a-memcpy-stub.o)
 .debug_info    0x0000000000003a43      0xec5 ../../libtock-c/newlib/cortex-m/v6-m/libc.a(lib_a-memset.o)
 .debug_info    0x0000000000004908      0xc6e ../../libtock-c/newlib/cortex-m/v6-m/libc.a(lib_a-printf.o)
 .debug_info    0x0000000000005576      0xd2e ../../libtock-c/newlib/cortex-m/v6-m/libc.a(lib_a-puts.o)
 .debug_info    0x00000000000062a4      0xc97 ../../libtock-c/newlib/cortex-m/v6-m/libc.a(lib_a-wbuf.o)
 .debug_info    0x0000000000006f3b      0xbfa ../../libtock-c/newlib/cortex-m/v6-m/libc.a(lib_a-wsetup.o)
 .debug_info    0x0000000000007b35      0xd72 ../../libtock-c/newlib/cortex-m/v6-m/libc.a(lib_a-fflush.o)
 .debug_info    0x00000000000088a7     0x10b5 ../../libtock-c/newlib/cortex-m/v6-m/libc.a(lib_a-findfp.o)
 .debug_info    0x000000000000995c      0xcac ../../libtock-c/newlib/cortex-m/v6-m/libc.a(lib_a-fwalk.o)
 .debug_info    0x000000000000a608      0xf55 ../../libtock-c/newlib/cortex-m/v6-m/libc.a(lib_a-makebuf.o)
 .debug_info    0x000000000000b55d      0xb58 ../../libtock-c/newlib/cortex-m/v6-m/libc.a(lib_a-nano-freer.o)
 .debug_info    0x000000000000c0b5      0xc88 ../../libtock-c/newlib/cortex-m/v6-m/libc.a(lib_a-nano-mallocr.o)
 .debug_info    0x000000000000cd3d     0x1716 ../../libtock-c/newlib/cortex-m/v6-m/libc.a(lib_a-nano-vfprintf.o)
 .debug_info    0x000000000000e453     0x157d ../../libtock-c/newlib/cortex-m/v6-m/libc.a(lib_a-nano-vfprintf_i.o)
 .debug_info    0x000000000000f9d0      0x9fb ../../libtock-c/newlib/cortex-m/v6-m/libc.a(lib_a-sbrkr.o)
 .debug_info    0x00000000000103cb      0xe72 ../../libtock-c/newlib/cortex-m/v6-m/libc.a(lib_a-stdio.o)
 .debug_info    0x000000000001123d      0xa2d ../../libtock-c/newlib/cortex-m/v6-m/libc.a(lib_a-writer.o)
 .debug_info    0x0000000000011c6a      0x9d8 ../../libtock-c/newlib/cortex-m/v6-m/libc.a(lib_a-closer.o)
 .debug_info    0x0000000000012642      0xc24 ../../libtock-c/newlib/cortex-m/v6-m/libc.a(lib_a-fstatr.o)
 .debug_info    0x0000000000013266      0xefa ../../libtock-c/newlib/cortex-m/v6-m/libc.a(lib_a-fvwrite.o)
 .debug_info    0x0000000000014160      0x9d8 ../../libtock-c/newlib/cortex-m/v6-m/libc.a(lib_a-isattyr.o)
 .debug_info    0x0000000000014b38      0xa0e ../../libtock-c/newlib/cortex-m/v6-m/libc.a(lib_a-lseekr.o)
 .debug_info    0x0000000000015546      0x9a3 ../../libtock-c/newlib/cortex-m/v6-m/libc.a(lib_a-memchr-stub.o)
 .debug_info    0x0000000000015ee9      0xee8 ../../libtock-c/newlib/cortex-m/v6-m/libc.a(lib_a-memmove.o)
 .debug_info    0x0000000000016dd1      0x961 ../../libtock-c/newlib/cortex-m/v6-m/libc.a(lib_a-mlock.o)
 .debug_info    0x0000000000017732      0xb7a ../../libtock-c/newlib/cortex-m/v6-m/libc.a(lib_a-nano-reallocr.o)
 .debug_info    0x00000000000182ac      0xa26 ../../libtock-c/newlib/cortex-m/v6-m/libc.a(lib_a-readr.o)
 .debug_info    0x0000000000018cd2      0xb04 ../../libtock-c/newlib/cortex-m/v6-m/libc.a(lib_a-reent.o)
 .debug_info    0x00000000000197d6      0xaa6 ../../libtock-c/newlib/cortex-m/v6-m/libc.a(lib_a-nano-msizer.o)
 .debug_info    0x000000000001a27c      0x6f8 ../../libtock-c/libtock/build/cortex-m0/libtock.a(sys.o)
 .debug_info    0x000000000001a974      0xbe5 ../../libtock-c/libtock/build/cortex-m0/libtock.a(console.o)
 .debug_info    0x000000000001b559       0x26 ../../libtock-c/libc++/cortex-m/libgcc.a(_thumb1_case_shi.o)
 .debug_info    0x000000000001b57f       0x26 ../../libtock-c/libc++/cortex-m/libgcc.a(_udivsi3.o)
 .debug_info    0x000000000001b5a5       0x26 ../../libtock-c/libc++/cortex-m/libgcc.a(_divsi3.o)
 .debug_info    0x000000000001b5cb       0x26 ../../libtock-c/libc++/cortex-m/libgcc.a(_dvmd_tls.o)
 .debug_info    0x000000000001b5f1      0x953 ../../libtock-c/newlib/cortex-m/v6-m/libc.a(lib_a-errno.o)
 .debug_info    0x000000000001bf44      0x9b6 ../../libtock-c/newlib/cortex-m/v6-m/libc.a(lib_a-malloc.o)
 .debug_info    0x000000000001c8fa      0x995 ../../libtock-c/newlib/cortex-m/v6-m/libc.a(lib_a-strncpy.o)

.debug_abbrev   0x0000000000000000     0x55d1
 .debug_abbrev  0x0000000000000000       0x7b build/cortex-m0/main.o
 .debug_abbrev  0x000000000000007b      0x184 ../../libtock-c/libtock/build/cortex-m0/libtock.a(crt0.o)
 .debug_abbrev  0x00000000000001ff      0x35d ../../libtock-c/libtock/build/cortex-m0/libtock.a(tock.o)
 .debug_abbrev  0x000000000000055c       0x46 ../drivers/build/cortex-m0/drivers.a(example_driver.o)
 .debug_abbrev  0x00000000000005a2       0x14 ../../libtock-c/libc++/cortex-m/libgcc.a(_thumb1_case_uqi.o)
 .debug_abbrev  0x00000000000005b6      0x1f6 ../../libtock-c/newlib/cortex-m/v6-m/libc.a(lib_a-exit.o)
 .debug_abbrev  0x00000000000007ac      0x17a ../../libtock-c/newlib/cortex-m/v6-m/libc.a(lib_a-impure.o)
 .debug_abbrev  0x0000000000000926      0x1e3 ../../libtock-c/newlib/cortex-m/v6-m/libc.a(lib_a-memcpy-stub.o)
 .debug_abbrev  0x0000000000000b09      0x1c3 ../../libtock-c/newlib/cortex-m/v6-m/libc.a(lib_a-memset.o)
 .debug_abbrev  0x0000000000000ccc      0x294 ../../libtock-c/newlib/cortex-m/v6-m/libc.a(lib_a-printf.o)
 .debug_abbrev  0x0000000000000f60      0x2cb ../../libtock-c/newlib/cortex-m/v6-m/libc.a(lib_a-puts.o)
 .debug_abbrev  0x000000000000122b      0x26c ../../libtock-c/newlib/cortex-m/v6-m/libc.a(lib_a-wbuf.o)
 .debug_abbrev  0x0000000000001497      0x23a ../../libtock-c/newlib/cortex-m/v6-m/libc.a(lib_a-wsetup.o)
 .debug_abbrev  0x00000000000016d1      0x2c2 ../../libtock-c/newlib/cortex-m/v6-m/libc.a(lib_a-fflush.o)
 .debug_abbrev  0x0000000000001993      0x3b3 ../../libtock-c/newlib/cortex-m/v6-m/libc.a(lib_a-findfp.o)
 .debug_abbrev  0x0000000000001d46      0x213 ../../libtock-c/newlib/cortex-m/v6-m/libc.a(lib_a-fwalk.o)
 .debug_abbrev  0x0000000000001f59      0x2f6 ../../libtock-c/newlib/cortex-m/v6-m/libc.a(lib_a-makebuf.o)
 .debug_abbrev  0x000000000000224f      0x26e ../../libtock-c/newlib/cortex-m/v6-m/libc.a(lib_a-nano-freer.o)
 .debug_abbrev  0x00000000000024bd      0x2d8 ../../libtock-c/newlib/cortex-m/v6-m/libc.a(lib_a-nano-mallocr.o)
 .debug_abbrev  0x0000000000002795      0x2fd ../../libtock-c/newlib/cortex-m/v6-m/libc.a(lib_a-nano-vfprintf.o)
 .debug_abbrev  0x0000000000002a92      0x2e4 ../../libtock-c/newlib/cortex-m/v6-m/libc.a(lib_a-nano-vfprintf_i.o)
 .debug_abbrev  0x0000000000002d76      0x212 ../../libtock-c/newlib/cortex-m/v6-m/libc.a(lib_a-sbrkr.o)
 .debug_abbrev  0x0000000000002f88      0x24f ../../libtock-c/newlib/cortex-m/v6-m/libc.a(lib_a-stdio.o)
 .debug_abbrev  0x00000000000031d7      0x1ec ../../libtock-c/newlib/cortex-m/v6-m/libc.a(lib_a-writer.o)
 .debug_abbrev  0x00000000000033c3      0x1e7 ../../libtock-c/newlib/cortex-m/v6-m/libc.a(lib_a-closer.o)
 .debug_abbrev  0x00000000000035aa      0x1fb ../../libtock-c/newlib/cortex-m/v6-m/libc.a(lib_a-fstatr.o)
 .debug_abbrev  0x00000000000037a5      0x270 ../../libtock-c/newlib/cortex-m/v6-m/libc.a(lib_a-fvwrite.o)
 .debug_abbrev  0x0000000000003a15      0x1e7 ../../libtock-c/newlib/cortex-m/v6-m/libc.a(lib_a-isattyr.o)
 .debug_abbrev  0x0000000000003bfc      0x1fb ../../libtock-c/newlib/cortex-m/v6-m/libc.a(lib_a-lseekr.o)
 .debug_abbrev  0x0000000000003df7      0x1c3 ../../libtock-c/newlib/cortex-m/v6-m/libc.a(lib_a-memchr-stub.o)
 .debug_abbrev  0x0000000000003fba      0x1c8 ../../libtock-c/newlib/cortex-m/v6-m/libc.a(lib_a-memmove.o)
 .debug_abbrev  0x0000000000004182      0x1c5 ../../libtock-c/newlib/cortex-m/v6-m/libc.a(lib_a-mlock.o)
 .debug_abbrev  0x0000000000004347      0x23b ../../libtock-c/newlib/cortex-m/v6-m/libc.a(lib_a-nano-reallocr.o)
 .debug_abbrev  0x0000000000004582      0x1e7 ../../libtock-c/newlib/cortex-m/v6-m/libc.a(lib_a-readr.o)
 .debug_abbrev  0x0000000000004769      0x263 ../../libtock-c/newlib/cortex-m/v6-m/libc.a(lib_a-reent.o)
 .debug_abbrev  0x00000000000049cc      0x1e5 ../../libtock-c/newlib/cortex-m/v6-m/libc.a(lib_a-nano-msizer.o)
 .debug_abbrev  0x0000000000004bb1      0x1e3 ../../libtock-c/libtock/build/cortex-m0/libtock.a(sys.o)
 .debug_abbrev  0x0000000000004d94      0x2a6 ../../libtock-c/libtock/build/cortex-m0/libtock.a(console.o)
 .debug_abbrev  0x000000000000503a       0x14 ../../libtock-c/libc++/cortex-m/libgcc.a(_thumb1_case_shi.o)
 .debug_abbrev  0x000000000000504e       0x14 ../../libtock-c/libc++/cortex-m/libgcc.a(_udivsi3.o)
 .debug_abbrev  0x0000000000005062       0x14 ../../libtock-c/libc++/cortex-m/libgcc.a(_divsi3.o)
 .debug_abbrev  0x0000000000005076       0x14 ../../libtock-c/libc++/cortex-m/libgcc.a(_dvmd_tls.o)
 .debug_abbrev  0x000000000000508a      0x198 ../../libtock-c/newlib/cortex-m/v6-m/libc.a(lib_a-errno.o)
 .debug_abbrev  0x0000000000005222      0x1ef ../../libtock-c/newlib/cortex-m/v6-m/libc.a(lib_a-malloc.o)
 .debug_abbrev  0x0000000000005411      0x1c0 ../../libtock-c/newlib/cortex-m/v6-m/libc.a(lib_a-strncpy.o)

.debug_loc      0x0000000000000000     0x512d
 .debug_loc     0x0000000000000000       0x20 build/cortex-m0/main.o
 .debug_loc     0x0000000000000020      0x347 ../../libtock-c/libtock/build/cortex-m0/libtock.a(crt0.o)
 .debug_loc     0x0000000000000367      0xca3 ../../libtock-c/libtock/build/cortex-m0/libtock.a(tock.o)
 .debug_loc     0x000000000000100a       0x22 ../../libtock-c/newlib/cortex-m/v6-m/libc.a(lib_a-exit.o)
 .debug_loc     0x000000000000102c       0xfb ../../libtock-c/newlib/cortex-m/v6-m/libc.a(lib_a-memcpy-stub.o)
 .debug_loc     0x0000000000001127       0x96 ../../libtock-c/newlib/cortex-m/v6-m/libc.a(lib_a-memset.o)
 .debug_loc     0x00000000000011bd       0x71 ../../libtock-c/newlib/cortex-m/v6-m/libc.a(lib_a-printf.o)
 .debug_loc     0x000000000000122e      0x24f ../../libtock-c/newlib/cortex-m/v6-m/libc.a(lib_a-puts.o)
 .debug_loc     0x000000000000147d      0x184 ../../libtock-c/newlib/cortex-m/v6-m/libc.a(lib_a-wbuf.o)
 .debug_loc     0x0000000000001601       0x90 ../../libtock-c/newlib/cortex-m/v6-m/libc.a(lib_a-wsetup.o)
 .debug_loc     0x0000000000001691      0x364 ../../libtock-c/newlib/cortex-m/v6-m/libc.a(lib_a-fflush.o)
 .debug_loc     0x00000000000019f5      0x2a8 ../../libtock-c/newlib/cortex-m/v6-m/libc.a(lib_a-findfp.o)
 .debug_loc     0x0000000000001c9d      0x23d ../../libtock-c/newlib/cortex-m/v6-m/libc.a(lib_a-fwalk.o)
 .debug_loc     0x0000000000001eda      0x25d ../../libtock-c/newlib/cortex-m/v6-m/libc.a(lib_a-makebuf.o)
 .debug_loc     0x0000000000002137      0x12b ../../libtock-c/newlib/cortex-m/v6-m/libc.a(lib_a-nano-freer.o)
 .debug_loc     0x0000000000002262      0x284 ../../libtock-c/newlib/cortex-m/v6-m/libc.a(lib_a-nano-mallocr.o)
 .debug_loc     0x00000000000024e6      0x783 ../../libtock-c/newlib/cortex-m/v6-m/libc.a(lib_a-nano-vfprintf.o)
 .debug_loc     0x0000000000002c69      0x5eb ../../libtock-c/newlib/cortex-m/v6-m/libc.a(lib_a-nano-vfprintf_i.o)
 .debug_loc     0x0000000000003254       0x6c ../../libtock-c/newlib/cortex-m/v6-m/libc.a(lib_a-sbrkr.o)
 .debug_loc     0x00000000000032c0      0x3a7 ../../libtock-c/newlib/cortex-m/v6-m/libc.a(lib_a-stdio.o)
 .debug_loc     0x0000000000003667       0xdd ../../libtock-c/newlib/cortex-m/v6-m/libc.a(lib_a-writer.o)
 .debug_loc     0x0000000000003744       0x6c ../../libtock-c/newlib/cortex-m/v6-m/libc.a(lib_a-closer.o)
 .debug_loc     0x00000000000037b0       0xab ../../libtock-c/newlib/cortex-m/v6-m/libc.a(lib_a-fstatr.o)
 .debug_loc     0x000000000000385b      0x643 ../../libtock-c/newlib/cortex-m/v6-m/libc.a(lib_a-fvwrite.o)
 .debug_loc     0x0000000000003e9e       0x6c ../../libtock-c/newlib/cortex-m/v6-m/libc.a(lib_a-isattyr.o)
 .debug_loc     0x0000000000003f0a       0xdd ../../libtock-c/newlib/cortex-m/v6-m/libc.a(lib_a-lseekr.o)
 .debug_loc     0x0000000000003fe7       0xb8 ../../libtock-c/newlib/cortex-m/v6-m/libc.a(lib_a-memchr-stub.o)
 .debug_loc     0x000000000000409f      0x109 ../../libtock-c/newlib/cortex-m/v6-m/libc.a(lib_a-memmove.o)
 .debug_loc     0x00000000000041a8      0x21c ../../libtock-c/newlib/cortex-m/v6-m/libc.a(lib_a-nano-reallocr.o)
 .debug_loc     0x00000000000043c4       0xdd ../../libtock-c/newlib/cortex-m/v6-m/libc.a(lib_a-readr.o)
 .debug_loc     0x00000000000044a1       0xe7 ../../libtock-c/newlib/cortex-m/v6-m/libc.a(lib_a-reent.o)
 .debug_loc     0x0000000000004588       0x8d ../../libtock-c/newlib/cortex-m/v6-m/libc.a(lib_a-nano-msizer.o)
 .debug_loc     0x0000000000004615      0x261 ../../libtock-c/libtock/build/cortex-m0/libtock.a(sys.o)
 .debug_loc     0x0000000000004876      0x74a ../../libtock-c/libtock/build/cortex-m0/libtock.a(console.o)
 .debug_loc     0x0000000000004fc0       0x64 ../../libtock-c/newlib/cortex-m/v6-m/libc.a(lib_a-malloc.o)
 .debug_loc     0x0000000000005024      0x109 ../../libtock-c/newlib/cortex-m/v6-m/libc.a(lib_a-strncpy.o)

.debug_aranges  0x0000000000000000      0x7f8
 .debug_aranges
                0x0000000000000000       0x20 build/cortex-m0/main.o
 .debug_aranges
                0x0000000000000020       0x30 ../../libtock-c/libtock/build/cortex-m0/libtock.a(crt0.o)
 .debug_aranges
                0x0000000000000050      0x108 ../../libtock-c/libtock/build/cortex-m0/libtock.a(tock.o)
 .debug_aranges
                0x0000000000000158       0x20 ../drivers/build/cortex-m0/drivers.a(example_driver.o)
 .debug_aranges
                0x0000000000000178       0x20 ../../libtock-c/libc++/cortex-m/libgcc.a(_thumb1_case_uqi.o)
 .debug_aranges
                0x0000000000000198       0x20 ../../libtock-c/newlib/cortex-m/v6-m/libc.a(lib_a-exit.o)
 .debug_aranges
                0x00000000000001b8       0x18 ../../libtock-c/newlib/cortex-m/v6-m/libc.a(lib_a-impure.o)
 .debug_aranges
                0x00000000000001d0       0x20 ../../libtock-c/newlib/cortex-m/v6-m/libc.a(lib_a-memcpy-stub.o)
 .debug_aranges
                0x00000000000001f0       0x20 ../../libtock-c/newlib/cortex-m/v6-m/libc.a(lib_a-memset.o)
 .debug_aranges
                0x0000000000000210       0x28 ../../libtock-c/newlib/cortex-m/v6-m/libc.a(lib_a-printf.o)
 .debug_aranges
                0x0000000000000238       0x28 ../../libtock-c/newlib/cortex-m/v6-m/libc.a(lib_a-puts.o)
 .debug_aranges
                0x0000000000000260       0x28 ../../libtock-c/newlib/cortex-m/v6-m/libc.a(lib_a-wbuf.o)
 .debug_aranges
                0x0000000000000288       0x20 ../../libtock-c/newlib/cortex-m/v6-m/libc.a(lib_a-wsetup.o)
 .debug_aranges
                0x00000000000002a8       0x30 ../../libtock-c/newlib/cortex-m/v6-m/libc.a(lib_a-fflush.o)
 .debug_aranges
                0x00000000000002d8       0x68 ../../libtock-c/newlib/cortex-m/v6-m/libc.a(lib_a-findfp.o)
 .debug_aranges
                0x0000000000000340       0x28 ../../libtock-c/newlib/cortex-m/v6-m/libc.a(lib_a-fwalk.o)
 .debug_aranges
                0x0000000000000368       0x28 ../../libtock-c/newlib/cortex-m/v6-m/libc.a(lib_a-makebuf.o)
 .debug_aranges
                0x0000000000000390       0x20 ../../libtock-c/newlib/cortex-m/v6-m/libc.a(lib_a-nano-freer.o)
 .debug_aranges
                0x00000000000003b0       0x20 ../../libtock-c/newlib/cortex-m/v6-m/libc.a(lib_a-nano-mallocr.o)
 .debug_aranges
                0x00000000000003d0       0x40 ../../libtock-c/newlib/cortex-m/v6-m/libc.a(lib_a-nano-vfprintf.o)
 .debug_aranges
                0x0000000000000410       0x28 ../../libtock-c/newlib/cortex-m/v6-m/libc.a(lib_a-nano-vfprintf_i.o)
 .debug_aranges
                0x0000000000000438       0x20 ../../libtock-c/newlib/cortex-m/v6-m/libc.a(lib_a-sbrkr.o)
 .debug_aranges
                0x0000000000000458       0x40 ../../libtock-c/newlib/cortex-m/v6-m/libc.a(lib_a-stdio.o)
 .debug_aranges
                0x0000000000000498       0x20 ../../libtock-c/newlib/cortex-m/v6-m/libc.a(lib_a-writer.o)
 .debug_aranges
                0x00000000000004b8       0x20 ../../libtock-c/newlib/cortex-m/v6-m/libc.a(lib_a-closer.o)
 .debug_aranges
                0x00000000000004d8       0x20 ../../libtock-c/newlib/cortex-m/v6-m/libc.a(lib_a-fstatr.o)
 .debug_aranges
                0x00000000000004f8       0x20 ../../libtock-c/newlib/cortex-m/v6-m/libc.a(lib_a-fvwrite.o)
 .debug_aranges
                0x0000000000000518       0x20 ../../libtock-c/newlib/cortex-m/v6-m/libc.a(lib_a-isattyr.o)
 .debug_aranges
                0x0000000000000538       0x20 ../../libtock-c/newlib/cortex-m/v6-m/libc.a(lib_a-lseekr.o)
 .debug_aranges
                0x0000000000000558       0x20 ../../libtock-c/newlib/cortex-m/v6-m/libc.a(lib_a-memchr-stub.o)
 .debug_aranges
                0x0000000000000578       0x20 ../../libtock-c/newlib/cortex-m/v6-m/libc.a(lib_a-memmove.o)
 .debug_aranges
                0x0000000000000598       0x20 ../../libtock-c/newlib/cortex-m/v6-m/libc.a(lib_a-mlock.o)
 .debug_aranges
                0x00000000000005b8       0x20 ../../libtock-c/newlib/cortex-m/v6-m/libc.a(lib_a-nano-reallocr.o)
 .debug_aranges
                0x00000000000005d8       0x20 ../../libtock-c/newlib/cortex-m/v6-m/libc.a(lib_a-readr.o)
 .debug_aranges
                0x00000000000005f8       0x28 ../../libtock-c/newlib/cortex-m/v6-m/libc.a(lib_a-reent.o)
 .debug_aranges
                0x0000000000000620       0x20 ../../libtock-c/newlib/cortex-m/v6-m/libc.a(lib_a-nano-msizer.o)
 .debug_aranges
                0x0000000000000640       0x78 ../../libtock-c/libtock/build/cortex-m0/libtock.a(sys.o)
 .debug_aranges
                0x00000000000006b8       0x58 ../../libtock-c/libtock/build/cortex-m0/libtock.a(console.o)
 .debug_aranges
                0x0000000000000710       0x20 ../../libtock-c/libc++/cortex-m/libgcc.a(_thumb1_case_shi.o)
 .debug_aranges
                0x0000000000000730       0x20 ../../libtock-c/libc++/cortex-m/libgcc.a(_udivsi3.o)
 .debug_aranges
                0x0000000000000750       0x20 ../../libtock-c/libc++/cortex-m/libgcc.a(_divsi3.o)
 .debug_aranges
                0x0000000000000770       0x20 ../../libtock-c/libc++/cortex-m/libgcc.a(_dvmd_tls.o)
 .debug_aranges
                0x0000000000000790       0x20 ../../libtock-c/newlib/cortex-m/v6-m/libc.a(lib_a-errno.o)
 .debug_aranges
                0x00000000000007b0       0x28 ../../libtock-c/newlib/cortex-m/v6-m/libc.a(lib_a-malloc.o)
 .debug_aranges
                0x00000000000007d8       0x20 ../../libtock-c/newlib/cortex-m/v6-m/libc.a(lib_a-strncpy.o)

.debug_ranges   0x0000000000000000      0x768
 .debug_ranges  0x0000000000000000       0x10 build/cortex-m0/main.o
 .debug_ranges  0x0000000000000010       0x80 ../../libtock-c/libtock/build/cortex-m0/libtock.a(crt0.o)
 .debug_ranges  0x0000000000000090       0xf8 ../../libtock-c/libtock/build/cortex-m0/libtock.a(tock.o)
 .debug_ranges  0x0000000000000188       0x10 ../drivers/build/cortex-m0/drivers.a(example_driver.o)
 .debug_ranges  0x0000000000000198       0x10 ../../libtock-c/newlib/cortex-m/v6-m/libc.a(lib_a-exit.o)
 .debug_ranges  0x00000000000001a8       0x10 ../../libtock-c/newlib/cortex-m/v6-m/libc.a(lib_a-memcpy-stub.o)
 .debug_ranges  0x00000000000001b8       0x10 ../../libtock-c/newlib/cortex-m/v6-m/libc.a(lib_a-memset.o)
 .debug_ranges  0x00000000000001c8       0x18 ../../libtock-c/newlib/cortex-m/v6-m/libc.a(lib_a-printf.o)
 .debug_ranges  0x00000000000001e0       0x68 ../../libtock-c/newlib/cortex-m/v6-m/libc.a(lib_a-puts.o)
 .debug_ranges  0x0000000000000248       0x38 ../../libtock-c/newlib/cortex-m/v6-m/libc.a(lib_a-wbuf.o)
 .debug_ranges  0x0000000000000280       0x48 ../../libtock-c/newlib/cortex-m/v6-m/libc.a(lib_a-wsetup.o)
 .debug_ranges  0x00000000000002c8       0x68 ../../libtock-c/newlib/cortex-m/v6-m/libc.a(lib_a-fflush.o)
 .debug_ranges  0x0000000000000330       0x70 ../../libtock-c/newlib/cortex-m/v6-m/libc.a(lib_a-findfp.o)
 .debug_ranges  0x00000000000003a0       0x18 ../../libtock-c/newlib/cortex-m/v6-m/libc.a(lib_a-fwalk.o)
 .debug_ranges  0x00000000000003b8       0x30 ../../libtock-c/newlib/cortex-m/v6-m/libc.a(lib_a-makebuf.o)
 .debug_ranges  0x00000000000003e8       0x10 ../../libtock-c/newlib/cortex-m/v6-m/libc.a(lib_a-nano-freer.o)
 .debug_ranges  0x00000000000003f8       0x48 ../../libtock-c/newlib/cortex-m/v6-m/libc.a(lib_a-nano-mallocr.o)
 .debug_ranges  0x0000000000000440       0x50 ../../libtock-c/newlib/cortex-m/v6-m/libc.a(lib_a-nano-vfprintf.o)
 .debug_ranges  0x0000000000000490       0x70 ../../libtock-c/newlib/cortex-m/v6-m/libc.a(lib_a-nano-vfprintf_i.o)
 .debug_ranges  0x0000000000000500       0x10 ../../libtock-c/newlib/cortex-m/v6-m/libc.a(lib_a-sbrkr.o)
 .debug_ranges  0x0000000000000510       0x30 ../../libtock-c/newlib/cortex-m/v6-m/libc.a(lib_a-stdio.o)
 .debug_ranges  0x0000000000000540       0x10 ../../libtock-c/newlib/cortex-m/v6-m/libc.a(lib_a-writer.o)
 .debug_ranges  0x0000000000000550       0x10 ../../libtock-c/newlib/cortex-m/v6-m/libc.a(lib_a-closer.o)
 .debug_ranges  0x0000000000000560       0x10 ../../libtock-c/newlib/cortex-m/v6-m/libc.a(lib_a-fstatr.o)
 .debug_ranges  0x0000000000000570       0x30 ../../libtock-c/newlib/cortex-m/v6-m/libc.a(lib_a-fvwrite.o)
 .debug_ranges  0x00000000000005a0       0x10 ../../libtock-c/newlib/cortex-m/v6-m/libc.a(lib_a-isattyr.o)
 .debug_ranges  0x00000000000005b0       0x10 ../../libtock-c/newlib/cortex-m/v6-m/libc.a(lib_a-lseekr.o)
 .debug_ranges  0x00000000000005c0       0x10 ../../libtock-c/newlib/cortex-m/v6-m/libc.a(lib_a-memchr-stub.o)
 .debug_ranges  0x00000000000005d0       0x10 ../../libtock-c/newlib/cortex-m/v6-m/libc.a(lib_a-memmove.o)
 .debug_ranges  0x00000000000005e0       0x10 ../../libtock-c/newlib/cortex-m/v6-m/libc.a(lib_a-mlock.o)
 .debug_ranges  0x00000000000005f0       0x10 ../../libtock-c/newlib/cortex-m/v6-m/libc.a(lib_a-nano-reallocr.o)
 .debug_ranges  0x0000000000000600       0x10 ../../libtock-c/newlib/cortex-m/v6-m/libc.a(lib_a-readr.o)
 .debug_ranges  0x0000000000000610       0x30 ../../libtock-c/newlib/cortex-m/v6-m/libc.a(lib_a-reent.o)
 .debug_ranges  0x0000000000000640       0x10 ../../libtock-c/newlib/cortex-m/v6-m/libc.a(lib_a-nano-msizer.o)
 .debug_ranges  0x0000000000000650       0x68 ../../libtock-c/libtock/build/cortex-m0/libtock.a(sys.o)
 .debug_ranges  0x00000000000006b8       0x78 ../../libtock-c/libtock/build/cortex-m0/libtock.a(console.o)
 .debug_ranges  0x0000000000000730       0x10 ../../libtock-c/newlib/cortex-m/v6-m/libc.a(lib_a-errno.o)
 .debug_ranges  0x0000000000000740       0x18 ../../libtock-c/newlib/cortex-m/v6-m/libc.a(lib_a-malloc.o)
 .debug_ranges  0x0000000000000758       0x10 ../../libtock-c/newlib/cortex-m/v6-m/libc.a(lib_a-strncpy.o)

.debug_line     0x0000000000000000     0x760b
 .debug_line    0x0000000000000000       0x80 build/cortex-m0/main.o
 .debug_line    0x0000000000000080      0x260 ../../libtock-c/libtock/build/cortex-m0/libtock.a(crt0.o)
 .debug_line    0x00000000000002e0      0x863 ../../libtock-c/libtock/build/cortex-m0/libtock.a(tock.o)
 .debug_line    0x0000000000000b43       0x6b ../drivers/build/cortex-m0/drivers.a(example_driver.o)
 .debug_line    0x0000000000000bae       0x6a ../../libtock-c/libc++/cortex-m/libgcc.a(_thumb1_case_uqi.o)
 .debug_line    0x0000000000000c18      0x1c8 ../../libtock-c/newlib/cortex-m/v6-m/libc.a(lib_a-exit.o)
 .debug_line    0x0000000000000de0      0x131 ../../libtock-c/newlib/cortex-m/v6-m/libc.a(lib_a-impure.o)
 .debug_line    0x0000000000000f11      0x242 ../../libtock-c/newlib/cortex-m/v6-m/libc.a(lib_a-memcpy-stub.o)
 .debug_line    0x0000000000001153      0x227 ../../libtock-c/newlib/cortex-m/v6-m/libc.a(lib_a-memset.o)
 .debug_line    0x000000000000137a      0x2a4 ../../libtock-c/newlib/cortex-m/v6-m/libc.a(lib_a-printf.o)
 .debug_line    0x000000000000161e      0x367 ../../libtock-c/newlib/cortex-m/v6-m/libc.a(lib_a-puts.o)
 .debug_line    0x0000000000001985      0x2fb ../../libtock-c/newlib/cortex-m/v6-m/libc.a(lib_a-wbuf.o)
 .debug_line    0x0000000000001c80      0x346 ../../libtock-c/newlib/cortex-m/v6-m/libc.a(lib_a-wsetup.o)
 .debug_line    0x0000000000001fc6      0x478 ../../libtock-c/newlib/cortex-m/v6-m/libc.a(lib_a-fflush.o)
 .debug_line    0x000000000000243e      0x5b2 ../../libtock-c/newlib/cortex-m/v6-m/libc.a(lib_a-findfp.o)
 .debug_line    0x00000000000029f0      0x301 ../../libtock-c/newlib/cortex-m/v6-m/libc.a(lib_a-fwalk.o)
 .debug_line    0x0000000000002cf1      0x3a8 ../../libtock-c/newlib/cortex-m/v6-m/libc.a(lib_a-makebuf.o)
 .debug_line    0x0000000000003099      0x2e6 ../../libtock-c/newlib/cortex-m/v6-m/libc.a(lib_a-nano-freer.o)
 .debug_line    0x000000000000337f      0x394 ../../libtock-c/newlib/cortex-m/v6-m/libc.a(lib_a-nano-mallocr.o)
 .debug_line    0x0000000000003713      0x777 ../../libtock-c/newlib/cortex-m/v6-m/libc.a(lib_a-nano-vfprintf.o)
 .debug_line    0x0000000000003e8a      0x6fb ../../libtock-c/newlib/cortex-m/v6-m/libc.a(lib_a-nano-vfprintf_i.o)
 .debug_line    0x0000000000004585      0x1e4 ../../libtock-c/newlib/cortex-m/v6-m/libc.a(lib_a-sbrkr.o)
 .debug_line    0x0000000000004769      0x2e3 ../../libtock-c/newlib/cortex-m/v6-m/libc.a(lib_a-stdio.o)
 .debug_line    0x0000000000004a4c      0x1dc ../../libtock-c/newlib/cortex-m/v6-m/libc.a(lib_a-writer.o)
 .debug_line    0x0000000000004c28      0x1e4 ../../libtock-c/newlib/cortex-m/v6-m/libc.a(lib_a-closer.o)
 .debug_line    0x0000000000004e0c      0x275 ../../libtock-c/newlib/cortex-m/v6-m/libc.a(lib_a-fstatr.o)
 .debug_line    0x0000000000005081      0x61f ../../libtock-c/newlib/cortex-m/v6-m/libc.a(lib_a-fvwrite.o)
 .debug_line    0x00000000000056a0      0x1e5 ../../libtock-c/newlib/cortex-m/v6-m/libc.a(lib_a-isattyr.o)
 .debug_line    0x0000000000005885      0x1dc ../../libtock-c/newlib/cortex-m/v6-m/libc.a(lib_a-lseekr.o)
 .debug_line    0x0000000000005a61      0x1d5 ../../libtock-c/newlib/cortex-m/v6-m/libc.a(lib_a-memchr-stub.o)
 .debug_line    0x0000000000005c36      0x255 ../../libtock-c/newlib/cortex-m/v6-m/libc.a(lib_a-memmove.o)
 .debug_line    0x0000000000005e8b      0x199 ../../libtock-c/newlib/cortex-m/v6-m/libc.a(lib_a-mlock.o)
 .debug_line    0x0000000000006024      0x22e ../../libtock-c/newlib/cortex-m/v6-m/libc.a(lib_a-nano-reallocr.o)
 .debug_line    0x0000000000006252      0x1db ../../libtock-c/newlib/cortex-m/v6-m/libc.a(lib_a-readr.o)
 .debug_line    0x000000000000642d      0x2cc ../../libtock-c/newlib/cortex-m/v6-m/libc.a(lib_a-reent.o)
 .debug_line    0x00000000000066f9      0x1c3 ../../libtock-c/newlib/cortex-m/v6-m/libc.a(lib_a-nano-msizer.o)
 .debug_line    0x00000000000068bc      0x287 ../../libtock-c/libtock/build/cortex-m0/libtock.a(sys.o)
 .debug_line    0x0000000000006b43      0x3d3 ../../libtock-c/libtock/build/cortex-m0/libtock.a(console.o)
 .debug_line    0x0000000000006f16       0x6b ../../libtock-c/libc++/cortex-m/libgcc.a(_thumb1_case_shi.o)
 .debug_line    0x0000000000006f81       0x79 ../../libtock-c/libc++/cortex-m/libgcc.a(_udivsi3.o)
 .debug_line    0x0000000000006ffa       0x87 ../../libtock-c/libc++/cortex-m/libgcc.a(_divsi3.o)
 .debug_line    0x0000000000007081       0x62 ../../libtock-c/libc++/cortex-m/libgcc.a(_dvmd_tls.o)
 .debug_line    0x00000000000070e3      0x162 ../../libtock-c/newlib/cortex-m/v6-m/libc.a(lib_a-errno.o)
 .debug_line    0x0000000000007245      0x1f2 ../../libtock-c/newlib/cortex-m/v6-m/libc.a(lib_a-malloc.o)
 .debug_line    0x0000000000007437      0x1d4 ../../libtock-c/newlib/cortex-m/v6-m/libc.a(lib_a-strncpy.o)

.debug_str      0x0000000000000000     0x26eb
 .debug_str     0x0000000000000000      0x1d0 build/cortex-m0/main.o
                                        0x20e (size before relaxing)
 .debug_str     0x00000000000001d0      0x11d ../../libtock-c/libtock/build/cortex-m0/libtock.a(crt0.o)
                                        0x328 (size before relaxing)
 .debug_str     0x00000000000002ed      0x796 ../../libtock-c/libtock/build/cortex-m0/libtock.a(tock.o)
                                        0x9ea (size before relaxing)
 .debug_str     0x0000000000000a83       0x39 ../drivers/build/cortex-m0/drivers.a(example_driver.o)
                                        0x22d (size before relaxing)
 .debug_str     0x0000000000000abc       0x99 ../../libtock-c/libc++/cortex-m/libgcc.a(_thumb1_case_uqi.o)
 .debug_str     0x0000000000000b55      0x55d ../../libtock-c/newlib/cortex-m/v6-m/libc.a(lib_a-exit.o)
                                        0x69e (size before relaxing)
 .debug_str     0x00000000000010b2       0xb4 ../../libtock-c/newlib/cortex-m/v6-m/libc.a(lib_a-impure.o)
                                        0x652 (size before relaxing)
 .debug_str     0x0000000000001166      0x33b ../../libtock-c/newlib/cortex-m/v6-m/libc.a(lib_a-memcpy-stub.o)
                                        0x991 (size before relaxing)
 .debug_str     0x00000000000014a1       0xaa ../../libtock-c/newlib/cortex-m/v6-m/libc.a(lib_a-memset.o)
                                        0x96b (size before relaxing)
 .debug_str     0x000000000000154b      0x1de ../../libtock-c/newlib/cortex-m/v6-m/libc.a(lib_a-printf.o)
                                        0x7cc (size before relaxing)
 .debug_str     0x0000000000001729       0x76 ../../libtock-c/newlib/cortex-m/v6-m/libc.a(lib_a-puts.o)
                                        0x7d5 (size before relaxing)
 .debug_str     0x000000000000179f       0x67 ../../libtock-c/newlib/cortex-m/v6-m/libc.a(lib_a-wbuf.o)
                                        0x7db (size before relaxing)
 .debug_str     0x0000000000001806       0x55 ../../libtock-c/newlib/cortex-m/v6-m/libc.a(lib_a-wsetup.o)
                                        0x7d6 (size before relaxing)
 .debug_str     0x000000000000185b       0x70 ../../libtock-c/newlib/cortex-m/v6-m/libc.a(lib_a-fflush.o)
                                        0x804 (size before relaxing)
 .debug_str     0x00000000000018cb      0x182 ../../libtock-c/newlib/cortex-m/v6-m/libc.a(lib_a-findfp.o)
                                        0x914 (size before relaxing)
 .debug_str     0x0000000000001a4d       0x4e ../../libtock-c/newlib/cortex-m/v6-m/libc.a(lib_a-fwalk.o)
                                        0x7c8 (size before relaxing)
 .debug_str     0x0000000000001a9b      0x16e ../../libtock-c/newlib/cortex-m/v6-m/libc.a(lib_a-makebuf.o)
                                        0x949 (size before relaxing)
 .debug_str     0x0000000000001c09      0x12d ../../libtock-c/newlib/cortex-m/v6-m/libc.a(lib_a-nano-freer.o)
                                        0x782 (size before relaxing)
 .debug_str     0x0000000000001d36       0x49 ../../libtock-c/newlib/cortex-m/v6-m/libc.a(lib_a-nano-mallocr.o)
                                        0x7c3 (size before relaxing)
 .debug_str     0x0000000000001d7f      0x15d ../../libtock-c/newlib/cortex-m/v6-m/libc.a(lib_a-nano-vfprintf.o)
                                        0xc60 (size before relaxing)
 .debug_str     0x0000000000001edc       0xa1 ../../libtock-c/newlib/cortex-m/v6-m/libc.a(lib_a-nano-vfprintf_i.o)
                                        0xbde (size before relaxing)
 .debug_str     0x0000000000001f7d       0x54 ../../libtock-c/newlib/cortex-m/v6-m/libc.a(lib_a-sbrkr.o)
                                        0x695 (size before relaxing)
 .debug_str     0x0000000000001fd1       0x9f ../../libtock-c/newlib/cortex-m/v6-m/libc.a(lib_a-stdio.o)
                                        0x81c (size before relaxing)
 .debug_str     0x0000000000002070       0x40 ../../libtock-c/newlib/cortex-m/v6-m/libc.a(lib_a-writer.o)
                                        0x692 (size before relaxing)
 .debug_str     0x00000000000020b0       0x40 ../../libtock-c/newlib/cortex-m/v6-m/libc.a(lib_a-closer.o)
                                        0x682 (size before relaxing)
 .debug_str     0x00000000000020f0       0x4d ../../libtock-c/newlib/cortex-m/v6-m/libc.a(lib_a-fstatr.o)
                                        0x7f0 (size before relaxing)
 .debug_str     0x000000000000213d       0x72 ../../libtock-c/newlib/cortex-m/v6-m/libc.a(lib_a-fvwrite.o)
                                        0x855 (size before relaxing)
 .debug_str     0x00000000000021af       0x49 ../../libtock-c/newlib/cortex-m/v6-m/libc.a(lib_a-isattyr.o)
                                        0x68c (size before relaxing)
 .debug_str     0x00000000000021f8       0x47 ../../libtock-c/newlib/cortex-m/v6-m/libc.a(lib_a-lseekr.o)
                                        0x690 (size before relaxing)
 .debug_str     0x000000000000223f       0x5e ../../libtock-c/newlib/cortex-m/v6-m/libc.a(lib_a-memchr-stub.o)
                                        0x678 (size before relaxing)
 .debug_str     0x000000000000229d       0x4b ../../libtock-c/newlib/cortex-m/v6-m/libc.a(lib_a-memmove.o)
                                        0x986 (size before relaxing)
 .debug_str     0x00000000000022e8       0x59 ../../libtock-c/newlib/cortex-m/v6-m/libc.a(lib_a-mlock.o)
                                        0x67e (size before relaxing)
 .debug_str     0x0000000000002341       0x2c ../../libtock-c/newlib/cortex-m/v6-m/libc.a(lib_a-nano-reallocr.o)
                                        0x788 (size before relaxing)
 .debug_str     0x000000000000236d       0x3f ../../libtock-c/newlib/cortex-m/v6-m/libc.a(lib_a-readr.o)
                                        0x690 (size before relaxing)
 .debug_str     0x00000000000023ac       0x6b ../../libtock-c/newlib/cortex-m/v6-m/libc.a(lib_a-reent.o)
                                        0x68e (size before relaxing)
 .debug_str     0x0000000000002417        0xf ../../libtock-c/newlib/cortex-m/v6-m/libc.a(lib_a-nano-msizer.o)
                                        0x75d (size before relaxing)
 .debug_str     0x0000000000002426       0x7e ../../libtock-c/libtock/build/cortex-m0/libtock.a(sys.o)
                                        0x57d (size before relaxing)
 .debug_str     0x00000000000024a4      0x105 ../../libtock-c/libtock/build/cortex-m0/libtock.a(console.o)
                                        0x7a2 (size before relaxing)
 .debug_str     0x00000000000025a9       0x99 ../../libtock-c/libc++/cortex-m/libgcc.a(_thumb1_case_shi.o)
 .debug_str     0x00000000000025a9       0x99 ../../libtock-c/libc++/cortex-m/libgcc.a(_udivsi3.o)
 .debug_str     0x00000000000025a9       0x99 ../../libtock-c/libc++/cortex-m/libgcc.a(_divsi3.o)
 .debug_str     0x00000000000025a9       0x99 ../../libtock-c/libc++/cortex-m/libgcc.a(_dvmd_tls.o)
 .debug_str     0x00000000000025a9       0xa7 ../../libtock-c/newlib/cortex-m/v6-m/libc.a(lib_a-errno.o)
                                        0x664 (size before relaxing)
 .debug_str     0x0000000000002650       0x4d ../../libtock-c/newlib/cortex-m/v6-m/libc.a(lib_a-malloc.o)
                                        0x683 (size before relaxing)
 .debug_str     0x000000000000269d       0x4e ../../libtock-c/newlib/cortex-m/v6-m/libc.a(lib_a-strncpy.o)
                                        0x674 (size before relaxing)

.debug_frame    0x0000000000000000      0xf10
 .debug_frame   0x0000000000000000       0x28 build/cortex-m0/main.o
 .debug_frame   0x0000000000000028       0x5c ../../libtock-c/libtock/build/cortex-m0/libtock.a(crt0.o)
 .debug_frame   0x0000000000000084      0x314 ../../libtock-c/libtock/build/cortex-m0/libtock.a(tock.o)
 .debug_frame   0x0000000000000398       0x20 ../drivers/build/cortex-m0/drivers.a(example_driver.o)
 .debug_frame   0x00000000000003b8       0x30 ../../libtock-c/newlib/cortex-m/v6-m/libc.a(lib_a-exit.o)
 .debug_frame   0x00000000000003e8       0x28 ../../libtock-c/newlib/cortex-m/v6-m/libc.a(lib_a-memcpy-stub.o)
 .debug_frame   0x0000000000000410       0x20 ../../libtock-c/newlib/cortex-m/v6-m/libc.a(lib_a-memset.o)
 .debug_frame   0x0000000000000430       0x54 ../../libtock-c/newlib/cortex-m/v6-m/libc.a(lib_a-printf.o)
 .debug_frame   0x0000000000000484       0x4c ../../libtock-c/newlib/cortex-m/v6-m/libc.a(lib_a-puts.o)
 .debug_frame   0x00000000000004d0       0x4c ../../libtock-c/newlib/cortex-m/v6-m/libc.a(lib_a-wbuf.o)
 .debug_frame   0x000000000000051c       0x34 ../../libtock-c/newlib/cortex-m/v6-m/libc.a(lib_a-wsetup.o)
 .debug_frame   0x0000000000000550       0x6c ../../libtock-c/newlib/cortex-m/v6-m/libc.a(lib_a-fflush.o)
 .debug_frame   0x00000000000005bc      0x158 ../../libtock-c/newlib/cortex-m/v6-m/libc.a(lib_a-findfp.o)
 .debug_frame   0x0000000000000714       0x50 ../../libtock-c/newlib/cortex-m/v6-m/libc.a(lib_a-fwalk.o)
 .debug_frame   0x0000000000000764       0x58 ../../libtock-c/newlib/cortex-m/v6-m/libc.a(lib_a-makebuf.o)
 .debug_frame   0x00000000000007bc       0x30 ../../libtock-c/newlib/cortex-m/v6-m/libc.a(lib_a-nano-freer.o)
 .debug_frame   0x00000000000007ec       0x34 ../../libtock-c/newlib/cortex-m/v6-m/libc.a(lib_a-nano-mallocr.o)
 .debug_frame   0x0000000000000820       0xa8 ../../libtock-c/newlib/cortex-m/v6-m/libc.a(lib_a-nano-vfprintf.o)
 .debug_frame   0x00000000000008c8       0x58 ../../libtock-c/newlib/cortex-m/v6-m/libc.a(lib_a-nano-vfprintf_i.o)
 .debug_frame   0x0000000000000920       0x30 ../../libtock-c/newlib/cortex-m/v6-m/libc.a(lib_a-sbrkr.o)
 .debug_frame   0x0000000000000950       0x90 ../../libtock-c/newlib/cortex-m/v6-m/libc.a(lib_a-stdio.o)
 .debug_frame   0x00000000000009e0       0x30 ../../libtock-c/newlib/cortex-m/v6-m/libc.a(lib_a-writer.o)
 .debug_frame   0x0000000000000a10       0x30 ../../libtock-c/newlib/cortex-m/v6-m/libc.a(lib_a-closer.o)
 .debug_frame   0x0000000000000a40       0x30 ../../libtock-c/newlib/cortex-m/v6-m/libc.a(lib_a-fstatr.o)
 .debug_frame   0x0000000000000a70       0x30 ../../libtock-c/newlib/cortex-m/v6-m/libc.a(lib_a-fvwrite.o)
 .debug_frame   0x0000000000000aa0       0x30 ../../libtock-c/newlib/cortex-m/v6-m/libc.a(lib_a-isattyr.o)
 .debug_frame   0x0000000000000ad0       0x30 ../../libtock-c/newlib/cortex-m/v6-m/libc.a(lib_a-lseekr.o)
 .debug_frame   0x0000000000000b00       0x20 ../../libtock-c/newlib/cortex-m/v6-m/libc.a(lib_a-memchr-stub.o)
 .debug_frame   0x0000000000000b20       0x28 ../../libtock-c/newlib/cortex-m/v6-m/libc.a(lib_a-memmove.o)
 .debug_frame   0x0000000000000b48       0x30 ../../libtock-c/newlib/cortex-m/v6-m/libc.a(lib_a-mlock.o)
 .debug_frame   0x0000000000000b78       0x30 ../../libtock-c/newlib/cortex-m/v6-m/libc.a(lib_a-nano-reallocr.o)
 .debug_frame   0x0000000000000ba8       0x30 ../../libtock-c/newlib/cortex-m/v6-m/libc.a(lib_a-readr.o)
 .debug_frame   0x0000000000000bd8       0x50 ../../libtock-c/newlib/cortex-m/v6-m/libc.a(lib_a-reent.o)
 .debug_frame   0x0000000000000c28       0x20 ../../libtock-c/newlib/cortex-m/v6-m/libc.a(lib_a-nano-msizer.o)
 .debug_frame   0x0000000000000c48       0xe8 ../../libtock-c/libtock/build/cortex-m0/libtock.a(sys.o)
 .debug_frame   0x0000000000000d30      0x108 ../../libtock-c/libtock/build/cortex-m0/libtock.a(console.o)
 .debug_frame   0x0000000000000e38       0x20 ../../libtock-c/libc++/cortex-m/libgcc.a(_udivsi3.o)
 .debug_frame   0x0000000000000e58       0x20 ../../libtock-c/libc++/cortex-m/libgcc.a(_divsi3.o)
 .debug_frame   0x0000000000000e78       0x2c ../../libtock-c/newlib/cortex-m/v6-m/libc.a(lib_a-errno.o)
 .debug_frame   0x0000000000000ea4       0x40 ../../libtock-c/newlib/cortex-m/v6-m/libc.a(lib_a-malloc.o)
 .debug_frame   0x0000000000000ee4       0x2c ../../libtock-c/newlib/cortex-m/v6-m/libc.a(lib_a-strncpy.o)
