Archive member included to satisfy reference by file (symbol)

../../libtock-c/libtock/build/cortex-m3/libtock.a(crt0.o)
                              (_start)
../../libtock-c/libtock/build/cortex-m3/libtock.a(tock.o)
                              ../../libtock-c/libtock/build/cortex-m3/libtock.a(crt0.o) (yield)
../drivers/build/cortex-m3/drivers.a(example_driver.o)
                              build/cortex-m3/main.o (example_driver_action)
../../libtock-c/newlib/cortex-m/v7-m/libc.a(lib_a-exit.o)
                              ../../libtock-c/libtock/build/cortex-m3/libtock.a(tock.o) (exit)
../../libtock-c/newlib/cortex-m/v7-m/libc.a(lib_a-impure.o)
                              ../../libtock-c/newlib/cortex-m/v7-m/libc.a(lib_a-exit.o) (_global_impure_ptr)
../../libtock-c/newlib/cortex-m/v7-m/libc.a(lib_a-memcpy-stub.o)
                              ../../libtock-c/libtock/build/cortex-m3/libtock.a(crt0.o) (memcpy)
../../libtock-c/newlib/cortex-m/v7-m/libc.a(lib_a-memset.o)
                              ../../libtock-c/libtock/build/cortex-m3/libtock.a(crt0.o) (memset)
../../libtock-c/newlib/cortex-m/v7-m/libc.a(lib_a-printf.o)
                              ../../libtock-c/libtock/build/cortex-m3/libtock.a(tock.o) (printf)
../../libtock-c/newlib/cortex-m/v7-m/libc.a(lib_a-puts.o)
                              build/cortex-m3/main.o (puts)
../../libtock-c/newlib/cortex-m/v7-m/libc.a(lib_a-wbuf.o)
                              ../../libtock-c/newlib/cortex-m/v7-m/libc.a(lib_a-puts.o) (__swbuf_r)
../../libtock-c/newlib/cortex-m/v7-m/libc.a(lib_a-wsetup.o)
                              ../../libtock-c/newlib/cortex-m/v7-m/libc.a(lib_a-puts.o) (__swsetup_r)
../../libtock-c/newlib/cortex-m/v7-m/libc.a(lib_a-fflush.o)
                              ../../libtock-c/newlib/cortex-m/v7-m/libc.a(lib_a-wbuf.o) (_fflush_r)
../../libtock-c/newlib/cortex-m/v7-m/libc.a(lib_a-findfp.o)
                              ../../libtock-c/newlib/cortex-m/v7-m/libc.a(lib_a-printf.o) (__sinit)
../../libtock-c/newlib/cortex-m/v7-m/libc.a(lib_a-fwalk.o)
                              ../../libtock-c/newlib/cortex-m/v7-m/libc.a(lib_a-findfp.o) (_fwalk)
../../libtock-c/newlib/cortex-m/v7-m/libc.a(lib_a-makebuf.o)
                              ../../libtock-c/newlib/cortex-m/v7-m/libc.a(lib_a-wsetup.o) (__smakebuf_r)
../../libtock-c/newlib/cortex-m/v7-m/libc.a(lib_a-nano-freer.o)
                              ../../libtock-c/newlib/cortex-m/v7-m/libc.a(lib_a-wsetup.o) (_free_r)
../../libtock-c/newlib/cortex-m/v7-m/libc.a(lib_a-nano-mallocr.o)
                              ../../libtock-c/newlib/cortex-m/v7-m/libc.a(lib_a-findfp.o) (_malloc_r)
../../libtock-c/newlib/cortex-m/v7-m/libc.a(lib_a-nano-vfprintf.o)
                              ../../libtock-c/newlib/cortex-m/v7-m/libc.a(lib_a-printf.o) (_vfprintf_r)
../../libtock-c/newlib/cortex-m/v7-m/libc.a(lib_a-nano-vfprintf_i.o)
                              ../../libtock-c/newlib/cortex-m/v7-m/libc.a(lib_a-nano-vfprintf.o) (_printf_i)
../../libtock-c/newlib/cortex-m/v7-m/libc.a(lib_a-sbrkr.o)
                              ../../libtock-c/newlib/cortex-m/v7-m/libc.a(lib_a-nano-mallocr.o) (_sbrk_r)
../../libtock-c/newlib/cortex-m/v7-m/libc.a(lib_a-stdio.o)
                              ../../libtock-c/newlib/cortex-m/v7-m/libc.a(lib_a-findfp.o) (__sread)
../../libtock-c/newlib/cortex-m/v7-m/libc.a(lib_a-writer.o)
                              ../../libtock-c/newlib/cortex-m/v7-m/libc.a(lib_a-stdio.o) (_write_r)
../../libtock-c/newlib/cortex-m/v7-m/libc.a(lib_a-closer.o)
                              ../../libtock-c/newlib/cortex-m/v7-m/libc.a(lib_a-stdio.o) (_close_r)
../../libtock-c/newlib/cortex-m/v7-m/libc.a(lib_a-fstatr.o)
                              ../../libtock-c/newlib/cortex-m/v7-m/libc.a(lib_a-makebuf.o) (_fstat_r)
../../libtock-c/newlib/cortex-m/v7-m/libc.a(lib_a-fvwrite.o)
                              ../../libtock-c/newlib/cortex-m/v7-m/libc.a(lib_a-nano-vfprintf.o) (__sfvwrite_r)
../../libtock-c/newlib/cortex-m/v7-m/libc.a(lib_a-isattyr.o)
                              ../../libtock-c/newlib/cortex-m/v7-m/libc.a(lib_a-makebuf.o) (_isatty_r)
../../libtock-c/newlib/cortex-m/v7-m/libc.a(lib_a-lseekr.o)
                              ../../libtock-c/newlib/cortex-m/v7-m/libc.a(lib_a-stdio.o) (_lseek_r)
../../libtock-c/newlib/cortex-m/v7-m/libc.a(lib_a-memchr-stub.o)
                              ../../libtock-c/newlib/cortex-m/v7-m/libc.a(lib_a-nano-vfprintf.o) (memchr)
../../libtock-c/newlib/cortex-m/v7-m/libc.a(lib_a-memmove.o)
                              ../../libtock-c/newlib/cortex-m/v7-m/libc.a(lib_a-fvwrite.o) (memmove)
../../libtock-c/newlib/cortex-m/v7-m/libc.a(lib_a-mlock.o)
                              ../../libtock-c/newlib/cortex-m/v7-m/libc.a(lib_a-nano-freer.o) (__malloc_lock)
../../libtock-c/newlib/cortex-m/v7-m/libc.a(lib_a-nano-reallocr.o)
                              ../../libtock-c/newlib/cortex-m/v7-m/libc.a(lib_a-fvwrite.o) (_realloc_r)
../../libtock-c/newlib/cortex-m/v7-m/libc.a(lib_a-readr.o)
                              ../../libtock-c/newlib/cortex-m/v7-m/libc.a(lib_a-stdio.o) (_read_r)
../../libtock-c/newlib/cortex-m/v7-m/libc.a(lib_a-reent.o)
                              ../../libtock-c/newlib/cortex-m/v7-m/libc.a(lib_a-sbrkr.o) (errno)
../../libtock-c/newlib/cortex-m/v7-m/libc.a(lib_a-nano-msizer.o)
                              ../../libtock-c/newlib/cortex-m/v7-m/libc.a(lib_a-nano-reallocr.o) (_malloc_usable_size_r)
../../libtock-c/libtock/build/cortex-m3/libtock.a(sys.o)
                              ../../libtock-c/newlib/cortex-m/v7-m/libc.a(lib_a-isattyr.o) (_isatty)
../../libtock-c/libtock/build/cortex-m3/libtock.a(console.o)
                              ../../libtock-c/libtock/build/cortex-m3/libtock.a(sys.o) (putnstr)
../../libtock-c/newlib/cortex-m/v7-m/libc.a(lib_a-errno.o)
                              ../../libtock-c/libtock/build/cortex-m3/libtock.a(sys.o) (__errno)
../../libtock-c/newlib/cortex-m/v7-m/libc.a(lib_a-malloc.o)
                              ../../libtock-c/libtock/build/cortex-m3/libtock.a(console.o) (malloc)
../../libtock-c/newlib/cortex-m/v7-m/libc.a(lib_a-strncpy.o)
                              ../../libtock-c/libtock/build/cortex-m3/libtock.a(console.o) (strncpy)

Allocating common symbols
Common symbol       size              file

errno               0x4               ../../libtock-c/newlib/cortex-m/v7-m/libc.a(lib_a-reent.o)

Discarded input sections

 .text          0x0000000000000000        0x0 build/cortex-m3/main.o
 .text          0x0000000000000000        0x0 ../../libtock-c/libtock/build/cortex-m3/libtock.a(crt0.o)
 .text._c_start_nopic
                0x0000000000000000       0x38 ../../libtock-c/libtock/build/cortex-m3/libtock.a(crt0.o)
 .text          0x0000000000000000        0x0 ../../libtock-c/libtock/build/cortex-m3/libtock.a(tock.o)
 .text.tock_enqueue
                0x0000000000000000       0x5c ../../libtock-c/libtock/build/cortex-m3/libtock.a(tock.o)
 .text.tock_command_return_u32_to_returncode
                0x0000000000000000       0x30 ../../libtock-c/libtock/build/cortex-m3/libtock.a(tock.o)
 .text.tock_subscribe_return_to_returncode
                0x0000000000000000       0x20 ../../libtock-c/libtock/build/cortex-m3/libtock.a(tock.o)
 .text.tock_allow_rw_return_to_returncode
                0x0000000000000000       0x20 ../../libtock-c/libtock/build/cortex-m3/libtock.a(tock.o)
 .text.tock_allow_ro_return_to_returncode
                0x0000000000000000       0x20 ../../libtock-c/libtock/build/cortex-m3/libtock.a(tock.o)
 .text.yield_no_wait
                0x0000000000000000       0x20 ../../libtock-c/libtock/build/cortex-m3/libtock.a(tock.o)
 .text.tock_exit
                0x0000000000000000        0x6 ../../libtock-c/libtock/build/cortex-m3/libtock.a(tock.o)
 .text.tock_restart
                0x0000000000000000        0x6 ../../libtock-c/libtock/build/cortex-m3/libtock.a(tock.o)
 .text.allow_readwrite
                0x0000000000000000       0x38 ../../libtock-c/libtock/build/cortex-m3/libtock.a(tock.o)
 .text.tock_app_memory_begins_at
                0x0000000000000000       0x1e ../../libtock-c/libtock/build/cortex-m3/libtock.a(tock.o)
 .text.tock_app_memory_ends_at
                0x0000000000000000       0x1e ../../libtock-c/libtock/build/cortex-m3/libtock.a(tock.o)
 .text.tock_app_flash_begins_at
                0x0000000000000000       0x1e ../../libtock-c/libtock/build/cortex-m3/libtock.a(tock.o)
 .text.tock_app_flash_ends_at
                0x0000000000000000       0x1e ../../libtock-c/libtock/build/cortex-m3/libtock.a(tock.o)
 .text.tock_app_grant_begins_at
                0x0000000000000000       0x1e ../../libtock-c/libtock/build/cortex-m3/libtock.a(tock.o)
 .text.tock_app_number_writeable_flash_regions
                0x0000000000000000       0x1e ../../libtock-c/libtock/build/cortex-m3/libtock.a(tock.o)
 .text.tock_app_writeable_flash_region_begins_at
                0x0000000000000000       0x1e ../../libtock-c/libtock/build/cortex-m3/libtock.a(tock.o)
 .text.tock_app_writeable_flash_region_ends_at
                0x0000000000000000       0x1e ../../libtock-c/libtock/build/cortex-m3/libtock.a(tock.o)
 .text.driver_exists
                0x0000000000000000       0x1c ../../libtock-c/libtock/build/cortex-m3/libtock.a(tock.o)
 .rodata.tock_strrcode.str1.1
                0x0000000000000000      0x1c8 ../../libtock-c/libtock/build/cortex-m3/libtock.a(tock.o)
 .text.tock_strrcode
                0x0000000000000000       0xa8 ../../libtock-c/libtock/build/cortex-m3/libtock.a(tock.o)
 .text.tock_strerr
                0x0000000000000000       0x10 ../../libtock-c/libtock/build/cortex-m3/libtock.a(tock.o)
 .rodata.tock_expect.str1.1
                0x0000000000000000       0x65 ../../libtock-c/libtock/build/cortex-m3/libtock.a(tock.o)
 .text.tock_expect
                0x0000000000000000       0x50 ../../libtock-c/libtock/build/cortex-m3/libtock.a(tock.o)
 .text          0x0000000000000000        0x0 ../drivers/build/cortex-m3/drivers.a(example_driver.o)
 .text          0x0000000000000000        0x0 ../../libtock-c/newlib/cortex-m/v7-m/libc.a(lib_a-exit.o)
 .text          0x0000000000000000        0x0 ../../libtock-c/newlib/cortex-m/v7-m/libc.a(lib_a-impure.o)
 .text          0x0000000000000000        0x0 ../../libtock-c/newlib/cortex-m/v7-m/libc.a(lib_a-memcpy-stub.o)
 .text          0x0000000000000000        0x0 ../../libtock-c/newlib/cortex-m/v7-m/libc.a(lib_a-memset.o)
 .text          0x0000000000000000        0x0 ../../libtock-c/newlib/cortex-m/v7-m/libc.a(lib_a-printf.o)
 .text._printf_r
                0x0000000000000000       0x28 ../../libtock-c/newlib/cortex-m/v7-m/libc.a(lib_a-printf.o)
 .text.printf   0x0000000000000000       0x34 ../../libtock-c/newlib/cortex-m/v7-m/libc.a(lib_a-printf.o)
 .text          0x0000000000000000        0x0 ../../libtock-c/newlib/cortex-m/v7-m/libc.a(lib_a-puts.o)
 .text          0x0000000000000000        0x0 ../../libtock-c/newlib/cortex-m/v7-m/libc.a(lib_a-wbuf.o)
 .text.__swbuf  0x0000000000000000       0x14 ../../libtock-c/newlib/cortex-m/v7-m/libc.a(lib_a-wbuf.o)
 .text          0x0000000000000000        0x0 ../../libtock-c/newlib/cortex-m/v7-m/libc.a(lib_a-wsetup.o)
 .text          0x0000000000000000        0x0 ../../libtock-c/newlib/cortex-m/v7-m/libc.a(lib_a-fflush.o)
 .text.fflush   0x0000000000000000       0x30 ../../libtock-c/newlib/cortex-m/v7-m/libc.a(lib_a-fflush.o)
 .text          0x0000000000000000        0x0 ../../libtock-c/newlib/cortex-m/v7-m/libc.a(lib_a-findfp.o)
 .text.__fp_lock
                0x0000000000000000        0x4 ../../libtock-c/newlib/cortex-m/v7-m/libc.a(lib_a-findfp.o)
 .text.__fp_unlock
                0x0000000000000000        0x4 ../../libtock-c/newlib/cortex-m/v7-m/libc.a(lib_a-findfp.o)
 .text._cleanup
                0x0000000000000000       0x10 ../../libtock-c/newlib/cortex-m/v7-m/libc.a(lib_a-findfp.o)
 .text.__fp_lock_all
                0x0000000000000000       0x24 ../../libtock-c/newlib/cortex-m/v7-m/libc.a(lib_a-findfp.o)
 .text.__fp_unlock_all
                0x0000000000000000       0x24 ../../libtock-c/newlib/cortex-m/v7-m/libc.a(lib_a-findfp.o)
 .text          0x0000000000000000        0x0 ../../libtock-c/newlib/cortex-m/v7-m/libc.a(lib_a-fwalk.o)
 .text._fwalk   0x0000000000000000       0x3a ../../libtock-c/newlib/cortex-m/v7-m/libc.a(lib_a-fwalk.o)
 .text          0x0000000000000000        0x0 ../../libtock-c/newlib/cortex-m/v7-m/libc.a(lib_a-makebuf.o)
 .text          0x0000000000000000        0x0 ../../libtock-c/newlib/cortex-m/v7-m/libc.a(lib_a-nano-freer.o)
 .text          0x0000000000000000        0x0 ../../libtock-c/newlib/cortex-m/v7-m/libc.a(lib_a-nano-mallocr.o)
 .text          0x0000000000000000        0x0 ../../libtock-c/newlib/cortex-m/v7-m/libc.a(lib_a-nano-vfprintf.o)
 .text.__sfputc_r
                0x0000000000000000       0x2a ../../libtock-c/newlib/cortex-m/v7-m/libc.a(lib_a-nano-vfprintf.o)
 .text.__sfputs_r
                0x0000000000000000       0x24 ../../libtock-c/newlib/cortex-m/v7-m/libc.a(lib_a-nano-vfprintf.o)
 .text.__sprint_r
                0x0000000000000000       0x1a ../../libtock-c/newlib/cortex-m/v7-m/libc.a(lib_a-nano-vfprintf.o)
 .rodata._vfprintf_r.str1.1
                0x0000000000000000       0x11 ../../libtock-c/newlib/cortex-m/v7-m/libc.a(lib_a-nano-vfprintf.o)
 .text._vfprintf_r
                0x0000000000000000      0x23c ../../libtock-c/newlib/cortex-m/v7-m/libc.a(lib_a-nano-vfprintf.o)
 .text.vfprintf
                0x0000000000000000       0x1c ../../libtock-c/newlib/cortex-m/v7-m/libc.a(lib_a-nano-vfprintf.o)
 .text          0x0000000000000000        0x0 ../../libtock-c/newlib/cortex-m/v7-m/libc.a(lib_a-nano-vfprintf_i.o)
 .text._printf_common
                0x0000000000000000       0xde ../../libtock-c/newlib/cortex-m/v7-m/libc.a(lib_a-nano-vfprintf_i.o)
 .rodata._printf_i.str1.1
                0x0000000000000000       0x22 ../../libtock-c/newlib/cortex-m/v7-m/libc.a(lib_a-nano-vfprintf_i.o)
 .text._printf_i
                0x0000000000000000      0x260 ../../libtock-c/newlib/cortex-m/v7-m/libc.a(lib_a-nano-vfprintf_i.o)
 .text          0x0000000000000000        0x0 ../../libtock-c/newlib/cortex-m/v7-m/libc.a(lib_a-sbrkr.o)
 .text          0x0000000000000000        0x0 ../../libtock-c/newlib/cortex-m/v7-m/libc.a(lib_a-stdio.o)
 .text.__seofread
                0x0000000000000000        0x4 ../../libtock-c/newlib/cortex-m/v7-m/libc.a(lib_a-stdio.o)
 .text          0x0000000000000000        0x0 ../../libtock-c/newlib/cortex-m/v7-m/libc.a(lib_a-writer.o)
 .text          0x0000000000000000        0x0 ../../libtock-c/newlib/cortex-m/v7-m/libc.a(lib_a-closer.o)
 .text          0x0000000000000000        0x0 ../../libtock-c/newlib/cortex-m/v7-m/libc.a(lib_a-fstatr.o)
 .text          0x0000000000000000        0x0 ../../libtock-c/newlib/cortex-m/v7-m/libc.a(lib_a-fvwrite.o)
 .text.__sfvwrite_r
                0x0000000000000000      0x298 ../../libtock-c/newlib/cortex-m/v7-m/libc.a(lib_a-fvwrite.o)
 .text          0x0000000000000000        0x0 ../../libtock-c/newlib/cortex-m/v7-m/libc.a(lib_a-isattyr.o)
 .text          0x0000000000000000        0x0 ../../libtock-c/newlib/cortex-m/v7-m/libc.a(lib_a-lseekr.o)
 .text          0x0000000000000000        0x0 ../../libtock-c/newlib/cortex-m/v7-m/libc.a(lib_a-memchr-stub.o)
 .text.memchr   0x0000000000000000       0x1c ../../libtock-c/newlib/cortex-m/v7-m/libc.a(lib_a-memchr-stub.o)
 .text          0x0000000000000000        0x0 ../../libtock-c/newlib/cortex-m/v7-m/libc.a(lib_a-memmove.o)
 .text.memmove  0x0000000000000000       0x34 ../../libtock-c/newlib/cortex-m/v7-m/libc.a(lib_a-memmove.o)
 .text          0x0000000000000000        0x0 ../../libtock-c/newlib/cortex-m/v7-m/libc.a(lib_a-mlock.o)
 .text          0x0000000000000000        0x0 ../../libtock-c/newlib/cortex-m/v7-m/libc.a(lib_a-nano-reallocr.o)
 .text._realloc_r
                0x0000000000000000       0x5e ../../libtock-c/newlib/cortex-m/v7-m/libc.a(lib_a-nano-reallocr.o)
 .text          0x0000000000000000        0x0 ../../libtock-c/newlib/cortex-m/v7-m/libc.a(lib_a-readr.o)
 .text          0x0000000000000000        0x0 ../../libtock-c/newlib/cortex-m/v7-m/libc.a(lib_a-reent.o)
 .text.cleanup_glue
                0x0000000000000000       0x1a ../../libtock-c/newlib/cortex-m/v7-m/libc.a(lib_a-reent.o)
 .text._reclaim_reent
                0x0000000000000000       0xbc ../../libtock-c/newlib/cortex-m/v7-m/libc.a(lib_a-reent.o)
 .text          0x0000000000000000        0x0 ../../libtock-c/newlib/cortex-m/v7-m/libc.a(lib_a-nano-msizer.o)
 .text._malloc_usable_size_r
                0x0000000000000000       0x10 ../../libtock-c/newlib/cortex-m/v7-m/libc.a(lib_a-nano-msizer.o)
 .text          0x0000000000000000        0x0 ../../libtock-c/libtock/build/cortex-m3/libtock.a(sys.o)
 .text._unlink  0x0000000000000000        0x6 ../../libtock-c/libtock/build/cortex-m3/libtock.a(sys.o)
 .text._open    0x0000000000000000        0xa ../../libtock-c/libtock/build/cortex-m3/libtock.a(sys.o)
 .text._getpid  0x0000000000000000        0x4 ../../libtock-c/libtock/build/cortex-m3/libtock.a(sys.o)
 .text._kill    0x0000000000000000        0x6 ../../libtock-c/libtock/build/cortex-m3/libtock.a(sys.o)
 .text          0x0000000000000000        0x0 ../../libtock-c/libtock/build/cortex-m3/libtock.a(console.o)
 .text.getnstr_upcall
                0x0000000000000000       0x14 ../../libtock-c/libtock/build/cortex-m3/libtock.a(console.o)
 .text.getnstr_async
                0x0000000000000000       0x66 ../../libtock-c/libtock/build/cortex-m3/libtock.a(console.o)
 .text.getnstr  0x0000000000000000       0x38 ../../libtock-c/libtock/build/cortex-m3/libtock.a(console.o)
 .text.getch    0x0000000000000000       0x1c ../../libtock-c/libtock/build/cortex-m3/libtock.a(console.o)
 .text.getnstr_abort
                0x0000000000000000       0x22 ../../libtock-c/libtock/build/cortex-m3/libtock.a(console.o)
 .text          0x0000000000000000        0x0 ../../libtock-c/newlib/cortex-m/v7-m/libc.a(lib_a-errno.o)
 .text          0x0000000000000000        0x0 ../../libtock-c/newlib/cortex-m/v7-m/libc.a(lib_a-malloc.o)
 .text          0x0000000000000000        0x0 ../../libtock-c/newlib/cortex-m/v7-m/libc.a(lib_a-strncpy.o)

Memory Configuration

Name             Origin             Length             Attributes
FLASH            0x0000000080000000 0x0000000000070000 xr
SRAM             0x0000000000000000 0x0000000000010000 xrw
*default*        0x0000000000000000 0xffffffffffffffff

Linker script and memory map

                0x0000000000000800                STACK_SIZE = 0x800
                0x0000000000000400                APP_HEAP_SIZE = 0x400
                0x0000000000000400                KERNEL_HEAP_SIZE = 0x400
START GROUP
LOAD build/cortex-m3/main.o
LOAD ../../libtock-c/libtock/build/cortex-m3/libtock.a
LOAD ../drivers/build/cortex-m3/drivers.a
LOAD ../../libtock-c/libc++/cortex-m/libstdc++.a
LOAD ../../libtock-c/libc++/cortex-m/libsupc++.a
LOAD ../../libtock-c/libc++/cortex-m/libgcc.a
LOAD ../../libtock-c/newlib/cortex-m/v7-m/libc.a
LOAD ../../libtock-c/newlib/cortex-m/v7-m/libm.a
END GROUP
                0x0000000000070000                PROG_LENGTH = 0x70000
                0x0000000000010000                RAM_LENGTH = 0x10000

.crt0_header    0x0000000080000000       0x28
                0x0000000080000000        0x4 LONG 0xe90 (LOADADDR (.got) - ORIGIN (FLASH))
                0x0000000080000004        0x4 LONG 0x800 (_got - ORIGIN (SRAM))
                0x0000000080000008        0x4 LONG 0x64 SIZEOF (.got)
                0x000000008000000c        0x4 LONG 0xef4 (LOADADDR (.data) - ORIGIN (FLASH))
                0x0000000080000010        0x4 LONG 0x864 (_data - ORIGIN (SRAM))
                0x0000000080000014        0x4 LONG 0x70 SIZEOF (.data)
                0x0000000080000018        0x4 LONG 0x8d4 (_bss - ORIGIN (SRAM))
                0x000000008000001c        0x4 LONG 0x160 SIZEOF (.bss)
                0x0000000080000020        0x4 LONG 0xf64 (LOADADDR (.endflash) - ORIGIN (FLASH))
                0x0000000080000024        0x4 LONG 0x800 STACK_SIZE

.wfr.app_state  0x0000000080000028        0x0
 *(.app_state)
                0x0000000080000028                . = ALIGN (0x4)

.text           0x0000000080000028      0xe68
                0x0000000080000028                . = ALIGN (0x4)
                0x0000000080000028                _text = .
 *(.start)
 .start         0x0000000080000028       0x44 ../../libtock-c/libtock/build/cortex-m3/libtock.a(crt0.o)
                0x0000000080000028                _start
 *(.text*)
 .text.startup.main
                0x000000008000006c       0x18 build/cortex-m3/main.o
                0x000000008000006c                main
 .text._c_start_pic
                0x0000000080000084       0x7c ../../libtock-c/libtock/build/cortex-m3/libtock.a(crt0.o)
                0x0000000080000084                _c_start_pic
 .text.__yield_check_tasks
                0x0000000080000100       0x54 ../../libtock-c/libtock/build/cortex-m3/libtock.a(tock.o)
 .text.tock_status_to_returncode
                0x0000000080000154        0x4 ../../libtock-c/libtock/build/cortex-m3/libtock.a(tock.o)
                0x0000000080000154                tock_status_to_returncode
 .text.tock_command_return_novalue_to_returncode
                0x0000000080000158       0x2c ../../libtock-c/libtock/build/cortex-m3/libtock.a(tock.o)
                0x0000000080000158                tock_command_return_novalue_to_returncode
 .text.yield    0x0000000080000184       0x10 ../../libtock-c/libtock/build/cortex-m3/libtock.a(tock.o)
                0x0000000080000184                yield
 .text.yield_for
                0x0000000080000194       0x10 ../../libtock-c/libtock/build/cortex-m3/libtock.a(tock.o)
                0x0000000080000194                yield_for
 .text.subscribe
                0x00000000800001a4       0x3a ../../libtock-c/libtock/build/cortex-m3/libtock.a(tock.o)
                0x00000000800001a4                subscribe
 .text.command  0x00000000800001de       0x1a ../../libtock-c/libtock/build/cortex-m3/libtock.a(tock.o)
                0x00000000800001de                command
 .text.allow_readonly
                0x00000000800001f8       0x3a ../../libtock-c/libtock/build/cortex-m3/libtock.a(tock.o)
                0x00000000800001f8                allow_readonly
 .text.memop    0x0000000080000232       0x32 ../../libtock-c/libtock/build/cortex-m3/libtock.a(tock.o)
                0x0000000080000232                memop
 .text.example_driver_action
                0x0000000080000264        0x2 ../drivers/build/cortex-m3/drivers.a(example_driver.o)
                0x0000000080000264                example_driver_action
 *fill*         0x0000000080000266        0x2 ff
 .text.exit     0x0000000080000268       0x30 ../../libtock-c/newlib/cortex-m/v7-m/libc.a(lib_a-exit.o)
                0x0000000080000268                exit
 .text.memcpy   0x0000000080000298       0x1c ../../libtock-c/newlib/cortex-m/v7-m/libc.a(lib_a-memcpy-stub.o)
                0x0000000080000298                memcpy
 .text.memset   0x00000000800002b4       0x10 ../../libtock-c/newlib/cortex-m/v7-m/libc.a(lib_a-memset.o)
                0x00000000800002b4                memset
 .text._puts_r  0x00000000800002c4       0xc4 ../../libtock-c/newlib/cortex-m/v7-m/libc.a(lib_a-puts.o)
                0x00000000800002c4                _puts_r
 .text.puts     0x0000000080000388       0x14 ../../libtock-c/newlib/cortex-m/v7-m/libc.a(lib_a-puts.o)
                0x0000000080000388                puts
 .text.__swbuf_r
                0x000000008000039c       0xb0 ../../libtock-c/newlib/cortex-m/v7-m/libc.a(lib_a-wbuf.o)
                0x000000008000039c                __swbuf_r
 .text.__swsetup_r
                0x000000008000044c       0xec ../../libtock-c/newlib/cortex-m/v7-m/libc.a(lib_a-wsetup.o)
                0x000000008000044c                __swsetup_r
 .text.__sflush_r
                0x0000000080000538      0x10c ../../libtock-c/newlib/cortex-m/v7-m/libc.a(lib_a-fflush.o)
                0x0000000080000538                __sflush_r
 .text._fflush_r
                0x0000000080000644       0x60 ../../libtock-c/newlib/cortex-m/v7-m/libc.a(lib_a-fflush.o)
                0x0000000080000644                _fflush_r
 .text.std      0x00000000800006a4       0x58 ../../libtock-c/newlib/cortex-m/v7-m/libc.a(lib_a-findfp.o)
 .text._cleanup_r
                0x00000000800006fc       0x10 ../../libtock-c/newlib/cortex-m/v7-m/libc.a(lib_a-findfp.o)
                0x00000000800006fc                _cleanup_r
 .text.__sfmoreglue
                0x000000008000070c       0x2c ../../libtock-c/newlib/cortex-m/v7-m/libc.a(lib_a-findfp.o)
                0x000000008000070c                __sfmoreglue
 .text.__sfp_lock_acquire
                0x0000000080000738        0x2 ../../libtock-c/newlib/cortex-m/v7-m/libc.a(lib_a-findfp.o)
                0x0000000080000738                __sfp_lock_acquire
 .text.__sfp_lock_release
                0x000000008000073a        0x2 ../../libtock-c/newlib/cortex-m/v7-m/libc.a(lib_a-findfp.o)
                0x000000008000073a                __sfp_lock_release
 .text.__sinit_lock_acquire
                0x000000008000073c        0x2 ../../libtock-c/newlib/cortex-m/v7-m/libc.a(lib_a-findfp.o)
                0x000000008000073c                __sinit_lock_acquire
 .text.__sinit_lock_release
                0x000000008000073e        0x2 ../../libtock-c/newlib/cortex-m/v7-m/libc.a(lib_a-findfp.o)
                0x000000008000073e                __sinit_lock_release
 .text.__sinit  0x0000000080000740       0x78 ../../libtock-c/newlib/cortex-m/v7-m/libc.a(lib_a-findfp.o)
                0x0000000080000740                __sinit
 .text.__sfp    0x00000000800007b8       0x88 ../../libtock-c/newlib/cortex-m/v7-m/libc.a(lib_a-findfp.o)
                0x00000000800007b8                __sfp
 .text._fwalk_reent
                0x0000000080000840       0x3e ../../libtock-c/newlib/cortex-m/v7-m/libc.a(lib_a-fwalk.o)
                0x0000000080000840                _fwalk_reent
 .text.__swhatbuf_r
                0x000000008000087e       0x48 ../../libtock-c/newlib/cortex-m/v7-m/libc.a(lib_a-makebuf.o)
                0x000000008000087e                __swhatbuf_r
 *fill*         0x00000000800008c6        0x2 ff
 .text.__smakebuf_r
                0x00000000800008c8       0x84 ../../libtock-c/newlib/cortex-m/v7-m/libc.a(lib_a-makebuf.o)
                0x00000000800008c8                __smakebuf_r
 .text._free_r  0x000000008000094c       0x94 ../../libtock-c/newlib/cortex-m/v7-m/libc.a(lib_a-nano-freer.o)
                0x000000008000094c                _free_r
 .text._malloc_r
                0x00000000800009e0       0xbc ../../libtock-c/newlib/cortex-m/v7-m/libc.a(lib_a-nano-mallocr.o)
                0x00000000800009e0                _malloc_r
 .text._sbrk_r  0x0000000080000a9c       0x24 ../../libtock-c/newlib/cortex-m/v7-m/libc.a(lib_a-sbrkr.o)
                0x0000000080000a9c                _sbrk_r
 .text.__sread  0x0000000080000ac0       0x22 ../../libtock-c/newlib/cortex-m/v7-m/libc.a(lib_a-stdio.o)
                0x0000000080000ac0                __sread
 .text.__swrite
                0x0000000080000ae2       0x38 ../../libtock-c/newlib/cortex-m/v7-m/libc.a(lib_a-stdio.o)
                0x0000000080000ae2                __swrite
 .text.__sseek  0x0000000080000b1a       0x24 ../../libtock-c/newlib/cortex-m/v7-m/libc.a(lib_a-stdio.o)
                0x0000000080000b1a                __sseek
 .text.__sclose
                0x0000000080000b3e        0x8 ../../libtock-c/newlib/cortex-m/v7-m/libc.a(lib_a-stdio.o)
                0x0000000080000b3e                __sclose
 *fill*         0x0000000080000b46        0x2 ff
 .text._write_r
                0x0000000080000b48       0x28 ../../libtock-c/newlib/cortex-m/v7-m/libc.a(lib_a-writer.o)
                0x0000000080000b48                _write_r
 .text._close_r
                0x0000000080000b70       0x24 ../../libtock-c/newlib/cortex-m/v7-m/libc.a(lib_a-closer.o)
                0x0000000080000b70                _close_r
 .text._fstat_r
                0x0000000080000b94       0x28 ../../libtock-c/newlib/cortex-m/v7-m/libc.a(lib_a-fstatr.o)
                0x0000000080000b94                _fstat_r
 .text._isatty_r
                0x0000000080000bbc       0x24 ../../libtock-c/newlib/cortex-m/v7-m/libc.a(lib_a-isattyr.o)
                0x0000000080000bbc                _isatty_r
 .text._lseek_r
                0x0000000080000be0       0x28 ../../libtock-c/newlib/cortex-m/v7-m/libc.a(lib_a-lseekr.o)
                0x0000000080000be0                _lseek_r
 .text.__malloc_lock
                0x0000000080000c08        0x2 ../../libtock-c/newlib/cortex-m/v7-m/libc.a(lib_a-mlock.o)
                0x0000000080000c08                __malloc_lock
 .text.__malloc_unlock
                0x0000000080000c0a        0x2 ../../libtock-c/newlib/cortex-m/v7-m/libc.a(lib_a-mlock.o)
                0x0000000080000c0a                __malloc_unlock
 .text._read_r  0x0000000080000c0c       0x28 ../../libtock-c/newlib/cortex-m/v7-m/libc.a(lib_a-readr.o)
                0x0000000080000c0c                _read_r
 .text._isatty  0x0000000080000c34        0x8 ../../libtock-c/libtock/build/cortex-m3/libtock.a(sys.o)
                0x0000000080000c34                _isatty
 .text._write   0x0000000080000c3c       0x10 ../../libtock-c/libtock/build/cortex-m3/libtock.a(sys.o)
                0x0000000080000c3c                _write
 .text._close   0x0000000080000c4c        0x6 ../../libtock-c/libtock/build/cortex-m3/libtock.a(sys.o)
                0x0000000080000c4c                _close
 .text._fstat   0x0000000080000c52        0xa ../../libtock-c/libtock/build/cortex-m3/libtock.a(sys.o)
                0x0000000080000c52                _fstat
 .text._lseek   0x0000000080000c5c        0x4 ../../libtock-c/libtock/build/cortex-m3/libtock.a(sys.o)
                0x0000000080000c5c                _lseek
 .text._read    0x0000000080000c60        0x4 ../../libtock-c/libtock/build/cortex-m3/libtock.a(sys.o)
                0x0000000080000c60                _read
 .text._exit    0x0000000080000c64        0x2 ../../libtock-c/libtock/build/cortex-m3/libtock.a(sys.o)
                0x0000000080000c64                _exit
 .text._sbrk    0x0000000080000c66       0x28 ../../libtock-c/libtock/build/cortex-m3/libtock.a(sys.o)
                0x0000000080000c66                _sbrk
 .text.putnstr_async
                0x0000000080000c8e       0x66 ../../libtock-c/libtock/build/cortex-m3/libtock.a(console.o)
                0x0000000080000c8e                putnstr_async
 .text.putnstr  0x0000000080000cf4       0x90 ../../libtock-c/libtock/build/cortex-m3/libtock.a(console.o)
                0x0000000080000cf4                putnstr
 .text.putstr_upcall
                0x0000000080000d84       0x40 ../../libtock-c/libtock/build/cortex-m3/libtock.a(console.o)
 .text.__errno  0x0000000080000dc4       0x10 ../../libtock-c/newlib/cortex-m/v7-m/libc.a(lib_a-errno.o)
                0x0000000080000dc4                __errno
 .text.malloc   0x0000000080000dd4       0x14 ../../libtock-c/newlib/cortex-m/v7-m/libc.a(lib_a-malloc.o)
                0x0000000080000dd4                malloc
 .text.free     0x0000000080000de8       0x14 ../../libtock-c/newlib/cortex-m/v7-m/libc.a(lib_a-malloc.o)
                0x0000000080000de8                free
 .text.strncpy  0x0000000080000dfc       0x26 ../../libtock-c/newlib/cortex-m/v7-m/libc.a(lib_a-strncpy.o)
                0x0000000080000dfc                strncpy
 *(.rodata*)
 .rodata.main.str1.1
                0x0000000080000e22        0xe build/cortex-m3/main.o
 .rodata.__sf_fake_stderr
                0x0000000080000e30       0x20 ../../libtock-c/newlib/cortex-m/v7-m/libc.a(lib_a-findfp.o)
                0x0000000080000e30                __sf_fake_stderr
 .rodata.__sf_fake_stdin
                0x0000000080000e50       0x20 ../../libtock-c/newlib/cortex-m/v7-m/libc.a(lib_a-findfp.o)
                0x0000000080000e50                __sf_fake_stdin
 .rodata.__sf_fake_stdout
                0x0000000080000e70       0x20 ../../libtock-c/newlib/cortex-m/v7-m/libc.a(lib_a-findfp.o)
                0x0000000080000e70                __sf_fake_stdout
 *(.srodata*)
 *(.syscalls)
                0x0000000080000e90                _etext = .
 *(.ARM.extab*)
                0x0000000080000e90                . = ALIGN (0x4)

.glue_7         0x0000000080000e90        0x0
 .glue_7        0x0000000080000e90        0x0 linker stubs

.glue_7t        0x0000000080000e90        0x0
 .glue_7t       0x0000000080000e90        0x0 linker stubs

.vfp11_veneer   0x0000000080000e90        0x0
 .vfp11_veneer  0x0000000080000e90        0x0 linker stubs

.v4_bx          0x0000000080000e90        0x0
 .v4_bx         0x0000000080000e90        0x0 linker stubs

.iplt           0x0000000080000e90        0x0
 .iplt          0x0000000080000e90        0x0 build/cortex-m3/main.o

.rel.dyn        0x0000000080000e90        0x0
 .rel.iplt      0x0000000080000e90        0x0 build/cortex-m3/main.o
 .rel.got       0x0000000080000e90        0x0 build/cortex-m3/main.o

.stack          0x0000000000000000      0x800
                0x0000000000000000                _sram_origin = .
                0x0000000000000000                . = ALIGN (0x10)
                0x0000000000000000                _stack = .
                0x0000000000000800                . = (_stack + STACK_SIZE)
 *fill*         0x0000000000000000      0x800 
                0x0000000000000800                . = ALIGN (0x10)

.got            0x0000000000000800       0x64 load address 0x0000000080000e90
                0x0000000000000800                . = ALIGN (0x4)
                0x0000000000000800                _got = .
 *(.got*)
 .got           0x0000000000000800       0x58 build/cortex-m3/main.o
 .got.plt       0x0000000000000858        0xc build/cortex-m3/main.o
                0x0000000000000858                _GLOBAL_OFFSET_TABLE_
 *(.got.plt*)
                0x0000000000000864                . = ALIGN (0x4)

.data           0x0000000000000864       0x70 load address 0x0000000080000ef4
                0x0000000000000864                . = ALIGN (0x4)
                0x0000000000000864                _data = .
 *(.data*)
 .data          0x0000000000000864        0x0 build/cortex-m3/main.o
 .data          0x0000000000000864        0x0 ../../libtock-c/libtock/build/cortex-m3/libtock.a(crt0.o)
 .data          0x0000000000000864        0x0 ../../libtock-c/libtock/build/cortex-m3/libtock.a(tock.o)
 .data          0x0000000000000864        0x0 ../drivers/build/cortex-m3/drivers.a(example_driver.o)
 .data          0x0000000000000864        0x0 ../../libtock-c/newlib/cortex-m/v7-m/libc.a(lib_a-exit.o)
 .data          0x0000000000000864        0x0 ../../libtock-c/newlib/cortex-m/v7-m/libc.a(lib_a-impure.o)
 .data.rel.impure_data
                0x0000000000000864       0x60 ../../libtock-c/newlib/cortex-m/v7-m/libc.a(lib_a-impure.o)
 .data.rel.local._impure_ptr
                0x00000000000008c4        0x4 ../../libtock-c/newlib/cortex-m/v7-m/libc.a(lib_a-impure.o)
                0x00000000000008c4                _impure_ptr
 .data.rel.ro.local._global_impure_ptr
                0x00000000000008c8        0x4 ../../libtock-c/newlib/cortex-m/v7-m/libc.a(lib_a-impure.o)
                0x00000000000008c8                _global_impure_ptr
 .data          0x00000000000008cc        0x0 ../../libtock-c/newlib/cortex-m/v7-m/libc.a(lib_a-memcpy-stub.o)
 .data          0x00000000000008cc        0x0 ../../libtock-c/newlib/cortex-m/v7-m/libc.a(lib_a-memset.o)
 .data          0x00000000000008cc        0x0 ../../libtock-c/newlib/cortex-m/v7-m/libc.a(lib_a-printf.o)
 .data          0x00000000000008cc        0x0 ../../libtock-c/newlib/cortex-m/v7-m/libc.a(lib_a-puts.o)
 .data          0x00000000000008cc        0x0 ../../libtock-c/newlib/cortex-m/v7-m/libc.a(lib_a-wbuf.o)
 .data          0x00000000000008cc        0x0 ../../libtock-c/newlib/cortex-m/v7-m/libc.a(lib_a-wsetup.o)
 .data          0x00000000000008cc        0x0 ../../libtock-c/newlib/cortex-m/v7-m/libc.a(lib_a-fflush.o)
 .data          0x00000000000008cc        0x0 ../../libtock-c/newlib/cortex-m/v7-m/libc.a(lib_a-findfp.o)
 .data          0x00000000000008cc        0x0 ../../libtock-c/newlib/cortex-m/v7-m/libc.a(lib_a-fwalk.o)
 .data          0x00000000000008cc        0x0 ../../libtock-c/newlib/cortex-m/v7-m/libc.a(lib_a-makebuf.o)
 .data          0x00000000000008cc        0x0 ../../libtock-c/newlib/cortex-m/v7-m/libc.a(lib_a-nano-freer.o)
 .data          0x00000000000008cc        0x0 ../../libtock-c/newlib/cortex-m/v7-m/libc.a(lib_a-nano-mallocr.o)
 .data          0x00000000000008cc        0x0 ../../libtock-c/newlib/cortex-m/v7-m/libc.a(lib_a-nano-vfprintf.o)
 .data          0x00000000000008cc        0x0 ../../libtock-c/newlib/cortex-m/v7-m/libc.a(lib_a-nano-vfprintf_i.o)
 .data          0x00000000000008cc        0x0 ../../libtock-c/newlib/cortex-m/v7-m/libc.a(lib_a-sbrkr.o)
 .data          0x00000000000008cc        0x0 ../../libtock-c/newlib/cortex-m/v7-m/libc.a(lib_a-stdio.o)
 .data          0x00000000000008cc        0x0 ../../libtock-c/newlib/cortex-m/v7-m/libc.a(lib_a-writer.o)
 .data          0x00000000000008cc        0x0 ../../libtock-c/newlib/cortex-m/v7-m/libc.a(lib_a-closer.o)
 .data          0x00000000000008cc        0x0 ../../libtock-c/newlib/cortex-m/v7-m/libc.a(lib_a-fstatr.o)
 .data          0x00000000000008cc        0x0 ../../libtock-c/newlib/cortex-m/v7-m/libc.a(lib_a-fvwrite.o)
 .data          0x00000000000008cc        0x0 ../../libtock-c/newlib/cortex-m/v7-m/libc.a(lib_a-isattyr.o)
 .data          0x00000000000008cc        0x0 ../../libtock-c/newlib/cortex-m/v7-m/libc.a(lib_a-lseekr.o)
 .data          0x00000000000008cc        0x0 ../../libtock-c/newlib/cortex-m/v7-m/libc.a(lib_a-memchr-stub.o)
 .data          0x00000000000008cc        0x0 ../../libtock-c/newlib/cortex-m/v7-m/libc.a(lib_a-memmove.o)
 .data          0x00000000000008cc        0x0 ../../libtock-c/newlib/cortex-m/v7-m/libc.a(lib_a-mlock.o)
 .data          0x00000000000008cc        0x0 ../../libtock-c/newlib/cortex-m/v7-m/libc.a(lib_a-nano-reallocr.o)
 .data          0x00000000000008cc        0x0 ../../libtock-c/newlib/cortex-m/v7-m/libc.a(lib_a-readr.o)
 .data          0x00000000000008cc        0x0 ../../libtock-c/newlib/cortex-m/v7-m/libc.a(lib_a-reent.o)
 .data          0x00000000000008cc        0x0 ../../libtock-c/newlib/cortex-m/v7-m/libc.a(lib_a-nano-msizer.o)
 .data          0x00000000000008cc        0x0 ../../libtock-c/libtock/build/cortex-m3/libtock.a(sys.o)
 .data          0x00000000000008cc        0x0 ../../libtock-c/libtock/build/cortex-m3/libtock.a(console.o)
 .data.getnstr_data
                0x00000000000008cc        0x8 ../../libtock-c/libtock/build/cortex-m3/libtock.a(console.o)
 .data          0x00000000000008d4        0x0 ../../libtock-c/newlib/cortex-m/v7-m/libc.a(lib_a-errno.o)
 .data          0x00000000000008d4        0x0 ../../libtock-c/newlib/cortex-m/v7-m/libc.a(lib_a-malloc.o)
 .data          0x00000000000008d4        0x0 ../../libtock-c/newlib/cortex-m/v7-m/libc.a(lib_a-strncpy.o)
 *(.sdata*)
                0x00000000000008d4                . = ALIGN (0x4)

.igot.plt       0x00000000000008d4        0x0 load address 0x0000000080000f64
 .igot.plt      0x00000000000008d4        0x0 build/cortex-m3/main.o

.bss            0x00000000000008d4      0x160 load address 0x0000000080000f64
                0x00000000000008d4                . = ALIGN (0x4)
                0x00000000000008d4                _bss = .
 *(.bss*)
 .bss           0x00000000000008d4        0x0 build/cortex-m3/main.o
 .bss           0x00000000000008d4        0x0 ../../libtock-c/libtock/build/cortex-m3/libtock.a(crt0.o)
 .bss           0x00000000000008d4        0x0 ../../libtock-c/libtock/build/cortex-m3/libtock.a(tock.o)
 .bss.task_cur  0x00000000000008d4        0x4 ../../libtock-c/libtock/build/cortex-m3/libtock.a(tock.o)
 .bss.task_last
                0x00000000000008d8        0x4 ../../libtock-c/libtock/build/cortex-m3/libtock.a(tock.o)
 .bss.task_queue
                0x00000000000008dc      0x140 ../../libtock-c/libtock/build/cortex-m3/libtock.a(tock.o)
 .bss           0x0000000000000a1c        0x0 ../drivers/build/cortex-m3/drivers.a(example_driver.o)
 .bss           0x0000000000000a1c        0x0 ../../libtock-c/newlib/cortex-m/v7-m/libc.a(lib_a-exit.o)
 .bss           0x0000000000000a1c        0x0 ../../libtock-c/newlib/cortex-m/v7-m/libc.a(lib_a-impure.o)
 .bss           0x0000000000000a1c        0x0 ../../libtock-c/newlib/cortex-m/v7-m/libc.a(lib_a-memcpy-stub.o)
 .bss           0x0000000000000a1c        0x0 ../../libtock-c/newlib/cortex-m/v7-m/libc.a(lib_a-memset.o)
 .bss           0x0000000000000a1c        0x0 ../../libtock-c/newlib/cortex-m/v7-m/libc.a(lib_a-printf.o)
 .bss           0x0000000000000a1c        0x0 ../../libtock-c/newlib/cortex-m/v7-m/libc.a(lib_a-puts.o)
 .bss           0x0000000000000a1c        0x0 ../../libtock-c/newlib/cortex-m/v7-m/libc.a(lib_a-wbuf.o)
 .bss           0x0000000000000a1c        0x0 ../../libtock-c/newlib/cortex-m/v7-m/libc.a(lib_a-wsetup.o)
 .bss           0x0000000000000a1c        0x0 ../../libtock-c/newlib/cortex-m/v7-m/libc.a(lib_a-fflush.o)
 .bss           0x0000000000000a1c        0x0 ../../libtock-c/newlib/cortex-m/v7-m/libc.a(lib_a-findfp.o)
 .bss           0x0000000000000a1c        0x0 ../../libtock-c/newlib/cortex-m/v7-m/libc.a(lib_a-fwalk.o)
 .bss           0x0000000000000a1c        0x0 ../../libtock-c/newlib/cortex-m/v7-m/libc.a(lib_a-makebuf.o)
 .bss           0x0000000000000a1c        0x0 ../../libtock-c/newlib/cortex-m/v7-m/libc.a(lib_a-nano-freer.o)
 .bss           0x0000000000000a1c        0x0 ../../libtock-c/newlib/cortex-m/v7-m/libc.a(lib_a-nano-mallocr.o)
 .bss.__malloc_free_list
                0x0000000000000a1c        0x4 ../../libtock-c/newlib/cortex-m/v7-m/libc.a(lib_a-nano-mallocr.o)
                0x0000000000000a1c                __malloc_free_list
 .bss.__malloc_sbrk_start
                0x0000000000000a20        0x4 ../../libtock-c/newlib/cortex-m/v7-m/libc.a(lib_a-nano-mallocr.o)
                0x0000000000000a20                __malloc_sbrk_start
 .bss           0x0000000000000a24        0x0 ../../libtock-c/newlib/cortex-m/v7-m/libc.a(lib_a-nano-vfprintf.o)
 .bss           0x0000000000000a24        0x0 ../../libtock-c/newlib/cortex-m/v7-m/libc.a(lib_a-nano-vfprintf_i.o)
 .bss           0x0000000000000a24        0x0 ../../libtock-c/newlib/cortex-m/v7-m/libc.a(lib_a-sbrkr.o)
 .bss           0x0000000000000a24        0x0 ../../libtock-c/newlib/cortex-m/v7-m/libc.a(lib_a-stdio.o)
 .bss           0x0000000000000a24        0x0 ../../libtock-c/newlib/cortex-m/v7-m/libc.a(lib_a-writer.o)
 .bss           0x0000000000000a24        0x0 ../../libtock-c/newlib/cortex-m/v7-m/libc.a(lib_a-closer.o)
 .bss           0x0000000000000a24        0x0 ../../libtock-c/newlib/cortex-m/v7-m/libc.a(lib_a-fstatr.o)
 .bss           0x0000000000000a24        0x0 ../../libtock-c/newlib/cortex-m/v7-m/libc.a(lib_a-fvwrite.o)
 .bss           0x0000000000000a24        0x0 ../../libtock-c/newlib/cortex-m/v7-m/libc.a(lib_a-isattyr.o)
 .bss           0x0000000000000a24        0x0 ../../libtock-c/newlib/cortex-m/v7-m/libc.a(lib_a-lseekr.o)
 .bss           0x0000000000000a24        0x0 ../../libtock-c/newlib/cortex-m/v7-m/libc.a(lib_a-memchr-stub.o)
 .bss           0x0000000000000a24        0x0 ../../libtock-c/newlib/cortex-m/v7-m/libc.a(lib_a-memmove.o)
 .bss           0x0000000000000a24        0x0 ../../libtock-c/newlib/cortex-m/v7-m/libc.a(lib_a-mlock.o)
 .bss           0x0000000000000a24        0x0 ../../libtock-c/newlib/cortex-m/v7-m/libc.a(lib_a-nano-reallocr.o)
 .bss           0x0000000000000a24        0x0 ../../libtock-c/newlib/cortex-m/v7-m/libc.a(lib_a-readr.o)
 .bss           0x0000000000000a24        0x0 ../../libtock-c/newlib/cortex-m/v7-m/libc.a(lib_a-reent.o)
 .bss           0x0000000000000a24        0x0 ../../libtock-c/newlib/cortex-m/v7-m/libc.a(lib_a-nano-msizer.o)
 .bss           0x0000000000000a24        0x0 ../../libtock-c/libtock/build/cortex-m3/libtock.a(sys.o)
 .bss.__dso_handle
                0x0000000000000a24        0x4 ../../libtock-c/libtock/build/cortex-m3/libtock.a(sys.o)
                0x0000000000000a24                __dso_handle
 .bss           0x0000000000000a28        0x0 ../../libtock-c/libtock/build/cortex-m3/libtock.a(console.o)
 .bss.putstr_head
                0x0000000000000a28        0x4 ../../libtock-c/libtock/build/cortex-m3/libtock.a(console.o)
 .bss.putstr_tail
                0x0000000000000a2c        0x4 ../../libtock-c/libtock/build/cortex-m3/libtock.a(console.o)
 .bss           0x0000000000000a30        0x0 ../../libtock-c/newlib/cortex-m/v7-m/libc.a(lib_a-errno.o)
 .bss           0x0000000000000a30        0x0 ../../libtock-c/newlib/cortex-m/v7-m/libc.a(lib_a-malloc.o)
 .bss           0x0000000000000a30        0x0 ../../libtock-c/newlib/cortex-m/v7-m/libc.a(lib_a-strncpy.o)
 *(.sbss*)
 *(COMMON)
 COMMON         0x0000000000000a30        0x4 ../../libtock-c/newlib/cortex-m/v7-m/libc.a(lib_a-reent.o)
                0x0000000000000a30                errno
                0x0000000000000a34                . = ALIGN (0x4)

.endflash       0x0000000080000f64        0x0
                [!provide]                        PROVIDE (__exidx_start = .)

.ARM.exidx
 *(.ARM.exidx* .gnu.linkonce.armexidx.*)
                [!provide]                        PROVIDE (__exidx_end = .)
                0x0000000000000001                ASSERT ((_got <= _bss), 
The GOT section must be before the BSS section for crt0 setup to be correct.)
                0x0000000000000001                ASSERT ((_data <= _bss), 
The data section must be before the BSS section for crt0 setup to be correct.)
OUTPUT(build/cortex-m3/cortex-m3.elf elf32-littlearm)
LOAD linker stubs

.GCC.command.line
                0x0000000000000000      0x703
 .GCC.command.line
                0x0000000000000000      0x448 build/cortex-m3/main.o
 .GCC.command.line
                0x0000000000000448       0x5d ../../libtock-c/libtock/build/cortex-m3/libtock.a(crt0.o)
                                        0x478 (size before relaxing)
 .GCC.command.line
                0x00000000000004a5       0x5d ../../libtock-c/libtock/build/cortex-m3/libtock.a(tock.o)
                                        0x478 (size before relaxing)
 .GCC.command.line
                0x0000000000000502      0x143 ../drivers/build/cortex-m3/drivers.a(example_driver.o)
                                        0x467 (size before relaxing)
 .GCC.command.line
                0x0000000000000645       0x5b ../../libtock-c/libtock/build/cortex-m3/libtock.a(sys.o)
                                        0x476 (size before relaxing)
 .GCC.command.line
                0x00000000000006a0       0x63 ../../libtock-c/libtock/build/cortex-m3/libtock.a(console.o)
                                        0x47e (size before relaxing)

.comment        0x0000000000000000       0xac
 .comment       0x0000000000000000       0x33 build/cortex-m3/main.o
                                         0x34 (size before relaxing)
 .comment       0x0000000000000033       0x34 ../../libtock-c/libtock/build/cortex-m3/libtock.a(crt0.o)
 .comment       0x0000000000000033       0x34 ../../libtock-c/libtock/build/cortex-m3/libtock.a(tock.o)
 .comment       0x0000000000000033       0x34 ../drivers/build/cortex-m3/drivers.a(example_driver.o)
 .comment       0x0000000000000033       0x79 ../../libtock-c/newlib/cortex-m/v7-m/libc.a(lib_a-exit.o)
                                         0x7a (size before relaxing)
 .comment       0x00000000000000ac       0x7a ../../libtock-c/newlib/cortex-m/v7-m/libc.a(lib_a-impure.o)
 .comment       0x00000000000000ac       0x7a ../../libtock-c/newlib/cortex-m/v7-m/libc.a(lib_a-memcpy-stub.o)
 .comment       0x00000000000000ac       0x7a ../../libtock-c/newlib/cortex-m/v7-m/libc.a(lib_a-memset.o)
 .comment       0x00000000000000ac       0x7a ../../libtock-c/newlib/cortex-m/v7-m/libc.a(lib_a-printf.o)
 .comment       0x00000000000000ac       0x7a ../../libtock-c/newlib/cortex-m/v7-m/libc.a(lib_a-puts.o)
 .comment       0x00000000000000ac       0x7a ../../libtock-c/newlib/cortex-m/v7-m/libc.a(lib_a-wbuf.o)
 .comment       0x00000000000000ac       0x7a ../../libtock-c/newlib/cortex-m/v7-m/libc.a(lib_a-wsetup.o)
 .comment       0x00000000000000ac       0x7a ../../libtock-c/newlib/cortex-m/v7-m/libc.a(lib_a-fflush.o)
 .comment       0x00000000000000ac       0x7a ../../libtock-c/newlib/cortex-m/v7-m/libc.a(lib_a-findfp.o)
 .comment       0x00000000000000ac       0x7a ../../libtock-c/newlib/cortex-m/v7-m/libc.a(lib_a-fwalk.o)
 .comment       0x00000000000000ac       0x7a ../../libtock-c/newlib/cortex-m/v7-m/libc.a(lib_a-makebuf.o)
 .comment       0x00000000000000ac       0x7a ../../libtock-c/newlib/cortex-m/v7-m/libc.a(lib_a-nano-freer.o)
 .comment       0x00000000000000ac       0x7a ../../libtock-c/newlib/cortex-m/v7-m/libc.a(lib_a-nano-mallocr.o)
 .comment       0x00000000000000ac       0x7a ../../libtock-c/newlib/cortex-m/v7-m/libc.a(lib_a-nano-vfprintf.o)
 .comment       0x00000000000000ac       0x7a ../../libtock-c/newlib/cortex-m/v7-m/libc.a(lib_a-nano-vfprintf_i.o)
 .comment       0x00000000000000ac       0x7a ../../libtock-c/newlib/cortex-m/v7-m/libc.a(lib_a-sbrkr.o)
 .comment       0x00000000000000ac       0x7a ../../libtock-c/newlib/cortex-m/v7-m/libc.a(lib_a-stdio.o)
 .comment       0x00000000000000ac       0x7a ../../libtock-c/newlib/cortex-m/v7-m/libc.a(lib_a-writer.o)
 .comment       0x00000000000000ac       0x7a ../../libtock-c/newlib/cortex-m/v7-m/libc.a(lib_a-closer.o)
 .comment       0x00000000000000ac       0x7a ../../libtock-c/newlib/cortex-m/v7-m/libc.a(lib_a-fstatr.o)
 .comment       0x00000000000000ac       0x7a ../../libtock-c/newlib/cortex-m/v7-m/libc.a(lib_a-fvwrite.o)
 .comment       0x00000000000000ac       0x7a ../../libtock-c/newlib/cortex-m/v7-m/libc.a(lib_a-isattyr.o)
 .comment       0x00000000000000ac       0x7a ../../libtock-c/newlib/cortex-m/v7-m/libc.a(lib_a-lseekr.o)
 .comment       0x00000000000000ac       0x7a ../../libtock-c/newlib/cortex-m/v7-m/libc.a(lib_a-memchr-stub.o)
 .comment       0x00000000000000ac       0x7a ../../libtock-c/newlib/cortex-m/v7-m/libc.a(lib_a-memmove.o)
 .comment       0x00000000000000ac       0x7a ../../libtock-c/newlib/cortex-m/v7-m/libc.a(lib_a-mlock.o)
 .comment       0x00000000000000ac       0x7a ../../libtock-c/newlib/cortex-m/v7-m/libc.a(lib_a-nano-reallocr.o)
 .comment       0x00000000000000ac       0x7a ../../libtock-c/newlib/cortex-m/v7-m/libc.a(lib_a-readr.o)
 .comment       0x00000000000000ac       0x7a ../../libtock-c/newlib/cortex-m/v7-m/libc.a(lib_a-reent.o)
 .comment       0x00000000000000ac       0x7a ../../libtock-c/newlib/cortex-m/v7-m/libc.a(lib_a-nano-msizer.o)
 .comment       0x00000000000000ac       0x34 ../../libtock-c/libtock/build/cortex-m3/libtock.a(sys.o)
 .comment       0x00000000000000ac       0x34 ../../libtock-c/libtock/build/cortex-m3/libtock.a(console.o)
 .comment       0x00000000000000ac       0x7a ../../libtock-c/newlib/cortex-m/v7-m/libc.a(lib_a-errno.o)
 .comment       0x00000000000000ac       0x7a ../../libtock-c/newlib/cortex-m/v7-m/libc.a(lib_a-malloc.o)
 .comment       0x00000000000000ac       0x7a ../../libtock-c/newlib/cortex-m/v7-m/libc.a(lib_a-strncpy.o)

.ARM.attributes
                0x0000000000000000       0x2d
 .ARM.attributes
                0x0000000000000000       0x2d build/cortex-m3/main.o
 .ARM.attributes
                0x000000000000002d       0x2d ../../libtock-c/libtock/build/cortex-m3/libtock.a(crt0.o)
 .ARM.attributes
                0x000000000000005a       0x2d ../../libtock-c/libtock/build/cortex-m3/libtock.a(tock.o)
 .ARM.attributes
                0x0000000000000087       0x2d ../drivers/build/cortex-m3/drivers.a(example_driver.o)
 .ARM.attributes
                0x00000000000000b4       0x2d ../../libtock-c/newlib/cortex-m/v7-m/libc.a(lib_a-exit.o)
 .ARM.attributes
                0x00000000000000e1       0x2d ../../libtock-c/newlib/cortex-m/v7-m/libc.a(lib_a-impure.o)
 .ARM.attributes
                0x000000000000010e       0x2d ../../libtock-c/newlib/cortex-m/v7-m/libc.a(lib_a-memcpy-stub.o)
 .ARM.attributes
                0x000000000000013b       0x2d ../../libtock-c/newlib/cortex-m/v7-m/libc.a(lib_a-memset.o)
 .ARM.attributes
                0x0000000000000168       0x2d ../../libtock-c/newlib/cortex-m/v7-m/libc.a(lib_a-printf.o)
 .ARM.attributes
                0x0000000000000195       0x2d ../../libtock-c/newlib/cortex-m/v7-m/libc.a(lib_a-puts.o)
 .ARM.attributes
                0x00000000000001c2       0x2d ../../libtock-c/newlib/cortex-m/v7-m/libc.a(lib_a-wbuf.o)
 .ARM.attributes
                0x00000000000001ef       0x2d ../../libtock-c/newlib/cortex-m/v7-m/libc.a(lib_a-wsetup.o)
 .ARM.attributes
                0x000000000000021c       0x2d ../../libtock-c/newlib/cortex-m/v7-m/libc.a(lib_a-fflush.o)
 .ARM.attributes
                0x0000000000000249       0x2d ../../libtock-c/newlib/cortex-m/v7-m/libc.a(lib_a-findfp.o)
 .ARM.attributes
                0x0000000000000276       0x2d ../../libtock-c/newlib/cortex-m/v7-m/libc.a(lib_a-fwalk.o)
 .ARM.attributes
                0x00000000000002a3       0x2d ../../libtock-c/newlib/cortex-m/v7-m/libc.a(lib_a-makebuf.o)
 .ARM.attributes
                0x00000000000002d0       0x2d ../../libtock-c/newlib/cortex-m/v7-m/libc.a(lib_a-nano-freer.o)
 .ARM.attributes
                0x00000000000002fd       0x2d ../../libtock-c/newlib/cortex-m/v7-m/libc.a(lib_a-nano-mallocr.o)
 .ARM.attributes
                0x000000000000032a       0x2d ../../libtock-c/newlib/cortex-m/v7-m/libc.a(lib_a-nano-vfprintf.o)
 .ARM.attributes
                0x0000000000000357       0x2d ../../libtock-c/newlib/cortex-m/v7-m/libc.a(lib_a-nano-vfprintf_i.o)
 .ARM.attributes
                0x0000000000000384       0x2d ../../libtock-c/newlib/cortex-m/v7-m/libc.a(lib_a-sbrkr.o)
 .ARM.attributes
                0x00000000000003b1       0x2d ../../libtock-c/newlib/cortex-m/v7-m/libc.a(lib_a-stdio.o)
 .ARM.attributes
                0x00000000000003de       0x2d ../../libtock-c/newlib/cortex-m/v7-m/libc.a(lib_a-writer.o)
 .ARM.attributes
                0x000000000000040b       0x2d ../../libtock-c/newlib/cortex-m/v7-m/libc.a(lib_a-closer.o)
 .ARM.attributes
                0x0000000000000438       0x2d ../../libtock-c/newlib/cortex-m/v7-m/libc.a(lib_a-fstatr.o)
 .ARM.attributes
                0x0000000000000465       0x2d ../../libtock-c/newlib/cortex-m/v7-m/libc.a(lib_a-fvwrite.o)
 .ARM.attributes
                0x0000000000000492       0x2d ../../libtock-c/newlib/cortex-m/v7-m/libc.a(lib_a-isattyr.o)
 .ARM.attributes
                0x00000000000004bf       0x2d ../../libtock-c/newlib/cortex-m/v7-m/libc.a(lib_a-lseekr.o)
 .ARM.attributes
                0x00000000000004ec       0x2d ../../libtock-c/newlib/cortex-m/v7-m/libc.a(lib_a-memchr-stub.o)
 .ARM.attributes
                0x0000000000000519       0x2d ../../libtock-c/newlib/cortex-m/v7-m/libc.a(lib_a-memmove.o)
 .ARM.attributes
                0x0000000000000546       0x2d ../../libtock-c/newlib/cortex-m/v7-m/libc.a(lib_a-mlock.o)
 .ARM.attributes
                0x0000000000000573       0x2d ../../libtock-c/newlib/cortex-m/v7-m/libc.a(lib_a-nano-reallocr.o)
 .ARM.attributes
                0x00000000000005a0       0x2d ../../libtock-c/newlib/cortex-m/v7-m/libc.a(lib_a-readr.o)
 .ARM.attributes
                0x00000000000005cd       0x2d ../../libtock-c/newlib/cortex-m/v7-m/libc.a(lib_a-reent.o)
 .ARM.attributes
                0x00000000000005fa       0x2d ../../libtock-c/newlib/cortex-m/v7-m/libc.a(lib_a-nano-msizer.o)
 .ARM.attributes
                0x0000000000000627       0x2d ../../libtock-c/libtock/build/cortex-m3/libtock.a(sys.o)
 .ARM.attributes
                0x0000000000000654       0x2d ../../libtock-c/libtock/build/cortex-m3/libtock.a(console.o)
 .ARM.attributes
                0x0000000000000681       0x2d ../../libtock-c/newlib/cortex-m/v7-m/libc.a(lib_a-errno.o)
 .ARM.attributes
                0x00000000000006ae       0x2d ../../libtock-c/newlib/cortex-m/v7-m/libc.a(lib_a-malloc.o)
 .ARM.attributes
                0x00000000000006db       0x2d ../../libtock-c/newlib/cortex-m/v7-m/libc.a(lib_a-strncpy.o)

.debug_info     0x0000000000000000    0x1d20a
 .debug_info    0x0000000000000000       0xcb build/cortex-m3/main.o
 .debug_info    0x00000000000000cb      0x47a ../../libtock-c/libtock/build/cortex-m3/libtock.a(crt0.o)
 .debug_info    0x0000000000000545     0x1267 ../../libtock-c/libtock/build/cortex-m3/libtock.a(tock.o)
 .debug_info    0x00000000000017ac       0x9b ../drivers/build/cortex-m3/drivers.a(example_driver.o)
 .debug_info    0x0000000000001847      0x9e7 ../../libtock-c/newlib/cortex-m/v7-m/libc.a(lib_a-exit.o)
 .debug_info    0x000000000000222e      0x92a ../../libtock-c/newlib/cortex-m/v7-m/libc.a(lib_a-impure.o)
 .debug_info    0x0000000000002b58      0xf0c ../../libtock-c/newlib/cortex-m/v7-m/libc.a(lib_a-memcpy-stub.o)
 .debug_info    0x0000000000003a64      0xec5 ../../libtock-c/newlib/cortex-m/v7-m/libc.a(lib_a-memset.o)
 .debug_info    0x0000000000004929      0xc6e ../../libtock-c/newlib/cortex-m/v7-m/libc.a(lib_a-printf.o)
 .debug_info    0x0000000000005597      0xd2b ../../libtock-c/newlib/cortex-m/v7-m/libc.a(lib_a-puts.o)
 .debug_info    0x00000000000062c2      0xc97 ../../libtock-c/newlib/cortex-m/v7-m/libc.a(lib_a-wbuf.o)
 .debug_info    0x0000000000006f59      0xbfa ../../libtock-c/newlib/cortex-m/v7-m/libc.a(lib_a-wsetup.o)
 .debug_info    0x0000000000007b53      0xd64 ../../libtock-c/newlib/cortex-m/v7-m/libc.a(lib_a-fflush.o)
 .debug_info    0x00000000000088b7     0x10b5 ../../libtock-c/newlib/cortex-m/v7-m/libc.a(lib_a-findfp.o)
 .debug_info    0x000000000000996c      0xca4 ../../libtock-c/newlib/cortex-m/v7-m/libc.a(lib_a-fwalk.o)
 .debug_info    0x000000000000a610      0xf55 ../../libtock-c/newlib/cortex-m/v7-m/libc.a(lib_a-makebuf.o)
 .debug_info    0x000000000000b565      0xb59 ../../libtock-c/newlib/cortex-m/v7-m/libc.a(lib_a-nano-freer.o)
 .debug_info    0x000000000000c0be      0xc85 ../../libtock-c/newlib/cortex-m/v7-m/libc.a(lib_a-nano-mallocr.o)
 .debug_info    0x000000000000cd43     0x1708 ../../libtock-c/newlib/cortex-m/v7-m/libc.a(lib_a-nano-vfprintf.o)
 .debug_info    0x000000000000e44b     0x1562 ../../libtock-c/newlib/cortex-m/v7-m/libc.a(lib_a-nano-vfprintf_i.o)
 .debug_info    0x000000000000f9ad      0x9fb ../../libtock-c/newlib/cortex-m/v7-m/libc.a(lib_a-sbrkr.o)
 .debug_info    0x00000000000103a8      0xe6d ../../libtock-c/newlib/cortex-m/v7-m/libc.a(lib_a-stdio.o)
 .debug_info    0x0000000000011215      0xa2d ../../libtock-c/newlib/cortex-m/v7-m/libc.a(lib_a-writer.o)
 .debug_info    0x0000000000011c42      0x9d8 ../../libtock-c/newlib/cortex-m/v7-m/libc.a(lib_a-closer.o)
 .debug_info    0x000000000001261a      0xc24 ../../libtock-c/newlib/cortex-m/v7-m/libc.a(lib_a-fstatr.o)
 .debug_info    0x000000000001323e      0xf0e ../../libtock-c/newlib/cortex-m/v7-m/libc.a(lib_a-fvwrite.o)
 .debug_info    0x000000000001414c      0x9d8 ../../libtock-c/newlib/cortex-m/v7-m/libc.a(lib_a-isattyr.o)
 .debug_info    0x0000000000014b24      0xa0e ../../libtock-c/newlib/cortex-m/v7-m/libc.a(lib_a-lseekr.o)
 .debug_info    0x0000000000015532      0x9a3 ../../libtock-c/newlib/cortex-m/v7-m/libc.a(lib_a-memchr-stub.o)
 .debug_info    0x0000000000015ed5      0xeee ../../libtock-c/newlib/cortex-m/v7-m/libc.a(lib_a-memmove.o)
 .debug_info    0x0000000000016dc3      0x961 ../../libtock-c/newlib/cortex-m/v7-m/libc.a(lib_a-mlock.o)
 .debug_info    0x0000000000017724      0xb96 ../../libtock-c/newlib/cortex-m/v7-m/libc.a(lib_a-nano-reallocr.o)
 .debug_info    0x00000000000182ba      0xa26 ../../libtock-c/newlib/cortex-m/v7-m/libc.a(lib_a-readr.o)
 .debug_info    0x0000000000018ce0      0xb07 ../../libtock-c/newlib/cortex-m/v7-m/libc.a(lib_a-reent.o)
 .debug_info    0x00000000000197e7      0xaa6 ../../libtock-c/newlib/cortex-m/v7-m/libc.a(lib_a-nano-msizer.o)
 .debug_info    0x000000000001a28d      0x6f8 ../../libtock-c/libtock/build/cortex-m3/libtock.a(sys.o)
 .debug_info    0x000000000001a985      0xbe7 ../../libtock-c/libtock/build/cortex-m3/libtock.a(console.o)
 .debug_info    0x000000000001b56c      0x953 ../../libtock-c/newlib/cortex-m/v7-m/libc.a(lib_a-errno.o)
 .debug_info    0x000000000001bebf      0x9b6 ../../libtock-c/newlib/cortex-m/v7-m/libc.a(lib_a-malloc.o)
 .debug_info    0x000000000001c875      0x995 ../../libtock-c/newlib/cortex-m/v7-m/libc.a(lib_a-strncpy.o)

.debug_abbrev   0x0000000000000000     0x5644
 .debug_abbrev  0x0000000000000000       0x7b build/cortex-m3/main.o
 .debug_abbrev  0x000000000000007b      0x184 ../../libtock-c/libtock/build/cortex-m3/libtock.a(crt0.o)
 .debug_abbrev  0x00000000000001ff      0x381 ../../libtock-c/libtock/build/cortex-m3/libtock.a(tock.o)
 .debug_abbrev  0x0000000000000580       0x46 ../drivers/build/cortex-m3/drivers.a(example_driver.o)
 .debug_abbrev  0x00000000000005c6      0x1f6 ../../libtock-c/newlib/cortex-m/v7-m/libc.a(lib_a-exit.o)
 .debug_abbrev  0x00000000000007bc      0x17a ../../libtock-c/newlib/cortex-m/v7-m/libc.a(lib_a-impure.o)
 .debug_abbrev  0x0000000000000936      0x1e3 ../../libtock-c/newlib/cortex-m/v7-m/libc.a(lib_a-memcpy-stub.o)
 .debug_abbrev  0x0000000000000b19      0x1c3 ../../libtock-c/newlib/cortex-m/v7-m/libc.a(lib_a-memset.o)
 .debug_abbrev  0x0000000000000cdc      0x294 ../../libtock-c/newlib/cortex-m/v7-m/libc.a(lib_a-printf.o)
 .debug_abbrev  0x0000000000000f70      0x2e0 ../../libtock-c/newlib/cortex-m/v7-m/libc.a(lib_a-puts.o)
 .debug_abbrev  0x0000000000001250      0x27a ../../libtock-c/newlib/cortex-m/v7-m/libc.a(lib_a-wbuf.o)
 .debug_abbrev  0x00000000000014ca      0x23a ../../libtock-c/newlib/cortex-m/v7-m/libc.a(lib_a-wsetup.o)
 .debug_abbrev  0x0000000000001704      0x2e2 ../../libtock-c/newlib/cortex-m/v7-m/libc.a(lib_a-fflush.o)
 .debug_abbrev  0x00000000000019e6      0x3cf ../../libtock-c/newlib/cortex-m/v7-m/libc.a(lib_a-findfp.o)
 .debug_abbrev  0x0000000000001db5      0x210 ../../libtock-c/newlib/cortex-m/v7-m/libc.a(lib_a-fwalk.o)
 .debug_abbrev  0x0000000000001fc5      0x2f6 ../../libtock-c/newlib/cortex-m/v7-m/libc.a(lib_a-makebuf.o)
 .debug_abbrev  0x00000000000022bb      0x271 ../../libtock-c/newlib/cortex-m/v7-m/libc.a(lib_a-nano-freer.o)
 .debug_abbrev  0x000000000000252c      0x2dc ../../libtock-c/newlib/cortex-m/v7-m/libc.a(lib_a-nano-mallocr.o)
 .debug_abbrev  0x0000000000002808      0x319 ../../libtock-c/newlib/cortex-m/v7-m/libc.a(lib_a-nano-vfprintf.o)
 .debug_abbrev  0x0000000000002b21      0x2b2 ../../libtock-c/newlib/cortex-m/v7-m/libc.a(lib_a-nano-vfprintf_i.o)
 .debug_abbrev  0x0000000000002dd3      0x212 ../../libtock-c/newlib/cortex-m/v7-m/libc.a(lib_a-sbrkr.o)
 .debug_abbrev  0x0000000000002fe5      0x26c ../../libtock-c/newlib/cortex-m/v7-m/libc.a(lib_a-stdio.o)
 .debug_abbrev  0x0000000000003251      0x1ec ../../libtock-c/newlib/cortex-m/v7-m/libc.a(lib_a-writer.o)
 .debug_abbrev  0x000000000000343d      0x1e7 ../../libtock-c/newlib/cortex-m/v7-m/libc.a(lib_a-closer.o)
 .debug_abbrev  0x0000000000003624      0x1fb ../../libtock-c/newlib/cortex-m/v7-m/libc.a(lib_a-fstatr.o)
 .debug_abbrev  0x000000000000381f      0x270 ../../libtock-c/newlib/cortex-m/v7-m/libc.a(lib_a-fvwrite.o)
 .debug_abbrev  0x0000000000003a8f      0x1e7 ../../libtock-c/newlib/cortex-m/v7-m/libc.a(lib_a-isattyr.o)
 .debug_abbrev  0x0000000000003c76      0x1fb ../../libtock-c/newlib/cortex-m/v7-m/libc.a(lib_a-lseekr.o)
 .debug_abbrev  0x0000000000003e71      0x1c3 ../../libtock-c/newlib/cortex-m/v7-m/libc.a(lib_a-memchr-stub.o)
 .debug_abbrev  0x0000000000004034      0x1c8 ../../libtock-c/newlib/cortex-m/v7-m/libc.a(lib_a-memmove.o)
 .debug_abbrev  0x00000000000041fc      0x1c5 ../../libtock-c/newlib/cortex-m/v7-m/libc.a(lib_a-mlock.o)
 .debug_abbrev  0x00000000000043c1      0x24b ../../libtock-c/newlib/cortex-m/v7-m/libc.a(lib_a-nano-reallocr.o)
 .debug_abbrev  0x000000000000460c      0x1e7 ../../libtock-c/newlib/cortex-m/v7-m/libc.a(lib_a-readr.o)
 .debug_abbrev  0x00000000000047f3      0x271 ../../libtock-c/newlib/cortex-m/v7-m/libc.a(lib_a-reent.o)
 .debug_abbrev  0x0000000000004a64      0x1e5 ../../libtock-c/newlib/cortex-m/v7-m/libc.a(lib_a-nano-msizer.o)
 .debug_abbrev  0x0000000000004c49      0x1e3 ../../libtock-c/libtock/build/cortex-m3/libtock.a(sys.o)
 .debug_abbrev  0x0000000000004e2c      0x2ce ../../libtock-c/libtock/build/cortex-m3/libtock.a(console.o)
 .debug_abbrev  0x00000000000050fa      0x198 ../../libtock-c/newlib/cortex-m/v7-m/libc.a(lib_a-errno.o)
 .debug_abbrev  0x0000000000005292      0x1f2 ../../libtock-c/newlib/cortex-m/v7-m/libc.a(lib_a-malloc.o)
 .debug_abbrev  0x0000000000005484      0x1c0 ../../libtock-c/newlib/cortex-m/v7-m/libc.a(lib_a-strncpy.o)

.debug_loc      0x0000000000000000     0x4fec
 .debug_loc     0x0000000000000000       0x20 build/cortex-m3/main.o
 .debug_loc     0x0000000000000020      0x36e ../../libtock-c/libtock/build/cortex-m3/libtock.a(crt0.o)
 .debug_loc     0x000000000000038e      0xe1e ../../libtock-c/libtock/build/cortex-m3/libtock.a(tock.o)
 .debug_loc     0x00000000000011ac       0x22 ../../libtock-c/newlib/cortex-m/v7-m/libc.a(lib_a-exit.o)
 .debug_loc     0x00000000000011ce       0xd9 ../../libtock-c/newlib/cortex-m/v7-m/libc.a(lib_a-memcpy-stub.o)
 .debug_loc     0x00000000000012a7       0x53 ../../libtock-c/newlib/cortex-m/v7-m/libc.a(lib_a-memset.o)
 .debug_loc     0x00000000000012fa       0x71 ../../libtock-c/newlib/cortex-m/v7-m/libc.a(lib_a-printf.o)
 .debug_loc     0x000000000000136b      0x21e ../../libtock-c/newlib/cortex-m/v7-m/libc.a(lib_a-puts.o)
 .debug_loc     0x0000000000001589      0x15b ../../libtock-c/newlib/cortex-m/v7-m/libc.a(lib_a-wbuf.o)
 .debug_loc     0x00000000000016e4       0x66 ../../libtock-c/newlib/cortex-m/v7-m/libc.a(lib_a-wsetup.o)
 .debug_loc     0x000000000000174a      0x2e4 ../../libtock-c/newlib/cortex-m/v7-m/libc.a(lib_a-fflush.o)
 .debug_loc     0x0000000000001a2e      0x261 ../../libtock-c/newlib/cortex-m/v7-m/libc.a(lib_a-findfp.o)
 .debug_loc     0x0000000000001c8f      0x187 ../../libtock-c/newlib/cortex-m/v7-m/libc.a(lib_a-fwalk.o)
 .debug_loc     0x0000000000001e16      0x227 ../../libtock-c/newlib/cortex-m/v7-m/libc.a(lib_a-makebuf.o)
 .debug_loc     0x000000000000203d      0x152 ../../libtock-c/newlib/cortex-m/v7-m/libc.a(lib_a-nano-freer.o)
 .debug_loc     0x000000000000218f      0x374 ../../libtock-c/newlib/cortex-m/v7-m/libc.a(lib_a-nano-mallocr.o)
 .debug_loc     0x0000000000002503      0x642 ../../libtock-c/newlib/cortex-m/v7-m/libc.a(lib_a-nano-vfprintf.o)
 .debug_loc     0x0000000000002b45      0x4f9 ../../libtock-c/newlib/cortex-m/v7-m/libc.a(lib_a-nano-vfprintf_i.o)
 .debug_loc     0x000000000000303e       0x6c ../../libtock-c/newlib/cortex-m/v7-m/libc.a(lib_a-sbrkr.o)
 .debug_loc     0x00000000000030aa      0x345 ../../libtock-c/newlib/cortex-m/v7-m/libc.a(lib_a-stdio.o)
 .debug_loc     0x00000000000033ef       0xd0 ../../libtock-c/newlib/cortex-m/v7-m/libc.a(lib_a-writer.o)
 .debug_loc     0x00000000000034bf       0x6c ../../libtock-c/newlib/cortex-m/v7-m/libc.a(lib_a-closer.o)
 .debug_loc     0x000000000000352b       0x9e ../../libtock-c/newlib/cortex-m/v7-m/libc.a(lib_a-fstatr.o)
 .debug_loc     0x00000000000035c9      0x67e ../../libtock-c/newlib/cortex-m/v7-m/libc.a(lib_a-fvwrite.o)
 .debug_loc     0x0000000000003c47       0x6c ../../libtock-c/newlib/cortex-m/v7-m/libc.a(lib_a-isattyr.o)
 .debug_loc     0x0000000000003cb3       0xd0 ../../libtock-c/newlib/cortex-m/v7-m/libc.a(lib_a-lseekr.o)
 .debug_loc     0x0000000000003d83      0x10f ../../libtock-c/newlib/cortex-m/v7-m/libc.a(lib_a-memchr-stub.o)
 .debug_loc     0x0000000000003e92      0x1b1 ../../libtock-c/newlib/cortex-m/v7-m/libc.a(lib_a-memmove.o)
 .debug_loc     0x0000000000004043      0x18b ../../libtock-c/newlib/cortex-m/v7-m/libc.a(lib_a-nano-reallocr.o)
 .debug_loc     0x00000000000041ce       0xd0 ../../libtock-c/newlib/cortex-m/v7-m/libc.a(lib_a-readr.o)
 .debug_loc     0x000000000000429e      0x138 ../../libtock-c/newlib/cortex-m/v7-m/libc.a(lib_a-reent.o)
 .debug_loc     0x00000000000043d6       0x86 ../../libtock-c/newlib/cortex-m/v7-m/libc.a(lib_a-nano-msizer.o)
 .debug_loc     0x000000000000445c      0x26c ../../libtock-c/libtock/build/cortex-m3/libtock.a(sys.o)
 .debug_loc     0x00000000000046c8      0x7ee ../../libtock-c/libtock/build/cortex-m3/libtock.a(console.o)
 .debug_loc     0x0000000000004eb6       0x64 ../../libtock-c/newlib/cortex-m/v7-m/libc.a(lib_a-malloc.o)
 .debug_loc     0x0000000000004f1a       0xd2 ../../libtock-c/newlib/cortex-m/v7-m/libc.a(lib_a-strncpy.o)

.debug_aranges  0x0000000000000000      0x758
 .debug_aranges
                0x0000000000000000       0x20 build/cortex-m3/main.o
 .debug_aranges
                0x0000000000000020       0x30 ../../libtock-c/libtock/build/cortex-m3/libtock.a(crt0.o)
 .debug_aranges
                0x0000000000000050      0x108 ../../libtock-c/libtock/build/cortex-m3/libtock.a(tock.o)
 .debug_aranges
                0x0000000000000158       0x20 ../drivers/build/cortex-m3/drivers.a(example_driver.o)
 .debug_aranges
                0x0000000000000178       0x20 ../../libtock-c/newlib/cortex-m/v7-m/libc.a(lib_a-exit.o)
 .debug_aranges
                0x0000000000000198       0x18 ../../libtock-c/newlib/cortex-m/v7-m/libc.a(lib_a-impure.o)
 .debug_aranges
                0x00000000000001b0       0x20 ../../libtock-c/newlib/cortex-m/v7-m/libc.a(lib_a-memcpy-stub.o)
 .debug_aranges
                0x00000000000001d0       0x20 ../../libtock-c/newlib/cortex-m/v7-m/libc.a(lib_a-memset.o)
 .debug_aranges
                0x00000000000001f0       0x28 ../../libtock-c/newlib/cortex-m/v7-m/libc.a(lib_a-printf.o)
 .debug_aranges
                0x0000000000000218       0x28 ../../libtock-c/newlib/cortex-m/v7-m/libc.a(lib_a-puts.o)
 .debug_aranges
                0x0000000000000240       0x28 ../../libtock-c/newlib/cortex-m/v7-m/libc.a(lib_a-wbuf.o)
 .debug_aranges
                0x0000000000000268       0x20 ../../libtock-c/newlib/cortex-m/v7-m/libc.a(lib_a-wsetup.o)
 .debug_aranges
                0x0000000000000288       0x30 ../../libtock-c/newlib/cortex-m/v7-m/libc.a(lib_a-fflush.o)
 .debug_aranges
                0x00000000000002b8       0x68 ../../libtock-c/newlib/cortex-m/v7-m/libc.a(lib_a-findfp.o)
 .debug_aranges
                0x0000000000000320       0x28 ../../libtock-c/newlib/cortex-m/v7-m/libc.a(lib_a-fwalk.o)
 .debug_aranges
                0x0000000000000348       0x28 ../../libtock-c/newlib/cortex-m/v7-m/libc.a(lib_a-makebuf.o)
 .debug_aranges
                0x0000000000000370       0x20 ../../libtock-c/newlib/cortex-m/v7-m/libc.a(lib_a-nano-freer.o)
 .debug_aranges
                0x0000000000000390       0x20 ../../libtock-c/newlib/cortex-m/v7-m/libc.a(lib_a-nano-mallocr.o)
 .debug_aranges
                0x00000000000003b0       0x40 ../../libtock-c/newlib/cortex-m/v7-m/libc.a(lib_a-nano-vfprintf.o)
 .debug_aranges
                0x00000000000003f0       0x28 ../../libtock-c/newlib/cortex-m/v7-m/libc.a(lib_a-nano-vfprintf_i.o)
 .debug_aranges
                0x0000000000000418       0x20 ../../libtock-c/newlib/cortex-m/v7-m/libc.a(lib_a-sbrkr.o)
 .debug_aranges
                0x0000000000000438       0x40 ../../libtock-c/newlib/cortex-m/v7-m/libc.a(lib_a-stdio.o)
 .debug_aranges
                0x0000000000000478       0x20 ../../libtock-c/newlib/cortex-m/v7-m/libc.a(lib_a-writer.o)
 .debug_aranges
                0x0000000000000498       0x20 ../../libtock-c/newlib/cortex-m/v7-m/libc.a(lib_a-closer.o)
 .debug_aranges
                0x00000000000004b8       0x20 ../../libtock-c/newlib/cortex-m/v7-m/libc.a(lib_a-fstatr.o)
 .debug_aranges
                0x00000000000004d8       0x20 ../../libtock-c/newlib/cortex-m/v7-m/libc.a(lib_a-fvwrite.o)
 .debug_aranges
                0x00000000000004f8       0x20 ../../libtock-c/newlib/cortex-m/v7-m/libc.a(lib_a-isattyr.o)
 .debug_aranges
                0x0000000000000518       0x20 ../../libtock-c/newlib/cortex-m/v7-m/libc.a(lib_a-lseekr.o)
 .debug_aranges
                0x0000000000000538       0x20 ../../libtock-c/newlib/cortex-m/v7-m/libc.a(lib_a-memchr-stub.o)
 .debug_aranges
                0x0000000000000558       0x20 ../../libtock-c/newlib/cortex-m/v7-m/libc.a(lib_a-memmove.o)
 .debug_aranges
                0x0000000000000578       0x20 ../../libtock-c/newlib/cortex-m/v7-m/libc.a(lib_a-mlock.o)
 .debug_aranges
                0x0000000000000598       0x20 ../../libtock-c/newlib/cortex-m/v7-m/libc.a(lib_a-nano-reallocr.o)
 .debug_aranges
                0x00000000000005b8       0x20 ../../libtock-c/newlib/cortex-m/v7-m/libc.a(lib_a-readr.o)
 .debug_aranges
                0x00000000000005d8       0x28 ../../libtock-c/newlib/cortex-m/v7-m/libc.a(lib_a-reent.o)
 .debug_aranges
                0x0000000000000600       0x20 ../../libtock-c/newlib/cortex-m/v7-m/libc.a(lib_a-nano-msizer.o)
 .debug_aranges
                0x0000000000000620       0x78 ../../libtock-c/libtock/build/cortex-m3/libtock.a(sys.o)
 .debug_aranges
                0x0000000000000698       0x58 ../../libtock-c/libtock/build/cortex-m3/libtock.a(console.o)
 .debug_aranges
                0x00000000000006f0       0x20 ../../libtock-c/newlib/cortex-m/v7-m/libc.a(lib_a-errno.o)
 .debug_aranges
                0x0000000000000710       0x28 ../../libtock-c/newlib/cortex-m/v7-m/libc.a(lib_a-malloc.o)
 .debug_aranges
                0x0000000000000738       0x20 ../../libtock-c/newlib/cortex-m/v7-m/libc.a(lib_a-strncpy.o)

.debug_ranges   0x0000000000000000      0x7c8
 .debug_ranges  0x0000000000000000       0x10 build/cortex-m3/main.o
 .debug_ranges  0x0000000000000010       0x80 ../../libtock-c/libtock/build/cortex-m3/libtock.a(crt0.o)
 .debug_ranges  0x0000000000000090       0xf8 ../../libtock-c/libtock/build/cortex-m3/libtock.a(tock.o)
 .debug_ranges  0x0000000000000188       0x10 ../drivers/build/cortex-m3/drivers.a(example_driver.o)
 .debug_ranges  0x0000000000000198       0x10 ../../libtock-c/newlib/cortex-m/v7-m/libc.a(lib_a-exit.o)
 .debug_ranges  0x00000000000001a8       0x10 ../../libtock-c/newlib/cortex-m/v7-m/libc.a(lib_a-memcpy-stub.o)
 .debug_ranges  0x00000000000001b8       0x10 ../../libtock-c/newlib/cortex-m/v7-m/libc.a(lib_a-memset.o)
 .debug_ranges  0x00000000000001c8       0x18 ../../libtock-c/newlib/cortex-m/v7-m/libc.a(lib_a-printf.o)
 .debug_ranges  0x00000000000001e0       0x68 ../../libtock-c/newlib/cortex-m/v7-m/libc.a(lib_a-puts.o)
 .debug_ranges  0x0000000000000248       0x38 ../../libtock-c/newlib/cortex-m/v7-m/libc.a(lib_a-wbuf.o)
 .debug_ranges  0x0000000000000280       0x40 ../../libtock-c/newlib/cortex-m/v7-m/libc.a(lib_a-wsetup.o)
 .debug_ranges  0x00000000000002c0       0x68 ../../libtock-c/newlib/cortex-m/v7-m/libc.a(lib_a-fflush.o)
 .debug_ranges  0x0000000000000328       0x70 ../../libtock-c/newlib/cortex-m/v7-m/libc.a(lib_a-findfp.o)
 .debug_ranges  0x0000000000000398       0x18 ../../libtock-c/newlib/cortex-m/v7-m/libc.a(lib_a-fwalk.o)
 .debug_ranges  0x00000000000003b0       0x30 ../../libtock-c/newlib/cortex-m/v7-m/libc.a(lib_a-makebuf.o)
 .debug_ranges  0x00000000000003e0       0x10 ../../libtock-c/newlib/cortex-m/v7-m/libc.a(lib_a-nano-freer.o)
 .debug_ranges  0x00000000000003f0       0x48 ../../libtock-c/newlib/cortex-m/v7-m/libc.a(lib_a-nano-mallocr.o)
 .debug_ranges  0x0000000000000438       0x58 ../../libtock-c/newlib/cortex-m/v7-m/libc.a(lib_a-nano-vfprintf.o)
 .debug_ranges  0x0000000000000490       0x90 ../../libtock-c/newlib/cortex-m/v7-m/libc.a(lib_a-nano-vfprintf_i.o)
 .debug_ranges  0x0000000000000520       0x10 ../../libtock-c/newlib/cortex-m/v7-m/libc.a(lib_a-sbrkr.o)
 .debug_ranges  0x0000000000000530       0x30 ../../libtock-c/newlib/cortex-m/v7-m/libc.a(lib_a-stdio.o)
 .debug_ranges  0x0000000000000560       0x10 ../../libtock-c/newlib/cortex-m/v7-m/libc.a(lib_a-writer.o)
 .debug_ranges  0x0000000000000570       0x10 ../../libtock-c/newlib/cortex-m/v7-m/libc.a(lib_a-closer.o)
 .debug_ranges  0x0000000000000580       0x10 ../../libtock-c/newlib/cortex-m/v7-m/libc.a(lib_a-fstatr.o)
 .debug_ranges  0x0000000000000590       0x30 ../../libtock-c/newlib/cortex-m/v7-m/libc.a(lib_a-fvwrite.o)
 .debug_ranges  0x00000000000005c0       0x10 ../../libtock-c/newlib/cortex-m/v7-m/libc.a(lib_a-isattyr.o)
 .debug_ranges  0x00000000000005d0       0x10 ../../libtock-c/newlib/cortex-m/v7-m/libc.a(lib_a-lseekr.o)
 .debug_ranges  0x00000000000005e0       0x10 ../../libtock-c/newlib/cortex-m/v7-m/libc.a(lib_a-memchr-stub.o)
 .debug_ranges  0x00000000000005f0       0x10 ../../libtock-c/newlib/cortex-m/v7-m/libc.a(lib_a-memmove.o)
 .debug_ranges  0x0000000000000600       0x10 ../../libtock-c/newlib/cortex-m/v7-m/libc.a(lib_a-mlock.o)
 .debug_ranges  0x0000000000000610       0x10 ../../libtock-c/newlib/cortex-m/v7-m/libc.a(lib_a-nano-reallocr.o)
 .debug_ranges  0x0000000000000620       0x10 ../../libtock-c/newlib/cortex-m/v7-m/libc.a(lib_a-readr.o)
 .debug_ranges  0x0000000000000630       0x30 ../../libtock-c/newlib/cortex-m/v7-m/libc.a(lib_a-reent.o)
 .debug_ranges  0x0000000000000660       0x10 ../../libtock-c/newlib/cortex-m/v7-m/libc.a(lib_a-nano-msizer.o)
 .debug_ranges  0x0000000000000670       0x68 ../../libtock-c/libtock/build/cortex-m3/libtock.a(sys.o)
 .debug_ranges  0x00000000000006d8       0xb8 ../../libtock-c/libtock/build/cortex-m3/libtock.a(console.o)
 .debug_ranges  0x0000000000000790       0x10 ../../libtock-c/newlib/cortex-m/v7-m/libc.a(lib_a-errno.o)
 .debug_ranges  0x00000000000007a0       0x18 ../../libtock-c/newlib/cortex-m/v7-m/libc.a(lib_a-malloc.o)
 .debug_ranges  0x00000000000007b8       0x10 ../../libtock-c/newlib/cortex-m/v7-m/libc.a(lib_a-strncpy.o)

.debug_line     0x0000000000000000     0x722b
 .debug_line    0x0000000000000000       0x74 build/cortex-m3/main.o
 .debug_line    0x0000000000000074      0x23a ../../libtock-c/libtock/build/cortex-m3/libtock.a(crt0.o)
 .debug_line    0x00000000000002ae      0x885 ../../libtock-c/libtock/build/cortex-m3/libtock.a(tock.o)
 .debug_line    0x0000000000000b33       0x6b ../drivers/build/cortex-m3/drivers.a(example_driver.o)
 .debug_line    0x0000000000000b9e      0x1c8 ../../libtock-c/newlib/cortex-m/v7-m/libc.a(lib_a-exit.o)
 .debug_line    0x0000000000000d66      0x131 ../../libtock-c/newlib/cortex-m/v7-m/libc.a(lib_a-impure.o)
 .debug_line    0x0000000000000e97      0x248 ../../libtock-c/newlib/cortex-m/v7-m/libc.a(lib_a-memcpy-stub.o)
 .debug_line    0x00000000000010df      0x22d ../../libtock-c/newlib/cortex-m/v7-m/libc.a(lib_a-memset.o)
 .debug_line    0x000000000000130c      0x296 ../../libtock-c/newlib/cortex-m/v7-m/libc.a(lib_a-printf.o)
 .debug_line    0x00000000000015a2      0x34d ../../libtock-c/newlib/cortex-m/v7-m/libc.a(lib_a-puts.o)
 .debug_line    0x00000000000018ef      0x2f0 ../../libtock-c/newlib/cortex-m/v7-m/libc.a(lib_a-wbuf.o)
 .debug_line    0x0000000000001bdf      0x325 ../../libtock-c/newlib/cortex-m/v7-m/libc.a(lib_a-wsetup.o)
 .debug_line    0x0000000000001f04      0x45f ../../libtock-c/newlib/cortex-m/v7-m/libc.a(lib_a-fflush.o)
 .debug_line    0x0000000000002363      0x52c ../../libtock-c/newlib/cortex-m/v7-m/libc.a(lib_a-findfp.o)
 .debug_line    0x000000000000288f      0x2e7 ../../libtock-c/newlib/cortex-m/v7-m/libc.a(lib_a-fwalk.o)
 .debug_line    0x0000000000002b76      0x3aa ../../libtock-c/newlib/cortex-m/v7-m/libc.a(lib_a-makebuf.o)
 .debug_line    0x0000000000002f20      0x2ea ../../libtock-c/newlib/cortex-m/v7-m/libc.a(lib_a-nano-freer.o)
 .debug_line    0x000000000000320a      0x38c ../../libtock-c/newlib/cortex-m/v7-m/libc.a(lib_a-nano-mallocr.o)
 .debug_line    0x0000000000003596      0x71c ../../libtock-c/newlib/cortex-m/v7-m/libc.a(lib_a-nano-vfprintf.o)
 .debug_line    0x0000000000003cb2      0x757 ../../libtock-c/newlib/cortex-m/v7-m/libc.a(lib_a-nano-vfprintf_i.o)
 .debug_line    0x0000000000004409      0x1de ../../libtock-c/newlib/cortex-m/v7-m/libc.a(lib_a-sbrkr.o)
 .debug_line    0x00000000000045e7      0x2e8 ../../libtock-c/newlib/cortex-m/v7-m/libc.a(lib_a-stdio.o)
 .debug_line    0x00000000000048cf      0x1d5 ../../libtock-c/newlib/cortex-m/v7-m/libc.a(lib_a-writer.o)
 .debug_line    0x0000000000004aa4      0x1de ../../libtock-c/newlib/cortex-m/v7-m/libc.a(lib_a-closer.o)
 .debug_line    0x0000000000004c82      0x27d ../../libtock-c/newlib/cortex-m/v7-m/libc.a(lib_a-fstatr.o)
 .debug_line    0x0000000000004eff      0x5be ../../libtock-c/newlib/cortex-m/v7-m/libc.a(lib_a-fvwrite.o)
 .debug_line    0x00000000000054bd      0x1df ../../libtock-c/newlib/cortex-m/v7-m/libc.a(lib_a-isattyr.o)
 .debug_line    0x000000000000569c      0x1d5 ../../libtock-c/newlib/cortex-m/v7-m/libc.a(lib_a-lseekr.o)
 .debug_line    0x0000000000005871      0x1d1 ../../libtock-c/newlib/cortex-m/v7-m/libc.a(lib_a-memchr-stub.o)
 .debug_line    0x0000000000005a42      0x26f ../../libtock-c/newlib/cortex-m/v7-m/libc.a(lib_a-memmove.o)
 .debug_line    0x0000000000005cb1      0x199 ../../libtock-c/newlib/cortex-m/v7-m/libc.a(lib_a-mlock.o)
 .debug_line    0x0000000000005e4a      0x234 ../../libtock-c/newlib/cortex-m/v7-m/libc.a(lib_a-nano-reallocr.o)
 .debug_line    0x000000000000607e      0x1d4 ../../libtock-c/newlib/cortex-m/v7-m/libc.a(lib_a-readr.o)
 .debug_line    0x0000000000006252      0x2d3 ../../libtock-c/newlib/cortex-m/v7-m/libc.a(lib_a-reent.o)
 .debug_line    0x0000000000006525      0x1c2 ../../libtock-c/newlib/cortex-m/v7-m/libc.a(lib_a-nano-msizer.o)
 .debug_line    0x00000000000066e7      0x26e ../../libtock-c/libtock/build/cortex-m3/libtock.a(sys.o)
 .debug_line    0x0000000000006955      0x3e0 ../../libtock-c/libtock/build/cortex-m3/libtock.a(console.o)
 .debug_line    0x0000000000006d35      0x156 ../../libtock-c/newlib/cortex-m/v7-m/libc.a(lib_a-errno.o)
 .debug_line    0x0000000000006e8b      0x1cd ../../libtock-c/newlib/cortex-m/v7-m/libc.a(lib_a-malloc.o)
 .debug_line    0x0000000000007058      0x1d3 ../../libtock-c/newlib/cortex-m/v7-m/libc.a(lib_a-strncpy.o)

.debug_str      0x0000000000000000     0x2650
 .debug_str     0x0000000000000000      0x1cf build/cortex-m3/main.o
                                        0x20d (size before relaxing)
 .debug_str     0x00000000000001cf      0x11d ../../libtock-c/libtock/build/cortex-m3/libtock.a(crt0.o)
                                        0x327 (size before relaxing)
 .debug_str     0x00000000000002ec      0x796 ../../libtock-c/libtock/build/cortex-m3/libtock.a(tock.o)
                                        0x9e9 (size before relaxing)
 .debug_str     0x0000000000000a82       0x39 ../drivers/build/cortex-m3/drivers.a(example_driver.o)
                                        0x22c (size before relaxing)
 .debug_str     0x0000000000000abb      0x55c ../../libtock-c/newlib/cortex-m/v7-m/libc.a(lib_a-exit.o)
                                        0x69d (size before relaxing)
 .debug_str     0x0000000000001017       0xb4 ../../libtock-c/newlib/cortex-m/v7-m/libc.a(lib_a-impure.o)
                                        0x651 (size before relaxing)
 .debug_str     0x00000000000010cb      0x33b ../../libtock-c/newlib/cortex-m/v7-m/libc.a(lib_a-memcpy-stub.o)
                                        0x990 (size before relaxing)
 .debug_str     0x0000000000001406       0xaa ../../libtock-c/newlib/cortex-m/v7-m/libc.a(lib_a-memset.o)
                                        0x96a (size before relaxing)
 .debug_str     0x00000000000014b0      0x1de ../../libtock-c/newlib/cortex-m/v7-m/libc.a(lib_a-printf.o)
                                        0x7cb (size before relaxing)
 .debug_str     0x000000000000168e       0x76 ../../libtock-c/newlib/cortex-m/v7-m/libc.a(lib_a-puts.o)
                                        0x7d4 (size before relaxing)
 .debug_str     0x0000000000001704       0x67 ../../libtock-c/newlib/cortex-m/v7-m/libc.a(lib_a-wbuf.o)
                                        0x7da (size before relaxing)
 .debug_str     0x000000000000176b       0x55 ../../libtock-c/newlib/cortex-m/v7-m/libc.a(lib_a-wsetup.o)
                                        0x7d5 (size before relaxing)
 .debug_str     0x00000000000017c0       0x70 ../../libtock-c/newlib/cortex-m/v7-m/libc.a(lib_a-fflush.o)
                                        0x803 (size before relaxing)
 .debug_str     0x0000000000001830      0x182 ../../libtock-c/newlib/cortex-m/v7-m/libc.a(lib_a-findfp.o)
                                        0x913 (size before relaxing)
 .debug_str     0x00000000000019b2       0x4e ../../libtock-c/newlib/cortex-m/v7-m/libc.a(lib_a-fwalk.o)
                                        0x7c7 (size before relaxing)
 .debug_str     0x0000000000001a00      0x16e ../../libtock-c/newlib/cortex-m/v7-m/libc.a(lib_a-makebuf.o)
                                        0x948 (size before relaxing)
 .debug_str     0x0000000000001b6e      0x12d ../../libtock-c/newlib/cortex-m/v7-m/libc.a(lib_a-nano-freer.o)
                                        0x781 (size before relaxing)
 .debug_str     0x0000000000001c9b       0x49 ../../libtock-c/newlib/cortex-m/v7-m/libc.a(lib_a-nano-mallocr.o)
                                        0x7c2 (size before relaxing)
 .debug_str     0x0000000000001ce4      0x15d ../../libtock-c/newlib/cortex-m/v7-m/libc.a(lib_a-nano-vfprintf.o)
                                        0xc5f (size before relaxing)
 .debug_str     0x0000000000001e41       0xa1 ../../libtock-c/newlib/cortex-m/v7-m/libc.a(lib_a-nano-vfprintf_i.o)
                                        0xbdd (size before relaxing)
 .debug_str     0x0000000000001ee2       0x54 ../../libtock-c/newlib/cortex-m/v7-m/libc.a(lib_a-sbrkr.o)
                                        0x694 (size before relaxing)
 .debug_str     0x0000000000001f36       0x9f ../../libtock-c/newlib/cortex-m/v7-m/libc.a(lib_a-stdio.o)
                                        0x81b (size before relaxing)
 .debug_str     0x0000000000001fd5       0x40 ../../libtock-c/newlib/cortex-m/v7-m/libc.a(lib_a-writer.o)
                                        0x691 (size before relaxing)
 .debug_str     0x0000000000002015       0x40 ../../libtock-c/newlib/cortex-m/v7-m/libc.a(lib_a-closer.o)
                                        0x681 (size before relaxing)
 .debug_str     0x0000000000002055       0x4d ../../libtock-c/newlib/cortex-m/v7-m/libc.a(lib_a-fstatr.o)
                                        0x7ef (size before relaxing)
 .debug_str     0x00000000000020a2       0x72 ../../libtock-c/newlib/cortex-m/v7-m/libc.a(lib_a-fvwrite.o)
                                        0x854 (size before relaxing)
 .debug_str     0x0000000000002114       0x49 ../../libtock-c/newlib/cortex-m/v7-m/libc.a(lib_a-isattyr.o)
                                        0x68b (size before relaxing)
 .debug_str     0x000000000000215d       0x47 ../../libtock-c/newlib/cortex-m/v7-m/libc.a(lib_a-lseekr.o)
                                        0x68f (size before relaxing)
 .debug_str     0x00000000000021a4       0x5e ../../libtock-c/newlib/cortex-m/v7-m/libc.a(lib_a-memchr-stub.o)
                                        0x677 (size before relaxing)
 .debug_str     0x0000000000002202       0x4b ../../libtock-c/newlib/cortex-m/v7-m/libc.a(lib_a-memmove.o)
                                        0x985 (size before relaxing)
 .debug_str     0x000000000000224d       0x59 ../../libtock-c/newlib/cortex-m/v7-m/libc.a(lib_a-mlock.o)
                                        0x67d (size before relaxing)
 .debug_str     0x00000000000022a6       0x2c ../../libtock-c/newlib/cortex-m/v7-m/libc.a(lib_a-nano-reallocr.o)
                                        0x787 (size before relaxing)
 .debug_str     0x00000000000022d2       0x3f ../../libtock-c/newlib/cortex-m/v7-m/libc.a(lib_a-readr.o)
                                        0x68f (size before relaxing)
 .debug_str     0x0000000000002311       0x6b ../../libtock-c/newlib/cortex-m/v7-m/libc.a(lib_a-reent.o)
                                        0x68d (size before relaxing)
 .debug_str     0x000000000000237c        0xf ../../libtock-c/newlib/cortex-m/v7-m/libc.a(lib_a-nano-msizer.o)
                                        0x75c (size before relaxing)
 .debug_str     0x000000000000238b       0x7e ../../libtock-c/libtock/build/cortex-m3/libtock.a(sys.o)
                                        0x57c (size before relaxing)
 .debug_str     0x0000000000002409      0x105 ../../libtock-c/libtock/build/cortex-m3/libtock.a(console.o)
                                        0x7a1 (size before relaxing)
 .debug_str     0x000000000000250e       0xa7 ../../libtock-c/newlib/cortex-m/v7-m/libc.a(lib_a-errno.o)
                                        0x663 (size before relaxing)
 .debug_str     0x00000000000025b5       0x4d ../../libtock-c/newlib/cortex-m/v7-m/libc.a(lib_a-malloc.o)
                                        0x682 (size before relaxing)
 .debug_str     0x0000000000002602       0x4e ../../libtock-c/newlib/cortex-m/v7-m/libc.a(lib_a-strncpy.o)
                                        0x673 (size before relaxing)

.debug_frame    0x0000000000000000      0xec4
 .debug_frame   0x0000000000000000       0x28 build/cortex-m3/main.o
 .debug_frame   0x0000000000000028       0x50 ../../libtock-c/libtock/build/cortex-m3/libtock.a(crt0.o)
 .debug_frame   0x0000000000000078      0x310 ../../libtock-c/libtock/build/cortex-m3/libtock.a(tock.o)
 .debug_frame   0x0000000000000388       0x20 ../drivers/build/cortex-m3/drivers.a(example_driver.o)
 .debug_frame   0x00000000000003a8       0x28 ../../libtock-c/newlib/cortex-m/v7-m/libc.a(lib_a-exit.o)
 .debug_frame   0x00000000000003d0       0x28 ../../libtock-c/newlib/cortex-m/v7-m/libc.a(lib_a-memcpy-stub.o)
 .debug_frame   0x00000000000003f8       0x20 ../../libtock-c/newlib/cortex-m/v7-m/libc.a(lib_a-memset.o)
 .debug_frame   0x0000000000000418       0x74 ../../libtock-c/newlib/cortex-m/v7-m/libc.a(lib_a-printf.o)
 .debug_frame   0x000000000000048c       0x3c ../../libtock-c/newlib/cortex-m/v7-m/libc.a(lib_a-puts.o)
 .debug_frame   0x00000000000004c8       0x40 ../../libtock-c/newlib/cortex-m/v7-m/libc.a(lib_a-wbuf.o)
 .debug_frame   0x0000000000000508       0x2c ../../libtock-c/newlib/cortex-m/v7-m/libc.a(lib_a-wsetup.o)
 .debug_frame   0x0000000000000534       0x68 ../../libtock-c/newlib/cortex-m/v7-m/libc.a(lib_a-fflush.o)
 .debug_frame   0x000000000000059c      0x13c ../../libtock-c/newlib/cortex-m/v7-m/libc.a(lib_a-findfp.o)
 .debug_frame   0x00000000000006d8       0x54 ../../libtock-c/newlib/cortex-m/v7-m/libc.a(lib_a-fwalk.o)
 .debug_frame   0x000000000000072c       0x58 ../../libtock-c/newlib/cortex-m/v7-m/libc.a(lib_a-makebuf.o)
 .debug_frame   0x0000000000000784       0x38 ../../libtock-c/newlib/cortex-m/v7-m/libc.a(lib_a-nano-freer.o)
 .debug_frame   0x00000000000007bc       0x30 ../../libtock-c/newlib/cortex-m/v7-m/libc.a(lib_a-nano-mallocr.o)
 .debug_frame   0x00000000000007ec       0xb8 ../../libtock-c/newlib/cortex-m/v7-m/libc.a(lib_a-nano-vfprintf.o)
 .debug_frame   0x00000000000008a4       0x60 ../../libtock-c/newlib/cortex-m/v7-m/libc.a(lib_a-nano-vfprintf_i.o)
 .debug_frame   0x0000000000000904       0x2c ../../libtock-c/newlib/cortex-m/v7-m/libc.a(lib_a-sbrkr.o)
 .debug_frame   0x0000000000000930       0x88 ../../libtock-c/newlib/cortex-m/v7-m/libc.a(lib_a-stdio.o)
 .debug_frame   0x00000000000009b8       0x2c ../../libtock-c/newlib/cortex-m/v7-m/libc.a(lib_a-writer.o)
 .debug_frame   0x00000000000009e4       0x2c ../../libtock-c/newlib/cortex-m/v7-m/libc.a(lib_a-closer.o)
 .debug_frame   0x0000000000000a10       0x2c ../../libtock-c/newlib/cortex-m/v7-m/libc.a(lib_a-fstatr.o)
 .debug_frame   0x0000000000000a3c       0x3c ../../libtock-c/newlib/cortex-m/v7-m/libc.a(lib_a-fvwrite.o)
 .debug_frame   0x0000000000000a78       0x2c ../../libtock-c/newlib/cortex-m/v7-m/libc.a(lib_a-isattyr.o)
 .debug_frame   0x0000000000000aa4       0x2c ../../libtock-c/newlib/cortex-m/v7-m/libc.a(lib_a-lseekr.o)
 .debug_frame   0x0000000000000ad0       0x28 ../../libtock-c/newlib/cortex-m/v7-m/libc.a(lib_a-memchr-stub.o)
 .debug_frame   0x0000000000000af8       0x28 ../../libtock-c/newlib/cortex-m/v7-m/libc.a(lib_a-memmove.o)
 .debug_frame   0x0000000000000b20       0x30 ../../libtock-c/newlib/cortex-m/v7-m/libc.a(lib_a-mlock.o)
 .debug_frame   0x0000000000000b50       0x3c ../../libtock-c/newlib/cortex-m/v7-m/libc.a(lib_a-nano-reallocr.o)
 .debug_frame   0x0000000000000b8c       0x2c ../../libtock-c/newlib/cortex-m/v7-m/libc.a(lib_a-readr.o)
 .debug_frame   0x0000000000000bb8       0x5c ../../libtock-c/newlib/cortex-m/v7-m/libc.a(lib_a-reent.o)
 .debug_frame   0x0000000000000c14       0x20 ../../libtock-c/newlib/cortex-m/v7-m/libc.a(lib_a-nano-msizer.o)
 .debug_frame   0x0000000000000c34       0xf4 ../../libtock-c/libtock/build/cortex-m3/libtock.a(sys.o)
 .debug_frame   0x0000000000000d28      0x124 ../../libtock-c/libtock/build/cortex-m3/libtock.a(console.o)
 .debug_frame   0x0000000000000e4c       0x20 ../../libtock-c/newlib/cortex-m/v7-m/libc.a(lib_a-errno.o)
 .debug_frame   0x0000000000000e6c       0x30 ../../libtock-c/newlib/cortex-m/v7-m/libc.a(lib_a-malloc.o)
 .debug_frame   0x0000000000000e9c       0x28 ../../libtock-c/newlib/cortex-m/v7-m/libc.a(lib_a-strncpy.o)
